64.187.236.19 - - [19/Jun/2020:16:09:45 +0000] "GET /favicon.ico HTTP/1.1" 302 433 "http://marshallcoders.ddns.net/comments/feed/" "Mozilla/5.0 (Macintosh; Intel Mac OS X 10.15; rv:75.0) Gecko/20100101 Firefox/75.0"
172.86.105.61 - - [19/Jun/2020:16:09:45 +0000] "GET /wp-content/themes/amphibious/js/hover-intent.js?ver=r7 HTTP/1.1" 200 1964 "-" "Mozilla/5.0 (Windows NT 10.0; Win64; x64; rv:74.0) Gecko/20100101 Firefox/74.0"
127.0.0.1 - - [19/Jun/2020:16:09:45 +0000] "OPTIONS * HTTP/1.0" 200 126 "-" "Apache/2.4.38 (Debian) PHP/7.3.19 (internal dummy connection)"
172.86.105.61 - - [19/Jun/2020:16:09:45 +0000] "GET /wp-content/themes/amphibious/js/superfish.js?ver=1.7.10 HTTP/1.1" 200 2795 "-" "Mozilla/5.0 (Windows NT 10.0; Win64; x64; rv:74.0) Gecko/20100101 Firefox/74.0"
181.214.199.162 - - [19/Jun/2020:16:09:46 +0000] "GET /category/uncategorized/ HTTP/1.1" 200 4861 "-" "Mozilla/5.0 (Windows NT 10.0; Win64; x64; rv:74.0) Gecko/20100101 Firefox/74.0"
194.105.159.195 - - [19/Jun/2020:16:09:46 +0000] "GET / HTTP/1.1" 200 4778 "https://www.facebook.com" "Mozilla/5.0 (Windows NT 6.1; Win64; x64; rv:75.0) Gecko/20100101 Firefox/75.0"
196.17.89.24 - - [19/Jun/2020:16:09:46 +0000] "GET /comments/feed/ HTTP/1.1" 200 882 "-" "Mozilla/5.0 (Linux; Android 8.1.0; Redmi Note 5) AppleWebKit/537.36 (KHTML, like Gecko) Chrome/77.0.3865.116 Mobile Safari/537.36"
172.86.105.61 - - [19/Jun/2020:16:09:46 +0000] "GET /wp-content/themes/amphibious/js/custom.js?ver=1.0 HTTP/1.1" 200 2599 "-" "Mozilla/5.0 (Windows NT 10.0; Win64; x64; rv:74.0) Gecko/20100101 Firefox/74.0"
172.86.105.61 - - [19/Jun/2020:16:09:46 +0000] "GET /wp-includes/js/jquery/jquery.js?ver=1.12.4-wp HTTP/1.1" 200 34130 "-" "Mozilla/5.0 (Windows NT 10.0; Win64; x64; rv:74.0) Gecko/20100101 Firefox/74.0"
172.86.105.61 - - [19/Jun/2020:16:09:46 +0000] "GET /wp-includes/js/wp-embed.min.js?ver=5.4.2 HTTP/1.1" 200 1118 "-" "Mozilla/5.0 (Windows NT 10.0; Win64; x64; rv:74.0) Gecko/20100101 Firefox/74.0"
107.178.101.113 - - [19/Jun/2020:16:09:46 +0000] "GET /category/uncategorized/ HTTP/1.1" 200 4861 "http://marshallcoders.ddns.net/" "Mozilla/5.0 (iPhone; CPU iPhone OS 13_3 like Mac OS X) AppleWebKit/605.1.15 (KHTML, like Gecko) Version/13.0.4 Mobile/15E148 Safari/604.1"
127.0.0.1 - - [19/Jun/2020:16:09:46 +0000] "OPTIONS * HTTP/1.0" 200 126 "-" "Apache/2.4.38 (Debian) PHP/7.3.19 (internal dummy connection)"
172.86.105.61 - - [19/Jun/2020:16:09:46 +0000] "GET /wp-includes/js/jquery/jquery-migrate.min.js?ver=1.4.1 HTTP/1.1" 200 4365 "-" "Mozilla/5.0 (Windows NT 10.0; Win64; x64; rv:74.0) Gecko/20100101 Firefox/74.0"
172.86.105.61 - - [19/Jun/2020:16:09:47 +0000] "GET /wp-includes/js/wp-emoji-release.min.js?ver=5.4.2 HTTP/1.1" 200 5004 "-" "Mozilla/5.0 (Windows NT 10.0; Win64; x64; rv:74.0) Gecko/20100101 Firefox/74.0"
196.17.89.24 - - [19/Jun/2020:16:09:47 +0000] "GET /favicon.ico HTTP/1.1" 302 432 "-" "Mozilla/5.0 (Linux; Android 8.1.0; Redmi Note 5) AppleWebKit/537.36 (KHTML, like Gecko) Chrome/77.0.3865.116 Mobile Safari/537.36"
172.86.112.229 - - [19/Jun/2020:16:09:47 +0000] "GET /2020/06/18/celebrity-face-recognition-using-transfer-learning/ HTTP/1.1" 200 7574 "-" "Mozilla/5.0 (Windows NT 10.0; Win64; x64) AppleWebKit/537.36 (KHTML, like Gecko) Chrome/80.0.3987.163 Safari/537.36"
172.86.113.87 - - [19/Jun/2020:16:09:47 +0000] "GET /2020/06/18/celebrity-face-recognition-using-transfer-learning/ HTTP/1.1" 200 7574 "-" "Mozilla/5.0 (Windows NT 10.0; Win64; x64; rv:75.0) Gecko/20100101 Firefox/75.0"
127.0.0.1 - - [19/Jun/2020:16:09:47 +0000] "OPTIONS * HTTP/1.0" 200 126 "-" "Apache/2.4.38 (Debian) PHP/7.3.19 (internal dummy connection)"
172.86.112.229 - - [19/Jun/2020:16:09:47 +0000] "GET /wp-content/uploads/2020/06/0PWRxTJ8SlDZiDVEh.jpg HTTP/1.1" 200 81308 "-" "Mozilla/5.0 (Windows NT 10.0; Win64; x64) AppleWebKit/537.36 (KHTML, like Gecko) Chrome/80.0.3987.163 Safari/537.36"
172.86.113.87 - - [19/Jun/2020:16:09:48 +0000] "GET /wp-content/uploads/2020/06/0PWRxTJ8SlDZiDVEh.jpg HTTP/1.1" 200 81308 "-" "Mozilla/5.0 (Windows NT 10.0; Win64; x64; rv:75.0) Gecko/20100101 Firefox/75.0"
127.0.0.1 - - [19/Jun/2020:16:09:48 +0000] "OPTIONS * HTTP/1.0" 200 126 "-" "Apache/2.4.38 (Debian) PHP/7.3.19 (internal dummy connection)"
172.86.112.229 - - [19/Jun/2020:16:09:48 +0000] "GET /wp-includes/js/comment-reply.min.js?ver=5.4.2 HTTP/1.1" 200 1509 "-" "Mozilla/5.0 (Windows NT 10.0; Win64; x64) AppleWebKit/537.36 (KHTML, like Gecko) Chrome/80.0.3987.163 Safari/537.36"
172.86.113.87 - - [19/Jun/2020:16:09:49 +0000] "GET /wp-includes/js/comment-reply.min.js?ver=5.4.2 HTTP/1.1" 200 1509 "-" "Mozilla/5.0 (Windows NT 10.0; Win64; x64; rv:75.0) Gecko/20100101 Firefox/75.0"
127.0.0.1 - - [19/Jun/2020:16:09:49 +0000] "OPTIONS * HTTP/1.0" 200 126 "-" "Apache/2.4.38 (Debian) PHP/7.3.19 (internal dummy connection)"
104.194.136.244 - - [19/Jun/2020:16:09:50 +0000] "GET / HTTP/1.1" 200 4778 "-" "Mozilla/5.0 (Windows NT 10.0; Win64; x64) AppleWebKit/537.36 (KHTML, like Gecko) Chrome/81.0.4044.129 Safari/537.36"
127.0.0.1 - - [19/Jun/2020:16:09:50 +0000] "OPTIONS * HTTP/1.0" 200 126 "-" "Apache/2.4.38 (Debian) PHP/7.3.19 (internal dummy connection)"
127.0.0.1 - - [19/Jun/2020:16:09:51 +0000] "OPTIONS * HTTP/1.0" 200 126 "-" "Apache/2.4.38 (Debian) PHP/7.3.19 (internal dummy connection)"
107.189.21.118 - - [19/Jun/2020:16:09:51 +0000] "GET /wp-content/uploads/2020/06/cropped-untitled-2-1-32x32.png HTTP/1.1" 200 1249 "-" "Mozilla/5.0 (Windows NT 10.0; Win64; x64) AppleWebKit/537.36 (KHTML, like Gecko) Chrome/80.0.3987.163 Safari/537.36"
162.245.6.15 - - [19/Jun/2020:16:09:52 +0000] "GET / HTTP/1.1" 200 4778 "-" "Mozilla/5.0 (Linux; Android 9; SAMSUNG SM-G950F) AppleWebKit/537.36 (KHTML, like Gecko) SamsungBrowser/10.2 Chrome/71.0.3578.99 Mobile Safari/537.36"
127.0.0.1 - - [19/Jun/2020:16:09:52 +0000] "OPTIONS * HTTP/1.0" 200 126 "-" "Apache/2.4.38 (Debian) PHP/7.3.19 (internal dummy connection)"
162.245.6.15 - - [19/Jun/2020:16:09:52 +0000] "GET /wp-includes/css/dist/block-library/style.min.css?ver=5.4.2 HTTP/1.1" 200 7979 "-" "Mozilla/5.0 (Linux; Android 9; SAMSUNG SM-G950F) AppleWebKit/537.36 (KHTML, like Gecko) SamsungBrowser/10.2 Chrome/71.0.3578.99 Mobile Safari/537.36"
162.245.6.15 - - [19/Jun/2020:16:09:53 +0000] "GET /wp-content/themes/amphibious/css/bootstrap-grid.css?ver=5.4.2 HTTP/1.1" 200 8404 "-" "Mozilla/5.0 (Linux; Android 9; SAMSUNG SM-G950F) AppleWebKit/537.36 (KHTML, like Gecko) SamsungBrowser/10.2 Chrome/71.0.3578.99 Mobile Safari/537.36"
162.245.6.15 - - [19/Jun/2020:16:09:53 +0000] "GET /wp-content/themes/amphibious/css/fontawesome-all.css?ver=5.4.2 HTTP/1.1" 200 13248 "-" "Mozilla/5.0 (Linux; Android 9; SAMSUNG SM-G950F) AppleWebKit/537.36 (KHTML, like Gecko) SamsungBrowser/10.2 Chrome/71.0.3578.99 Mobile Safari/537.36"
127.0.0.1 - - [19/Jun/2020:16:09:53 +0000] "OPTIONS * HTTP/1.0" 200 126 "-" "Apache/2.4.38 (Debian) PHP/7.3.19 (internal dummy connection)"
162.245.6.15 - - [19/Jun/2020:16:09:53 +0000] "GET /wp-content/themes/amphibious/style.css?ver=5.4.2 HTTP/1.1" 200 15937 "-" "Mozilla/5.0 (Linux; Android 9; SAMSUNG SM-G950F) AppleWebKit/537.36 (KHTML, like Gecko) SamsungBrowser/10.2 Chrome/71.0.3578.99 Mobile Safari/537.36"
162.245.6.15 - - [19/Jun/2020:16:09:54 +0000] "GET /wp-includes/js/jquery/jquery.js?ver=1.12.4-wp HTTP/1.1" 200 34129 "-" "Mozilla/5.0 (Linux; Android 9; SAMSUNG SM-G950F) AppleWebKit/537.36 (KHTML, like Gecko) SamsungBrowser/10.2 Chrome/71.0.3578.99 Mobile Safari/537.36"
127.0.0.1 - - [19/Jun/2020:16:09:54 +0000] "OPTIONS * HTTP/1.0" 200 126 "-" "Apache/2.4.38 (Debian) PHP/7.3.19 (internal dummy connection)"
162.245.6.15 - - [19/Jun/2020:16:09:54 +0000] "GET /wp-includes/js/jquery/jquery-migrate.min.js?ver=1.4.1 HTTP/1.1" 200 4365 "-" "Mozilla/5.0 (Linux; Android 9; SAMSUNG SM-G950F) AppleWebKit/537.36 (KHTML, like Gecko) SamsungBrowser/10.2 Chrome/71.0.3578.99 Mobile Safari/537.36"
162.245.6.15 - - [19/Jun/2020:16:09:55 +0000] "GET /wp-content/themes/amphibious/js/enquire.js?ver=2.1.6 HTTP/1.1" 200 3321 "-" "Mozilla/5.0 (Linux; Android 9; SAMSUNG SM-G950F) AppleWebKit/537.36 (KHTML, like Gecko) SamsungBrowser/10.2 Chrome/71.0.3578.99 Mobile Safari/537.36"
162.245.6.15 - - [19/Jun/2020:16:09:55 +0000] "GET /wp-content/themes/amphibious/js/fitvids.js?ver=1.1 HTTP/1.1" 200 1692 "-" "Mozilla/5.0 (Linux; Android 9; SAMSUNG SM-G950F) AppleWebKit/537.36 (KHTML, like Gecko) SamsungBrowser/10.2 Chrome/71.0.3578.99 Mobile Safari/537.36"
127.0.0.1 - - [19/Jun/2020:16:09:55 +0000] "OPTIONS * HTTP/1.0" 200 126 "-" "Apache/2.4.38 (Debian) PHP/7.3.19 (internal dummy connection)"
162.245.6.15 - - [19/Jun/2020:16:09:55 +0000] "GET /wp-content/themes/amphibious/js/hover-intent.js?ver=r7 HTTP/1.1" 200 1964 "-" "Mozilla/5.0 (Linux; Android 9; SAMSUNG SM-G950F) AppleWebKit/537.36 (KHTML, like Gecko) SamsungBrowser/10.2 Chrome/71.0.3578.99 Mobile Safari/537.36"
196.17.74.94 - - [19/Jun/2020:16:09:55 +0000] "GET /2020/06/18/the-one-click-process-to-automate-any-application-from-commit-to-deployment-using-docker/ HTTP/1.1" 200 7971 "-" "Mozilla/5.0 (Windows NT 10.0; Win64; x64; rv:75.0) Gecko/20100101 Firefox/75.0"
104.194.136.146 - - [19/Jun/2020:16:09:56 +0000] "GET /wp-login.php HTTP/1.1" 200 2266 "-" "Mozilla/5.0 (Macintosh; Intel Mac OS X 10_14_6) AppleWebKit/537.36 (KHTML, like Gecko) Chrome/81.0.4044.122 Safari/537.36"
127.0.0.1 - - [19/Jun/2020:16:09:56 +0000] "OPTIONS * HTTP/1.0" 200 126 "-" "Apache/2.4.38 (Debian) PHP/7.3.19 (internal dummy connection)"
196.16.70.114 - - [19/Jun/2020:16:09:56 +0000] "GET /wp-content/uploads/2020/06/cropped-untitled-2-1-32x32.png HTTP/1.1" 200 1249 "-" "Mozilla/5.0 (Windows NT 10.0; Win64; x64) AppleWebKit/537.36 (KHTML, like Gecko) Chrome/81.0.4044.122 Safari/537.36"
104.194.136.146 - - [19/Jun/2020:16:09:57 +0000] "GET /wp-includes/css/dashicons.min.css?ver=5.4.2 HTTP/1.1" 200 28819 "-" "Mozilla/5.0 (Macintosh; Intel Mac OS X 10_14_6) AppleWebKit/537.36 (KHTML, like Gecko) Chrome/81.0.4044.122 Safari/537.36"
104.194.136.146 - - [19/Jun/2020:16:09:57 +0000] "GET /wp-includes/css/buttons.min.css?ver=5.4.2 HTTP/1.1" 200 1796 "-" "Mozilla/5.0 (Macintosh; Intel Mac OS X 10_14_6) AppleWebKit/537.36 (KHTML, like Gecko) Chrome/81.0.4044.122 Safari/537.36"
104.194.136.146 - - [19/Jun/2020:16:09:57 +0000] "GET /wp-admin/css/forms.min.css?ver=5.4.2 HTTP/1.1" 200 6344 "-" "Mozilla/5.0 (Macintosh; Intel Mac OS X 10_14_6) AppleWebKit/537.36 (KHTML, like Gecko) Chrome/81.0.4044.122 Safari/537.36"
196.17.74.94 - - [19/Jun/2020:16:09:57 +0000] "GET /wp-includes/js/comment-reply.min.js?ver=5.4.2 HTTP/1.1" 200 1509 "-" "Mozilla/5.0 (Windows NT 10.0; Win64; x64; rv:75.0) Gecko/20100101 Firefox/75.0"
162.245.6.15 - - [19/Jun/2020:16:09:57 +0000] "GET /wp-includes/js/wp-embed.min.js?ver=5.4.2 HTTP/1.1" 200 1118 "-" "Mozilla/5.0 (Linux; Android 9; SAMSUNG SM-G950F) AppleWebKit/537.36 (KHTML, like Gecko) SamsungBrowser/10.2 Chrome/71.0.3578.99 Mobile Safari/537.36"
148.163.78.161 - - [19/Jun/2020:16:09:57 +0000] "GET /2020/06/18/the-one-click-process-to-automate-any-application-from-commit-to-deployment-using-docker/ HTTP/1.1" 200 7971 "http://marshallcoders.ddns.net/" "Mozilla/5.0 (Windows NT 10.0; Win64; x64) AppleWebKit/537.36 (KHTML, like Gecko) Chrome/81.0.4044.122 Safari/537.36"
104.194.136.146 - - [19/Jun/2020:16:09:58 +0000] "GET /wp-admin/css/login.min.css?ver=5.4.2 HTTP/1.1" 200 2235 "-" "Mozilla/5.0 (Macintosh; Intel Mac OS X 10_14_6) AppleWebKit/537.36 (KHTML, like Gecko) Chrome/81.0.4044.122 Safari/537.36"
104.194.136.146 - - [19/Jun/2020:16:09:58 +0000] "GET /wp-admin/css/l10n.min.css?ver=5.4.2 HTTP/1.1" 200 1021 "-" "Mozilla/5.0 (Macintosh; Intel Mac OS X 10_14_6) AppleWebKit/537.36 (KHTML, like Gecko) Chrome/81.0.4044.122 Safari/537.36"
104.194.136.146 - - [19/Jun/2020:16:09:58 +0000] "GET /wp-includes/js/zxcvbn-async.min.js?ver=1.0 HTTP/1.1" 200 607 "-" "Mozilla/5.0 (Macintosh; Intel Mac OS X 10_14_6) AppleWebKit/537.36 (KHTML, like Gecko) Chrome/81.0.4044.122 Safari/537.36"
185.199.118.186 - - [19/Jun/2020:16:09:58 +0000] "GET /wp-content/uploads/2020/06/cropped-untitled-2-1-32x32.png HTTP/1.1" 200 1249 "-" "Mozilla/5.0 (iPhone; CPU iPhone OS 13_3_1 like Mac OS X) AppleWebKit/605.1.15 (KHTML, like Gecko) Version/13.0.5 Mobile/15E148 Safari/604.1"
172.86.113.87 - - [19/Jun/2020:16:09:59 +0000] "GET /comments/feed/ HTTP/1.1" 200 882 "-" "Mozilla/5.0 (iPhone; CPU iPhone OS 13_1_3 like Mac OS X) AppleWebKit/605.1.15 (KHTML, like Gecko) Version/13.0.1 Mobile/15E148 Safari/604.1"
162.245.6.15 - - [19/Jun/2020:16:09:59 +0000] "GET /wp-includes/js/wp-emoji-release.min.js?ver=5.4.2 HTTP/1.1" 200 5004 "-" "Mozilla/5.0 (Linux; Android 9; SAMSUNG SM-G950F) AppleWebKit/537.36 (KHTML, like Gecko) SamsungBrowser/10.2 Chrome/71.0.3578.99 Mobile Safari/537.36"
172.86.113.87 - - [19/Jun/2020:16:09:59 +0000] "GET /favicon.ico HTTP/1.1" 302 432 "-" "Mozilla/5.0 (iPhone; CPU iPhone OS 13_1_3 like Mac OS X) AppleWebKit/605.1.15 (KHTML, like Gecko) Version/13.0.1 Mobile/15E148 Safari/604.1"
104.194.152.149 - - [19/Jun/2020:16:10:00 +0000] "GET / HTTP/1.1" 200 4778 "-" "Mozilla/5.0 (Macintosh; Intel Mac OS X 10_15_3) AppleWebKit/537.36 (KHTML, like Gecko) Chrome/80.0.3987.163 Safari/537.36"
162.245.6.15 - - [19/Jun/2020:16:10:00 +0000] "GET /wp-content/themes/amphibious/webfonts/fa-solid-900.woff2 HTTP/1.1" 200 76373 "-" "Mozilla/5.0 (Linux; Android 9; SAMSUNG SM-G950F) AppleWebKit/537.36 (KHTML, like Gecko) SamsungBrowser/10.2 Chrome/71.0.3578.99 Mobile Safari/537.36"
162.245.6.15 - - [19/Jun/2020:16:10:00 +0000] "GET /wp-content/themes/amphibious/js/superfish.js?ver=1.7.10 HTTP/1.1" 200 2795 "-" "Mozilla/5.0 (Linux; Android 9; SAMSUNG SM-G950F) AppleWebKit/537.36 (KHTML, like Gecko) SamsungBrowser/10.2 Chrome/71.0.3578.99 Mobile Safari/537.36"
148.163.78.161 - - [19/Jun/2020:16:10:00 +0000] "GET /wp-includes/js/comment-reply.min.js?ver=5.4.2 HTTP/1.1" 200 1510 "http://marshallcoders.ddns.net/2020/06/18/the-one-click-process-to-automate-any-application-from-commit-to-deployment-using-docker/" "Mozilla/5.0 (Windows NT 10.0; Win64; x64) AppleWebKit/537.36 (KHTML, like Gecko) Chrome/81.0.4044.122 Safari/537.36"
127.0.0.1 - - [19/Jun/2020:16:10:03 +0000] "OPTIONS * HTTP/1.0" 200 126 "-" "Apache/2.4.38 (Debian) PHP/7.3.19 (internal dummy connection)"
144.172.97.17 - - [19/Jun/2020:16:10:03 +0000] "GET /category/uncategorized/ HTTP/1.1" 200 4861 "-" "Mozilla/5.0 (Windows NT 10.0; Win64; x64) AppleWebKit/537.36 (KHTML, like Gecko) Chrome/81.0.4044.122 Safari/537.36"
23.250.74.77 - - [19/Jun/2020:16:10:04 +0000] "GET /about/ HTTP/1.1" 200 4363 "-" "Mozilla/5.0 (X11; Linux x86_64) AppleWebKit/537.36 (KHTML, like Gecko) Chrome/80.0.3987.163 Safari/537.36"
104.194.136.146 - - [19/Jun/2020:16:10:04 +0000] "GET /wp-includes/js/wp-util.min.js?ver=5.4.2 HTTP/1.1" 200 941 "-" "Mozilla/5.0 (Macintosh; Intel Mac OS X 10_14_6) AppleWebKit/537.36 (KHTML, like Gecko) Chrome/81.0.4044.122 Safari/537.36"
104.194.136.146 - - [19/Jun/2020:16:10:04 +0000] "GET /wp-includes/js/underscore.min.js?ver=1.8.3 HTTP/1.1" 200 6057 "-" "Mozilla/5.0 (Macintosh; Intel Mac OS X 10_14_6) AppleWebKit/537.36 (KHTML, like Gecko) Chrome/81.0.4044.122 Safari/537.36"
104.194.136.146 - - [19/Jun/2020:16:10:04 +0000] "GET /wp-admin/js/password-strength-meter.min.js?ver=5.4.2 HTTP/1.1" 200 828 "-" "Mozilla/5.0 (Macintosh; Intel Mac OS X 10_14_6) AppleWebKit/537.36 (KHTML, like Gecko) Chrome/81.0.4044.122 Safari/537.36"
104.194.136.146 - - [19/Jun/2020:16:10:04 +0000] "GET /wp-admin/js/user-profile.min.js?ver=5.4.2 HTTP/1.1" 200 2452 "-" "Mozilla/5.0 (Macintosh; Intel Mac OS X 10_14_6) AppleWebKit/537.36 (KHTML, like Gecko) Chrome/81.0.4044.122 Safari/537.36"
104.194.136.146 - - [19/Jun/2020:16:10:05 +0000] "GET /wp-admin/images/wordpress-logo.svg?ver=20131107 HTTP/1.1" 200 1811 "-" "Mozilla/5.0 (Macintosh; Intel Mac OS X 10_14_6) AppleWebKit/537.36 (KHTML, like Gecko) Chrome/81.0.4044.122 Safari/537.36"
144.172.85.143 - - [19/Jun/2020:16:10:05 +0000] "GET / HTTP/1.1" 200 4778 "-" "Mozilla/5.0 (Windows NT 10.0; Win64; x64) AppleWebKit/537.36 (KHTML, like Gecko) Chrome/80.0.3987.149 Safari/537.36"
107.189.18.121 - - [19/Jun/2020:16:10:06 +0000] "GET /wp-content/uploads/2020/06/cropped-untitled-2-1-32x32.png HTTP/1.1" 200 1249 "-" "Mozilla/5.0 (X11; Linux x86_64) AppleWebKit/537.36 (KHTML, like Gecko) Chrome/80.0.3987.163 Safari/537.36"
168.91.14.191 - - [19/Jun/2020:16:10:06 +0000] "GET /wp-content/uploads/2020/06/cropped-untitled-2-1-32x32.png HTTP/1.1" 200 1193 "http://marshallcoders.ddns.net/" "Mozilla/5.0 (Windows NT 10.0; Win64; x64) AppleWebKit/537.36 (KHTML, like Gecko) Chrome/80.0.3987.163 Safari/537.36"
104.194.136.146 - - [19/Jun/2020:16:10:05 +0000] "GET /wp-includes/js/zxcvbn.min.js HTTP/1.1" 200 400400 "-" "Mozilla/5.0 (Macintosh; Intel Mac OS X 10_14_6) AppleWebKit/537.36 (KHTML, like Gecko) Chrome/81.0.4044.122 Safari/537.36"
64.187.236.34 - - [19/Jun/2020:16:10:06 +0000] "GET / HTTP/1.1" 200 4778 "https://www.facebook.com" "Mozilla/5.0 (X11; Ubuntu; Linux x86_64; rv:75.0) Gecko/20100101 Firefox/75.0"
64.187.236.34 - - [19/Jun/2020:16:10:07 +0000] "GET /wp-content/themes/amphibious/style.css?ver=5.4.2 HTTP/1.1" 200 15937 "http://marshallcoders.ddns.net/" "Mozilla/5.0 (X11; Ubuntu; Linux x86_64; rv:75.0) Gecko/20100101 Firefox/75.0"
64.187.236.34 - - [19/Jun/2020:16:10:07 +0000] "GET /wp-includes/css/dist/block-library/style.min.css?ver=5.4.2 HTTP/1.1" 200 7980 "http://marshallcoders.ddns.net/" "Mozilla/5.0 (X11; Ubuntu; Linux x86_64; rv:75.0) Gecko/20100101 Firefox/75.0"
64.187.236.34 - - [19/Jun/2020:16:10:07 +0000] "GET /wp-content/themes/amphibious/css/bootstrap-grid.css?ver=5.4.2 HTTP/1.1" 200 8405 "http://marshallcoders.ddns.net/" "Mozilla/5.0 (X11; Ubuntu; Linux x86_64; rv:75.0) Gecko/20100101 Firefox/75.0"
64.187.236.34 - - [19/Jun/2020:16:10:07 +0000] "GET /wp-content/themes/amphibious/css/fontawesome-all.css?ver=5.4.2 HTTP/1.1" 200 13249 "http://marshallcoders.ddns.net/" "Mozilla/5.0 (X11; Ubuntu; Linux x86_64; rv:75.0) Gecko/20100101 Firefox/75.0"
64.187.236.34 - - [19/Jun/2020:16:10:07 +0000] "GET /wp-includes/js/jquery/jquery.js?ver=1.12.4-wp HTTP/1.1" 200 34130 "http://marshallcoders.ddns.net/" "Mozilla/5.0 (X11; Ubuntu; Linux x86_64; rv:75.0) Gecko/20100101 Firefox/75.0"
168.91.14.191 - - [19/Jun/2020:16:10:07 +0000] "GET /about/ HTTP/1.1" 200 4307 "http://marshallcoders.ddns.net/" "Mozilla/5.0 (Windows NT 10.0; Win64; x64) AppleWebKit/537.36 (KHTML, like Gecko) Chrome/80.0.3987.163 Safari/537.36"
64.187.236.34 - - [19/Jun/2020:16:10:08 +0000] "GET /wp-includes/js/jquery/jquery-migrate.min.js?ver=1.4.1 HTTP/1.1" 200 4366 "http://marshallcoders.ddns.net/" "Mozilla/5.0 (X11; Ubuntu; Linux x86_64; rv:75.0) Gecko/20100101 Firefox/75.0"
64.187.236.34 - - [19/Jun/2020:16:10:08 +0000] "GET /wp-content/themes/amphibious/js/hover-intent.js?ver=r7 HTTP/1.1" 200 1964 "http://marshallcoders.ddns.net/" "Mozilla/5.0 (X11; Ubuntu; Linux x86_64; rv:75.0) Gecko/20100101 Firefox/75.0"
64.187.236.34 - - [19/Jun/2020:16:10:08 +0000] "GET /wp-content/themes/amphibious/js/superfish.js?ver=1.7.10 HTTP/1.1" 200 2795 "http://marshallcoders.ddns.net/" "Mozilla/5.0 (X11; Ubuntu; Linux x86_64; rv:75.0) Gecko/20100101 Firefox/75.0"
64.187.236.34 - - [19/Jun/2020:16:10:08 +0000] "GET /wp-content/themes/amphibious/js/custom.js?ver=1.0 HTTP/1.1" 200 2599 "http://marshallcoders.ddns.net/" "Mozilla/5.0 (X11; Ubuntu; Linux x86_64; rv:75.0) Gecko/20100101 Firefox/75.0"
64.187.236.34 - - [19/Jun/2020:16:10:08 +0000] "GET /wp-includes/js/wp-embed.min.js?ver=5.4.2 HTTP/1.1" 200 1118 "http://marshallcoders.ddns.net/" "Mozilla/5.0 (X11; Ubuntu; Linux x86_64; rv:75.0) Gecko/20100101 Firefox/75.0"
104.249.5.250 - - [19/Jun/2020:16:10:08 +0000] "GET / HTTP/1.1" 200 4778 "-" "Mozilla/5.0 (Windows NT 10.0; Win64; x64) AppleWebKit/537.36 (KHTML, like Gecko) Chrome/80.0.3987.163 Safari/537.36"
64.187.236.34 - - [19/Jun/2020:16:10:09 +0000] "GET /wp-includes/js/wp-emoji-release.min.js?ver=5.4.2 HTTP/1.1" 200 5004 "http://marshallcoders.ddns.net/" "Mozilla/5.0 (X11; Ubuntu; Linux x86_64; rv:75.0) Gecko/20100101 Firefox/75.0"
64.187.236.34 - - [19/Jun/2020:16:10:09 +0000] "GET /wp-content/themes/amphibious/js/enquire.js?ver=2.1.6 HTTP/1.1" 200 3322 "http://marshallcoders.ddns.net/" "Mozilla/5.0 (X11; Ubuntu; Linux x86_64; rv:75.0) Gecko/20100101 Firefox/75.0"
104.249.5.250 - - [19/Jun/2020:16:10:09 +0000] "GET /wp-includes/css/dist/block-library/style.min.css?ver=5.4.2 HTTP/1.1" 200 7979 "-" "Mozilla/5.0 (Windows NT 10.0; Win64; x64) AppleWebKit/537.36 (KHTML, like Gecko) Chrome/80.0.3987.163 Safari/537.36"
64.187.236.34 - - [19/Jun/2020:16:10:09 +0000] "GET /wp-content/themes/amphibious/js/fitvids.js?ver=1.1 HTTP/1.1" 200 1693 "http://marshallcoders.ddns.net/" "Mozilla/5.0 (X11; Ubuntu; Linux x86_64; rv:75.0) Gecko/20100101 Firefox/75.0"
64.187.236.34 - - [19/Jun/2020:16:10:09 +0000] "GET /wp-content/themes/amphibious/webfonts/fa-solid-900.woff2 HTTP/1.1" 200 76373 "http://marshallcoders.ddns.net/wp-content/themes/amphibious/css/fontawesome-all.css?ver=5.4.2" "Mozilla/5.0 (X11; Ubuntu; Linux x86_64; rv:75.0) Gecko/20100101 Firefox/75.0"
104.249.5.250 - - [19/Jun/2020:16:10:09 +0000] "GET /wp-content/themes/amphibious/js/enquire.js?ver=2.1.6 HTTP/1.1" 200 3321 "-" "Mozilla/5.0 (Windows NT 10.0; Win64; x64) AppleWebKit/537.36 (KHTML, like Gecko) Chrome/80.0.3987.163 Safari/537.36"
193.109.221.110 - - [19/Jun/2020:16:10:09 +0000] "GET /2020/06/18/the-one-click-process-to-automate-any-application-from-commit-to-deployment-using-docker/ HTTP/1.1" 200 7971 "http://marshallcoders.ddns.net/" "Mozilla/5.0 (Linux; Android 9; SM-A600FN) AppleWebKit/537.36 (KHTML, like Gecko) Chrome/78.0.3904.96 Mobile Safari/537.36"
107.189.23.187 - - [19/Jun/2020:16:10:09 +0000] "GET /2020/06/18/the-one-click-process-to-automate-any-application-from-commit-to-deployment-using-docker/ HTTP/1.1" 200 7971 "-" "Mozilla/5.0 (iPhone; CPU iPhone OS 12_3 like Mac OS X) AppleWebKit/605.1.15 (KHTML, like Gecko) CriOS/77.0.3865.103 Mobile/15E148 Safari/605.1"
196.16.249.220 - - [19/Jun/2020:16:10:09 +0000] "GET / HTTP/1.1" 200 4778 "-" "Mozilla/5.0 (Linux; Android 9; SM-A600FN) AppleWebKit/537.36 (KHTML, like Gecko) Chrome/78.0.3904.96 Mobile Safari/537.36"
144.172.105.63 - - [19/Jun/2020:16:10:09 +0000] "GET /category/uncategorized/ HTTP/1.1" 200 4861 "-" "Mozilla/5.0 (Windows NT 10.0; Win64; x64) AppleWebKit/537.36 (KHTML, like Gecko) Chrome/81.0.4044.122 Safari/537.36"
104.249.5.250 - - [19/Jun/2020:16:10:10 +0000] "GET /wp-content/themes/amphibious/js/fitvids.js?ver=1.1 HTTP/1.1" 200 1692 "-" "Mozilla/5.0 (Windows NT 10.0; Win64; x64) AppleWebKit/537.36 (KHTML, like Gecko) Chrome/80.0.3987.163 Safari/537.36"
107.167.87.80 - - [19/Jun/2020:16:10:10 +0000] "GET /category/uncategorized/ HTTP/1.1" 200 4861 "http://marshallcoders.ddns.net/" "Mozilla/5.0 (Windows NT 10.0; Win64; x64) AppleWebKit/537.36 (KHTML, like Gecko) Chrome/81.0.4044.122 Safari/537.36"
104.249.5.250 - - [19/Jun/2020:16:10:10 +0000] "GET /wp-content/themes/amphibious/style.css?ver=5.4.2 HTTP/1.1" 200 15938 "-" "Mozilla/5.0 (Windows NT 10.0; Win64; x64) AppleWebKit/537.36 (KHTML, like Gecko) Chrome/80.0.3987.163 Safari/537.36"
104.249.5.250 - - [19/Jun/2020:16:10:10 +0000] "GET /wp-content/themes/amphibious/js/hover-intent.js?ver=r7 HTTP/1.1" 200 1964 "-" "Mozilla/5.0 (Windows NT 10.0; Win64; x64) AppleWebKit/537.36 (KHTML, like Gecko) Chrome/80.0.3987.163 Safari/537.36"
107.189.23.187 - - [19/Jun/2020:16:10:10 +0000] "GET /wp-includes/js/comment-reply.min.js?ver=5.4.2 HTTP/1.1" 200 1509 "-" "Mozilla/5.0 (iPhone; CPU iPhone OS 12_3 like Mac OS X) AppleWebKit/605.1.15 (KHTML, like Gecko) CriOS/77.0.3865.103 Mobile/15E148 Safari/605.1"
104.249.5.250 - - [19/Jun/2020:16:10:10 +0000] "GET /wp-content/themes/amphibious/css/fontawesome-all.css?ver=5.4.2 HTTP/1.1" 200 13249 "-" "Mozilla/5.0 (Windows NT 10.0; Win64; x64) AppleWebKit/537.36 (KHTML, like Gecko) Chrome/80.0.3987.163 Safari/537.36"
104.249.5.250 - - [19/Jun/2020:16:10:10 +0000] "GET /wp-content/themes/amphibious/css/bootstrap-grid.css?ver=5.4.2 HTTP/1.1" 200 8405 "-" "Mozilla/5.0 (Windows NT 10.0; Win64; x64) AppleWebKit/537.36 (KHTML, like Gecko) Chrome/80.0.3987.163 Safari/537.36"
104.249.5.250 - - [19/Jun/2020:16:10:10 +0000] "GET /wp-includes/js/jquery/jquery-migrate.min.js?ver=1.4.1 HTTP/1.1" 200 4366 "-" "Mozilla/5.0 (Windows NT 10.0; Win64; x64) AppleWebKit/537.36 (KHTML, like Gecko) Chrome/80.0.3987.163 Safari/537.36"
104.249.5.250 - - [19/Jun/2020:16:10:10 +0000] "GET /wp-includes/js/jquery/jquery.js?ver=1.12.4-wp HTTP/1.1" 200 34130 "-" "Mozilla/5.0 (Windows NT 10.0; Win64; x64) AppleWebKit/537.36 (KHTML, like Gecko) Chrome/80.0.3987.163 Safari/537.36"
193.109.221.110 - - [19/Jun/2020:16:10:10 +0000] "GET /wp-includes/js/comment-reply.min.js?ver=5.4.2 HTTP/1.1" 200 1510 "http://marshallcoders.ddns.net/2020/06/18/the-one-click-process-to-automate-any-application-from-commit-to-deployment-using-docker/" "Mozilla/5.0 (Linux; Android 9; SM-A600FN) AppleWebKit/537.36 (KHTML, like Gecko) Chrome/78.0.3904.96 Mobile Safari/537.36"
104.249.5.250 - - [19/Jun/2020:16:10:10 +0000] "GET /wp-content/themes/amphibious/js/superfish.js?ver=1.7.10 HTTP/1.1" 200 2795 "-" "Mozilla/5.0 (Windows NT 10.0; Win64; x64) AppleWebKit/537.36 (KHTML, like Gecko) Chrome/80.0.3987.163 Safari/537.36"
104.249.5.250 - - [19/Jun/2020:16:10:11 +0000] "GET /wp-content/themes/amphibious/js/custom.js?ver=1.0 HTTP/1.1" 200 2599 "-" "Mozilla/5.0 (Windows NT 10.0; Win64; x64) AppleWebKit/537.36 (KHTML, like Gecko) Chrome/80.0.3987.163 Safari/537.36"
104.249.5.250 - - [19/Jun/2020:16:10:11 +0000] "GET /wp-includes/js/wp-embed.min.js?ver=5.4.2 HTTP/1.1" 200 1118 "-" "Mozilla/5.0 (Windows NT 10.0; Win64; x64) AppleWebKit/537.36 (KHTML, like Gecko) Chrome/80.0.3987.163 Safari/537.36"
104.249.5.250 - - [19/Jun/2020:16:10:11 +0000] "GET /wp-includes/js/wp-emoji-release.min.js?ver=5.4.2 HTTP/1.1" 200 5004 "-" "Mozilla/5.0 (Windows NT 10.0; Win64; x64) AppleWebKit/537.36 (KHTML, like Gecko) Chrome/80.0.3987.163 Safari/537.36"
104.249.5.250 - - [19/Jun/2020:16:10:11 +0000] "GET /wp-content/themes/amphibious/webfonts/fa-solid-900.woff2 HTTP/1.1" 200 76373 "-" "Mozilla/5.0 (Windows NT 10.0; Win64; x64) AppleWebKit/537.36 (KHTML, like Gecko) Chrome/80.0.3987.163 Safari/537.36"
104.249.5.250 - - [19/Jun/2020:16:10:13 +0000] "GET /wp-content/uploads/2020/06/cropped-untitled-2-1-32x32.png HTTP/1.1" 200 1248 "-" "Mozilla/5.0 (Windows NT 10.0; Win64; x64) AppleWebKit/537.36 (KHTML, like Gecko) Chrome/80.0.3987.163 Safari/537.36"
104.194.136.244 - - [19/Jun/2020:16:10:13 +0000] "GET /wp-login.php HTTP/1.1" 200 2266 "-" "Mozilla/5.0 (Windows NT 10.0; Win64; x64; rv:74.0) Gecko/20100101 Firefox/74.0"
127.0.0.1 - - [19/Jun/2020:16:10:13 +0000] "OPTIONS * HTTP/1.0" 200 126 "-" "Apache/2.4.38 (Debian) PHP/7.3.19 (internal dummy connection)"
104.194.136.244 - - [19/Jun/2020:16:10:14 +0000] "GET /wp-includes/css/dashicons.min.css?ver=5.4.2 HTTP/1.1" 200 28819 "-" "Mozilla/5.0 (Windows NT 10.0; Win64; x64; rv:74.0) Gecko/20100101 Firefox/74.0"
104.194.136.244 - - [19/Jun/2020:16:10:14 +0000] "GET /wp-includes/css/buttons.min.css?ver=5.4.2 HTTP/1.1" 200 1796 "-" "Mozilla/5.0 (Windows NT 10.0; Win64; x64; rv:74.0) Gecko/20100101 Firefox/74.0"
104.194.136.244 - - [19/Jun/2020:16:10:14 +0000] "GET /wp-admin/css/forms.min.css?ver=5.4.2 HTTP/1.1" 200 6344 "-" "Mozilla/5.0 (Windows NT 10.0; Win64; x64; rv:74.0) Gecko/20100101 Firefox/74.0"
104.194.136.244 - - [19/Jun/2020:16:10:14 +0000] "GET /wp-admin/css/l10n.min.css?ver=5.4.2 HTTP/1.1" 200 1022 "-" "Mozilla/5.0 (Windows NT 10.0; Win64; x64; rv:74.0) Gecko/20100101 Firefox/74.0"
104.194.136.244 - - [19/Jun/2020:16:10:14 +0000] "GET /wp-admin/css/login.min.css?ver=5.4.2 HTTP/1.1" 200 2236 "-" "Mozilla/5.0 (Windows NT 10.0; Win64; x64; rv:74.0) Gecko/20100101 Firefox/74.0"
104.194.152.149 - - [19/Jun/2020:16:10:14 +0000] "GET /wp-login.php HTTP/1.1" 200 2266 "-" "Mozilla/5.0 (iPhone; CPU iPhone OS 13_3 like Mac OS X) AppleWebKit/605.1.15 (KHTML, like Gecko) Version/13.0.4 Mobile/15E148 Safari/604.1"
104.194.136.244 - - [19/Jun/2020:16:10:15 +0000] "GET /wp-includes/js/zxcvbn-async.min.js?ver=1.0 HTTP/1.1" 200 607 "-" "Mozilla/5.0 (Windows NT 10.0; Win64; x64; rv:74.0) Gecko/20100101 Firefox/74.0"
104.194.136.244 - - [19/Jun/2020:16:10:15 +0000] "GET /wp-admin/js/password-strength-meter.min.js?ver=5.4.2 HTTP/1.1" 200 827 "-" "Mozilla/5.0 (Windows NT 10.0; Win64; x64; rv:74.0) Gecko/20100101 Firefox/74.0"
104.194.136.244 - - [19/Jun/2020:16:10:15 +0000] "GET /wp-includes/js/underscore.min.js?ver=1.8.3 HTTP/1.1" 200 6056 "-" "Mozilla/5.0 (Windows NT 10.0; Win64; x64; rv:74.0) Gecko/20100101 Firefox/74.0"
104.194.136.244 - - [19/Jun/2020:16:10:15 +0000] "GET /wp-includes/js/wp-util.min.js?ver=5.4.2 HTTP/1.1" 200 940 "-" "Mozilla/5.0 (Windows NT 10.0; Win64; x64; rv:74.0) Gecko/20100101 Firefox/74.0"
104.194.136.244 - - [19/Jun/2020:16:10:15 +0000] "GET /wp-admin/js/user-profile.min.js?ver=5.4.2 HTTP/1.1" 200 2451 "-" "Mozilla/5.0 (Windows NT 10.0; Win64; x64; rv:74.0) Gecko/20100101 Firefox/74.0"
104.194.152.149 - - [19/Jun/2020:16:10:15 +0000] "GET /wp-includes/css/dashicons.min.css?ver=5.4.2 HTTP/1.1" 200 28819 "-" "Mozilla/5.0 (iPhone; CPU iPhone OS 13_3 like Mac OS X) AppleWebKit/605.1.15 (KHTML, like Gecko) Version/13.0.4 Mobile/15E148 Safari/604.1"
104.194.136.244 - - [19/Jun/2020:16:10:15 +0000] "GET /wp-admin/images/wordpress-logo.svg?ver=20131107 HTTP/1.1" 200 1810 "-" "Mozilla/5.0 (Windows NT 10.0; Win64; x64; rv:74.0) Gecko/20100101 Firefox/74.0"
104.194.152.149 - - [19/Jun/2020:16:10:15 +0000] "GET /wp-includes/css/buttons.min.css?ver=5.4.2 HTTP/1.1" 200 1796 "-" "Mozilla/5.0 (iPhone; CPU iPhone OS 13_3 like Mac OS X) AppleWebKit/605.1.15 (KHTML, like Gecko) Version/13.0.4 Mobile/15E148 Safari/604.1"
127.0.0.1 - - [19/Jun/2020:16:10:15 +0000] "OPTIONS * HTTP/1.0" 200 126 "-" "Apache/2.4.38 (Debian) PHP/7.3.19 (internal dummy connection)"
104.194.152.149 - - [19/Jun/2020:16:10:15 +0000] "GET /wp-admin/css/forms.min.css?ver=5.4.2 HTTP/1.1" 200 6343 "-" "Mozilla/5.0 (iPhone; CPU iPhone OS 13_3 like Mac OS X) AppleWebKit/605.1.15 (KHTML, like Gecko) Version/13.0.4 Mobile/15E148 Safari/604.1"
104.194.152.149 - - [19/Jun/2020:16:10:15 +0000] "GET /wp-admin/css/l10n.min.css?ver=5.4.2 HTTP/1.1" 200 1021 "-" "Mozilla/5.0 (iPhone; CPU iPhone OS 13_3 like Mac OS X) AppleWebKit/605.1.15 (KHTML, like Gecko) Version/13.0.4 Mobile/15E148 Safari/604.1"
104.194.152.149 - - [19/Jun/2020:16:10:16 +0000] "GET /wp-admin/css/login.min.css?ver=5.4.2 HTTP/1.1" 200 2235 "-" "Mozilla/5.0 (iPhone; CPU iPhone OS 13_3 like Mac OS X) AppleWebKit/605.1.15 (KHTML, like Gecko) Version/13.0.4 Mobile/15E148 Safari/604.1"
104.194.152.149 - - [19/Jun/2020:16:10:16 +0000] "GET /wp-includes/js/zxcvbn-async.min.js?ver=1.0 HTTP/1.1" 200 607 "-" "Mozilla/5.0 (iPhone; CPU iPhone OS 13_3 like Mac OS X) AppleWebKit/605.1.15 (KHTML, like Gecko) Version/13.0.4 Mobile/15E148 Safari/604.1"
172.86.105.61 - - [19/Jun/2020:16:10:16 +0000] "GET /wp-content/themes/amphibious/webfonts/fa-solid-900.woff2 HTTP/1.1" 200 76374 "-" "Mozilla/5.0 (Windows NT 10.0; Win64; x64; rv:74.0) Gecko/20100101 Firefox/74.0"
127.0.0.1 - - [19/Jun/2020:16:10:16 +0000] "OPTIONS * HTTP/1.0" 200 126 "-" "Apache/2.4.38 (Debian) PHP/7.3.19 (internal dummy connection)"
104.194.136.244 - - [19/Jun/2020:16:10:15 +0000] "GET /wp-includes/js/zxcvbn.min.js HTTP/1.1" 200 400400 "-" "Mozilla/5.0 (Windows NT 10.0; Win64; x64; rv:74.0) Gecko/20100101 Firefox/74.0"
104.194.152.149 - - [19/Jun/2020:16:10:16 +0000] "GET /wp-admin/images/wordpress-logo.svg?ver=20131107 HTTP/1.1" 200 1810 "-" "Mozilla/5.0 (iPhone; CPU iPhone OS 13_3 like Mac OS X) AppleWebKit/605.1.15 (KHTML, like Gecko) Version/13.0.4 Mobile/15E148 Safari/604.1"
194.107.125.214 - - [19/Jun/2020:16:10:16 +0000] "GET / HTTP/1.1" 200 4778 "https://www.google.com" "Mozilla/5.0 (Windows NT 10.0; Win64; x64; rv:75.0) Gecko/20100101 Firefox/75.0"
127.0.0.1 - - [19/Jun/2020:16:10:17 +0000] "OPTIONS * HTTP/1.0" 200 126 "-" "Apache/2.4.38 (Debian) PHP/7.3.19 (internal dummy connection)"
127.0.0.1 - - [19/Jun/2020:16:10:18 +0000] "OPTIONS * HTTP/1.0" 200 126 "-" "Apache/2.4.38 (Debian) PHP/7.3.19 (internal dummy connection)"
127.0.0.1 - - [19/Jun/2020:16:10:19 +0000] "OPTIONS * HTTP/1.0" 200 126 "-" "Apache/2.4.38 (Debian) PHP/7.3.19 (internal dummy connection)"
127.0.0.1 - - [19/Jun/2020:16:10:20 +0000] "OPTIONS * HTTP/1.0" 200 126 "-" "Apache/2.4.38 (Debian) PHP/7.3.19 (internal dummy connection)"
127.0.0.1 - - [19/Jun/2020:16:10:21 +0000] "OPTIONS * HTTP/1.0" 200 126 "-" "Apache/2.4.38 (Debian) PHP/7.3.19 (internal dummy connection)"
107.189.18.121 - - [19/Jun/2020:16:10:22 +0000] "GET /2020/06/18/celebrity-face-recognition-using-transfer-learning/ HTTP/1.1" 200 7574 "-" "Mozilla/5.0 (X11; Linux x86_64) AppleWebKit/537.36 (KHTML, like Gecko) Chrome/80.0.3987.163 Safari/537.36"
127.0.0.1 - - [19/Jun/2020:16:10:22 +0000] "OPTIONS * HTTP/1.0" 200 126 "-" "Apache/2.4.38 (Debian) PHP/7.3.19 (internal dummy connection)"
104.194.151.200 - - [19/Jun/2020:16:10:22 +0000] "GET /about/ HTTP/1.1" 200 4363 "-" "Mozilla/5.0 (Windows NT 10.0; Win64; x64) AppleWebKit/537.36 (KHTML, like Gecko) Chrome/81.0.4044.122 Safari/537.36"
64.187.236.34 - - [19/Jun/2020:16:10:23 +0000] "GET /wp-content/uploads/2020/06/cropped-untitled-2-1-32x32.png HTTP/1.1" 200 1249 "http://marshallcoders.ddns.net/" "Mozilla/5.0 (X11; Ubuntu; Linux x86_64; rv:75.0) Gecko/20100101 Firefox/75.0"
107.189.18.121 - - [19/Jun/2020:16:10:22 +0000] "GET /wp-content/uploads/2020/06/0PWRxTJ8SlDZiDVEh.jpg HTTP/1.1" 200 81308 "-" "Mozilla/5.0 (X11; Linux x86_64) AppleWebKit/537.36 (KHTML, like Gecko) Chrome/80.0.3987.163 Safari/537.36"
104.194.152.149 - - [19/Jun/2020:16:10:23 +0000] "GET /wp-includes/js/underscore.min.js?ver=1.8.3 HTTP/1.1" 200 6057 "-" "Mozilla/5.0 (iPhone; CPU iPhone OS 13_3 like Mac OS X) AppleWebKit/605.1.15 (KHTML, like Gecko) Version/13.0.4 Mobile/15E148 Safari/604.1"
104.194.152.149 - - [19/Jun/2020:16:10:23 +0000] "GET /wp-includes/js/wp-util.min.js?ver=5.4.2 HTTP/1.1" 200 941 "-" "Mozilla/5.0 (iPhone; CPU iPhone OS 13_3 like Mac OS X) AppleWebKit/605.1.15 (KHTML, like Gecko) Version/13.0.4 Mobile/15E148 Safari/604.1"
107.189.18.121 - - [19/Jun/2020:16:10:23 +0000] "GET /wp-includes/js/comment-reply.min.js?ver=5.4.2 HTTP/1.1" 200 1510 "-" "Mozilla/5.0 (X11; Linux x86_64) AppleWebKit/537.36 (KHTML, like Gecko) Chrome/80.0.3987.163 Safari/537.36"
127.0.0.1 - - [19/Jun/2020:16:10:23 +0000] "OPTIONS * HTTP/1.0" 200 126 "-" "Apache/2.4.38 (Debian) PHP/7.3.19 (internal dummy connection)"
194.105.158.14 - - [19/Jun/2020:16:10:24 +0000] "GET /wp-content/uploads/2020/06/cropped-untitled-2-1-32x32.png HTTP/1.1" 200 1249 "http://marshallcoders.ddns.net/" "Mozilla/5.0 (Windows NT 10.0; Win64; x64; rv:75.0) Gecko/20100101 Firefox/75.0"
127.0.0.1 - - [19/Jun/2020:16:10:24 +0000] "OPTIONS * HTTP/1.0" 200 126 "-" "Apache/2.4.38 (Debian) PHP/7.3.19 (internal dummy connection)"
127.0.0.1 - - [19/Jun/2020:16:10:25 +0000] "OPTIONS * HTTP/1.0" 200 126 "-" "Apache/2.4.38 (Debian) PHP/7.3.19 (internal dummy connection)"
194.105.159.81 - - [19/Jun/2020:16:10:26 +0000] "GET /2020/06/18/the-one-click-process-to-automate-any-application-from-commit-to-deployment-using-docker/ HTTP/1.1" 200 7971 "http://marshallcoders.ddns.net/" "Mozilla/5.0 (iPhone; CPU iPhone OS 13_3_1 like Mac OS X) AppleWebKit/605.1.15 (KHTML, like Gecko) Version/13.0.5 Mobile/15E148 Safari/604.1"
194.105.159.81 - - [19/Jun/2020:16:10:27 +0000] "GET /wp-includes/js/comment-reply.min.js?ver=5.4.2 HTTP/1.1" 200 1510 "http://marshallcoders.ddns.net/2020/06/18/the-one-click-process-to-automate-any-application-from-commit-to-deployment-using-docker/" "Mozilla/5.0 (iPhone; CPU iPhone OS 13_3_1 like Mac OS X) AppleWebKit/605.1.15 (KHTML, like Gecko) Version/13.0.5 Mobile/15E148 Safari/604.1"
194.105.158.14 - - [19/Jun/2020:16:10:27 +0000] "GET / HTTP/1.1" 200 4778 "https://en.wikipedia.org/wiki/Main_Page" "Mozilla/5.0 (Windows NT 10.0; Win64; x64; rv:75.0) Gecko/20100101 Firefox/75.0"
127.0.0.1 - - [19/Jun/2020:16:10:28 +0000] "OPTIONS * HTTP/1.0" 200 126 "-" "Apache/2.4.38 (Debian) PHP/7.3.19 (internal dummy connection)"
127.0.0.1 - - [19/Jun/2020:16:10:29 +0000] "OPTIONS * HTTP/1.0" 200 126 "-" "Apache/2.4.38 (Debian) PHP/7.3.19 (internal dummy connection)"
127.0.0.1 - - [19/Jun/2020:16:10:30 +0000] "OPTIONS * HTTP/1.0" 200 126 "-" "Apache/2.4.38 (Debian) PHP/7.3.19 (internal dummy connection)"
127.0.0.1 - - [19/Jun/2020:16:10:31 +0000] "OPTIONS * HTTP/1.0" 200 126 "-" "Apache/2.4.38 (Debian) PHP/7.3.19 (internal dummy connection)"
107.189.21.118 - - [19/Jun/2020:16:10:32 +0000] "GET /category/uncategorized/ HTTP/1.1" 200 4861 "-" "Mozilla/5.0 (Windows NT 10.0; Win64; x64) AppleWebKit/537.36 (KHTML, like Gecko) Chrome/80.0.3987.163 Safari/537.36"
172.86.105.61 - - [19/Jun/2020:16:10:32 +0000] "GET /wp-content/uploads/2020/06/cropped-untitled-2-1-32x32.png HTTP/1.1" 200 1249 "-" "Mozilla/5.0 (Windows NT 10.0; Win64; x64; rv:74.0) Gecko/20100101 Firefox/74.0"
127.0.0.1 - - [19/Jun/2020:16:10:32 +0000] "OPTIONS * HTTP/1.0" 200 126 "-" "Apache/2.4.38 (Debian) PHP/7.3.19 (internal dummy connection)"
127.0.0.1 - - [19/Jun/2020:16:10:33 +0000] "OPTIONS * HTTP/1.0" 200 126 "-" "Apache/2.4.38 (Debian) PHP/7.3.19 (internal dummy connection)"
127.0.0.1 - - [19/Jun/2020:16:10:37 +0000] "OPTIONS * HTTP/1.0" 200 126 "-" "Apache/2.4.38 (Debian) PHP/7.3.19 (internal dummy connection)"
127.0.0.1 - - [19/Jun/2020:16:10:38 +0000] "OPTIONS * HTTP/1.0" 200 126 "-" "Apache/2.4.38 (Debian) PHP/7.3.19 (internal dummy connection)"
64.187.236.34 - - [19/Jun/2020:16:11:00 +0000] "GET /category/uncategorized/ HTTP/1.1" 200 4861 "http://marshallcoders.ddns.net/" "Mozilla/5.0 (X11; Ubuntu; Linux x86_64; rv:75.0) Gecko/20100101 Firefox/75.0"
104.249.5.250 - - [19/Jun/2020:16:11:03 +0000] "GET /2020/06/18/celebrity-face-recognition-using-transfer-learning/ HTTP/1.1" 200 7574 "-" "Mozilla/5.0 (Windows NT 10.0; Win64; x64) AppleWebKit/537.36 (KHTML, like Gecko) Chrome/80.0.3987.163 Safari/537.36"
104.249.5.250 - - [19/Jun/2020:16:11:04 +0000] "GET /wp-includes/js/comment-reply.min.js?ver=5.4.2 HTTP/1.1" 200 1510 "-" "Mozilla/5.0 (Windows NT 10.0; Win64; x64) AppleWebKit/537.36 (KHTML, like Gecko) Chrome/80.0.3987.163 Safari/537.36"
104.249.5.250 - - [19/Jun/2020:16:11:04 +0000] "GET /wp-content/uploads/2020/06/0PWRxTJ8SlDZiDVEh.jpg HTTP/1.1" 200 81308 "-" "Mozilla/5.0 (Windows NT 10.0; Win64; x64) AppleWebKit/537.36 (KHTML, like Gecko) Chrome/80.0.3987.163 Safari/537.36"
172.86.105.61 - - [19/Jun/2020:16:11:07 +0000] "GET / HTTP/1.1" 200 4778 "-" "Mozilla/5.0 (Windows NT 10.0; Win64; x64; rv:74.0) Gecko/20100101 Firefox/74.0"
162.245.6.15 - - [19/Jun/2020:16:11:14 +0000] "GET /wp-content/uploads/2020/06/cropped-untitled-2-1-32x32.png HTTP/1.1" 200 1249 "-" "Mozilla/5.0 (Linux; Android 9; SAMSUNG SM-G950F) AppleWebKit/537.36 (KHTML, like Gecko) SamsungBrowser/10.2 Chrome/71.0.3578.99 Mobile Safari/537.36"
162.245.6.15 - - [19/Jun/2020:16:12:01 +0000] "GET /about/ HTTP/1.1" 200 4363 "-" "Mozilla/5.0 (Linux; Android 9; SAMSUNG SM-G950F) AppleWebKit/537.36 (KHTML, like Gecko) SamsungBrowser/10.2 Chrome/71.0.3578.99 Mobile Safari/537.36"
162.245.6.15 - - [19/Jun/2020:16:12:01 +0000] "GET /wp-content/themes/amphibious/js/custom.js?ver=1.0 HTTP/1.1" 200 2599 "-" "Mozilla/5.0 (Linux; Android 9; SAMSUNG SM-G950F) AppleWebKit/537.36 (KHTML, like Gecko) SamsungBrowser/10.2 Chrome/71.0.3578.99 Mobile Safari/537.36"
104.194.152.149 - - [19/Jun/2020:16:12:55 +0000] "GET /wp-includes/js/zxcvbn.min.js HTTP/1.1" 200 400401 "-" "Mozilla/5.0 (iPhone; CPU iPhone OS 13_3 like Mac OS X) AppleWebKit/605.1.15 (KHTML, like Gecko) Version/13.0.4 Mobile/15E148 Safari/604.1"
195.154.177.57 - - [19/Jun/2020:16:17:53 +0000] "HEAD / HTTP/1.0" 200 248 "-" "-"
71.93.219.67 - - [19/Jun/2020:16:17:54 +0000] "GET / HTTP/1.1" 200 4778 "-" "Mozilla/5.0 (Windows NT 10.0; Win64; x64) AppleWebKit/537.36 (KHTML, like Gecko) Chrome/83.0.4103.106 Safari/537.36"
71.93.219.67 - - [19/Jun/2020:16:17:54 +0000] "GET /wp-includes/css/dist/block-library/style.min.css?ver=5.4.2 HTTP/1.1" 200 7979 "http://marshallcoders.ddns.net/" "Mozilla/5.0 (Windows NT 10.0; Win64; x64) AppleWebKit/537.36 (KHTML, like Gecko) Chrome/83.0.4103.106 Safari/537.36"
71.93.219.67 - - [19/Jun/2020:16:17:54 +0000] "GET /wp-content/themes/amphibious/css/bootstrap-grid.css?ver=5.4.2 HTTP/1.1" 200 8405 "http://marshallcoders.ddns.net/" "Mozilla/5.0 (Windows NT 10.0; Win64; x64) AppleWebKit/537.36 (KHTML, like Gecko) Chrome/83.0.4103.106 Safari/537.36"
71.93.219.67 - - [19/Jun/2020:16:17:54 +0000] "GET /wp-content/themes/amphibious/css/fontawesome-all.css?ver=5.4.2 HTTP/1.1" 200 13249 "http://marshallcoders.ddns.net/" "Mozilla/5.0 (Windows NT 10.0; Win64; x64) AppleWebKit/537.36 (KHTML, like Gecko) Chrome/83.0.4103.106 Safari/537.36"
71.93.219.67 - - [19/Jun/2020:16:17:54 +0000] "GET /wp-includes/js/jquery/jquery-migrate.min.js?ver=1.4.1 HTTP/1.1" 200 4366 "http://marshallcoders.ddns.net/" "Mozilla/5.0 (Windows NT 10.0; Win64; x64) AppleWebKit/537.36 (KHTML, like Gecko) Chrome/83.0.4103.106 Safari/537.36"
71.93.219.67 - - [19/Jun/2020:16:17:54 +0000] "GET /wp-content/themes/amphibious/style.css?ver=5.4.2 HTTP/1.1" 200 15938 "http://marshallcoders.ddns.net/" "Mozilla/5.0 (Windows NT 10.0; Win64; x64) AppleWebKit/537.36 (KHTML, like Gecko) Chrome/83.0.4103.106 Safari/537.36"
71.93.219.67 - - [19/Jun/2020:16:17:54 +0000] "GET /wp-includes/js/jquery/jquery.js?ver=1.12.4-wp HTTP/1.1" 200 34130 "http://marshallcoders.ddns.net/" "Mozilla/5.0 (Windows NT 10.0; Win64; x64) AppleWebKit/537.36 (KHTML, like Gecko) Chrome/83.0.4103.106 Safari/537.36"
71.93.219.67 - - [19/Jun/2020:16:17:55 +0000] "GET /wp-content/themes/amphibious/js/enquire.js?ver=2.1.6 HTTP/1.1" 200 3321 "http://marshallcoders.ddns.net/" "Mozilla/5.0 (Windows NT 10.0; Win64; x64) AppleWebKit/537.36 (KHTML, like Gecko) Chrome/83.0.4103.106 Safari/537.36"
71.93.219.67 - - [19/Jun/2020:16:17:55 +0000] "GET /wp-content/themes/amphibious/js/fitvids.js?ver=1.1 HTTP/1.1" 200 1692 "http://marshallcoders.ddns.net/" "Mozilla/5.0 (Windows NT 10.0; Win64; x64) AppleWebKit/537.36 (KHTML, like Gecko) Chrome/83.0.4103.106 Safari/537.36"
71.93.219.67 - - [19/Jun/2020:16:17:55 +0000] "GET /wp-content/themes/amphibious/js/hover-intent.js?ver=r7 HTTP/1.1" 200 1964 "http://marshallcoders.ddns.net/" "Mozilla/5.0 (Windows NT 10.0; Win64; x64) AppleWebKit/537.36 (KHTML, like Gecko) Chrome/83.0.4103.106 Safari/537.36"
71.93.219.67 - - [19/Jun/2020:16:17:55 +0000] "GET /wp-content/themes/amphibious/js/superfish.js?ver=1.7.10 HTTP/1.1" 200 2795 "http://marshallcoders.ddns.net/" "Mozilla/5.0 (Windows NT 10.0; Win64; x64) AppleWebKit/537.36 (KHTML, like Gecko) Chrome/83.0.4103.106 Safari/537.36"
71.93.219.67 - - [19/Jun/2020:16:17:55 +0000] "GET /wp-content/themes/amphibious/js/custom.js?ver=1.0 HTTP/1.1" 200 2599 "http://marshallcoders.ddns.net/" "Mozilla/5.0 (Windows NT 10.0; Win64; x64) AppleWebKit/537.36 (KHTML, like Gecko) Chrome/83.0.4103.106 Safari/537.36"
71.93.219.67 - - [19/Jun/2020:16:17:55 +0000] "GET /wp-includes/js/wp-embed.min.js?ver=5.4.2 HTTP/1.1" 200 1118 "http://marshallcoders.ddns.net/" "Mozilla/5.0 (Windows NT 10.0; Win64; x64) AppleWebKit/537.36 (KHTML, like Gecko) Chrome/83.0.4103.106 Safari/537.36"
71.93.219.67 - - [19/Jun/2020:16:17:55 +0000] "GET /wp-includes/js/wp-emoji-release.min.js?ver=5.4.2 HTTP/1.1" 200 5004 "http://marshallcoders.ddns.net/" "Mozilla/5.0 (Windows NT 10.0; Win64; x64) AppleWebKit/537.36 (KHTML, like Gecko) Chrome/83.0.4103.106 Safari/537.36"
71.93.219.67 - - [19/Jun/2020:16:17:55 +0000] "GET /wp-content/themes/amphibious/webfonts/fa-solid-900.woff2 HTTP/1.1" 200 76373 "http://marshallcoders.ddns.net/wp-content/themes/amphibious/css/fontawesome-all.css?ver=5.4.2" "Mozilla/5.0 (Windows NT 10.0; Win64; x64) AppleWebKit/537.36 (KHTML, like Gecko) Chrome/83.0.4103.106 Safari/537.36"
71.93.219.67 - - [19/Jun/2020:16:17:56 +0000] "GET /wp-content/uploads/2020/06/cropped-untitled-2-1-32x32.png HTTP/1.1" 200 1248 "http://marshallcoders.ddns.net/" "Mozilla/5.0 (Windows NT 10.0; Win64; x64) AppleWebKit/537.36 (KHTML, like Gecko) Chrome/83.0.4103.106 Safari/537.36"
127.0.0.1 - - [19/Jun/2020:16:18:02 +0000] "OPTIONS * HTTP/1.0" 200 126 "-" "Apache/2.4.38 (Debian) PHP/7.3.19 (internal dummy connection)"
168.91.14.191 - - [19/Jun/2020:16:18:08 +0000] "GET / HTTP/1.1" 200 4712 "-" "Mozilla/5.0 (X11; Linux x86_64; rv:68.0) Gecko/20100101 Firefox/68.0"
168.91.14.191 - - [19/Jun/2020:16:18:10 +0000] "GET /wp-includes/css/dist/block-library/style.min.css?ver=5.4.2 HTTP/1.1" 200 7924 "http://ec2-13-233-254-101.ap-south-1.compute.amazonaws.com/" "Mozilla/5.0 (X11; Linux x86_64; rv:68.0) Gecko/20100101 Firefox/68.0"
168.91.14.191 - - [19/Jun/2020:16:18:10 +0000] "GET /wp-content/themes/amphibious/css/bootstrap-grid.css?ver=5.4.2 HTTP/1.1" 200 8349 "http://ec2-13-233-254-101.ap-south-1.compute.amazonaws.com/" "Mozilla/5.0 (X11; Linux x86_64; rv:68.0) Gecko/20100101 Firefox/68.0"
168.91.14.191 - - [19/Jun/2020:16:18:10 +0000] "GET /wp-content/themes/amphibious/css/fontawesome-all.css?ver=5.4.2 HTTP/1.1" 200 13193 "http://ec2-13-233-254-101.ap-south-1.compute.amazonaws.com/" "Mozilla/5.0 (X11; Linux x86_64; rv:68.0) Gecko/20100101 Firefox/68.0"
168.91.14.191 - - [19/Jun/2020:16:18:10 +0000] "GET /wp-includes/js/jquery/jquery.js?ver=1.12.4-wp HTTP/1.1" 200 34074 "http://ec2-13-233-254-101.ap-south-1.compute.amazonaws.com/" "Mozilla/5.0 (X11; Linux x86_64; rv:68.0) Gecko/20100101 Firefox/68.0"
168.91.14.191 - - [19/Jun/2020:16:18:10 +0000] "GET /wp-content/themes/amphibious/style.css?ver=5.4.2 HTTP/1.1" 200 15882 "http://ec2-13-233-254-101.ap-south-1.compute.amazonaws.com/" "Mozilla/5.0 (X11; Linux x86_64; rv:68.0) Gecko/20100101 Firefox/68.0"
168.91.14.191 - - [19/Jun/2020:16:18:10 +0000] "GET /wp-includes/js/jquery/jquery-migrate.min.js?ver=1.4.1 HTTP/1.1" 200 4310 "http://ec2-13-233-254-101.ap-south-1.compute.amazonaws.com/" "Mozilla/5.0 (X11; Linux x86_64; rv:68.0) Gecko/20100101 Firefox/68.0"
168.91.14.191 - - [19/Jun/2020:16:18:10 +0000] "GET /wp-content/themes/amphibious/js/fitvids.js?ver=1.1 HTTP/1.1" 200 1637 "http://ec2-13-233-254-101.ap-south-1.compute.amazonaws.com/" "Mozilla/5.0 (X11; Linux x86_64; rv:68.0) Gecko/20100101 Firefox/68.0"
168.91.14.191 - - [19/Jun/2020:16:18:10 +0000] "GET /wp-content/themes/amphibious/js/enquire.js?ver=2.1.6 HTTP/1.1" 200 3266 "http://ec2-13-233-254-101.ap-south-1.compute.amazonaws.com/" "Mozilla/5.0 (X11; Linux x86_64; rv:68.0) Gecko/20100101 Firefox/68.0"
168.91.14.191 - - [19/Jun/2020:16:18:10 +0000] "GET /wp-content/themes/amphibious/js/hover-intent.js?ver=r7 HTTP/1.1" 200 1909 "http://ec2-13-233-254-101.ap-south-1.compute.amazonaws.com/" "Mozilla/5.0 (X11; Linux x86_64; rv:68.0) Gecko/20100101 Firefox/68.0"
168.91.14.191 - - [19/Jun/2020:16:18:10 +0000] "GET /wp-content/themes/amphibious/js/superfish.js?ver=1.7.10 HTTP/1.1" 200 2740 "http://ec2-13-233-254-101.ap-south-1.compute.amazonaws.com/" "Mozilla/5.0 (X11; Linux x86_64; rv:68.0) Gecko/20100101 Firefox/68.0"
168.91.14.191 - - [19/Jun/2020:16:18:11 +0000] "GET /wp-content/themes/amphibious/js/custom.js?ver=1.0 HTTP/1.1" 200 2544 "http://ec2-13-233-254-101.ap-south-1.compute.amazonaws.com/" "Mozilla/5.0 (X11; Linux x86_64; rv:68.0) Gecko/20100101 Firefox/68.0"
168.91.14.191 - - [19/Jun/2020:16:18:11 +0000] "GET /wp-includes/js/wp-embed.min.js?ver=5.4.2 HTTP/1.1" 200 1063 "http://ec2-13-233-254-101.ap-south-1.compute.amazonaws.com/" "Mozilla/5.0 (X11; Linux x86_64; rv:68.0) Gecko/20100101 Firefox/68.0"
168.91.14.191 - - [19/Jun/2020:16:18:11 +0000] "GET /wp-includes/js/wp-emoji-release.min.js?ver=5.4.2 HTTP/1.1" 200 4949 "http://ec2-13-233-254-101.ap-south-1.compute.amazonaws.com/" "Mozilla/5.0 (X11; Linux x86_64; rv:68.0) Gecko/20100101 Firefox/68.0"
168.91.14.191 - - [19/Jun/2020:16:18:12 +0000] "GET /wp-content/themes/amphibious/webfonts/fa-solid-900.woff2 HTTP/1.1" 200 76318 "http://marshallcoders.ddns.net/wp-content/themes/amphibious/css/fontawesome-all.css?ver=5.4.2" "Mozilla/5.0 (X11; Linux x86_64; rv:68.0) Gecko/20100101 Firefox/68.0"
168.91.14.191 - - [19/Jun/2020:16:18:12 +0000] "GET /wp-content/themes/amphibious/webfonts/fa-solid-900.woff HTTP/1.1" 200 99229 "http://marshallcoders.ddns.net/wp-content/themes/amphibious/css/fontawesome-all.css?ver=5.4.2" "Mozilla/5.0 (X11; Linux x86_64; rv:68.0) Gecko/20100101 Firefox/68.0"
168.91.14.191 - - [19/Jun/2020:16:18:14 +0000] "GET /wp-content/uploads/2020/06/cropped-untitled-2-1-32x32.png HTTP/1.1" 200 1193 "http://ec2-13-233-254-101.ap-south-1.compute.amazonaws.com/" "Mozilla/5.0 (X11; Linux x86_64; rv:68.0) Gecko/20100101 Firefox/68.0"
168.91.14.191 - - [19/Jun/2020:16:18:13 +0000] "GET /wp-content/themes/amphibious/webfonts/fa-solid-900.ttf HTTP/1.1" 200 55024 "http://marshallcoders.ddns.net/wp-content/themes/amphibious/css/fontawesome-all.css?ver=5.4.2" "Mozilla/5.0 (X11; Linux x86_64; rv:68.0) Gecko/20100101 Firefox/68.0"
127.0.0.1 - - [19/Jun/2020:16:18:15 +0000] "OPTIONS * HTTP/1.0" 200 126 "-" "Apache/2.4.38 (Debian) PHP/7.3.19 (internal dummy connection)"
91.231.143.195 - - [19/Jun/2020:16:18:31 +0000] "GET / HTTP/1.1" 200 4768 "https://www.facebook.com" "Mozilla/5.0 (Windows NT 10.0; Win64; x64; rv:74.0) Gecko/20100101 Firefox/74.0"
91.231.143.195 - - [19/Jun/2020:16:18:32 +0000] "GET /wp-content/themes/amphibious/css/fontawesome-all.css?ver=5.4.2 HTTP/1.1" 200 13249 "http://ec2-13-233-254-101.ap-south-1.compute.amazonaws.com/" "Mozilla/5.0 (Windows NT 10.0; Win64; x64; rv:74.0) Gecko/20100101 Firefox/74.0"
91.231.143.195 - - [19/Jun/2020:16:18:32 +0000] "GET /wp-includes/css/dist/block-library/style.min.css?ver=5.4.2 HTTP/1.1" 200 7980 "http://ec2-13-233-254-101.ap-south-1.compute.amazonaws.com/" "Mozilla/5.0 (Windows NT 10.0; Win64; x64; rv:74.0) Gecko/20100101 Firefox/74.0"
