91.231.143.195 - - [19/Jun/2020:16:18:32 +0000] "GET /wp-content/themes/amphibious/css/bootstrap-grid.css?ver=5.4.2 HTTP/1.1" 200 8405 "http://ec2-13-233-254-101.ap-south-1.compute.amazonaws.com/" "Mozilla/5.0 (Windows NT 10.0; Win64; x64; rv:74.0) Gecko/20100101 Firefox/74.0"
91.231.143.195 - - [19/Jun/2020:16:18:32 +0000] "GET /wp-content/themes/amphibious/style.css?ver=5.4.2 HTTP/1.1" 200 15938 "http://ec2-13-233-254-101.ap-south-1.compute.amazonaws.com/" "Mozilla/5.0 (Windows NT 10.0; Win64; x64; rv:74.0) Gecko/20100101 Firefox/74.0"
91.231.143.195 - - [19/Jun/2020:16:18:32 +0000] "GET /wp-includes/js/jquery/jquery.js?ver=1.12.4-wp HTTP/1.1" 200 34130 "http://ec2-13-233-254-101.ap-south-1.compute.amazonaws.com/" "Mozilla/5.0 (Windows NT 10.0; Win64; x64; rv:74.0) Gecko/20100101 Firefox/74.0"
91.231.143.195 - - [19/Jun/2020:16:18:32 +0000] "GET /wp-includes/js/jquery/jquery-migrate.min.js?ver=1.4.1 HTTP/1.1" 200 4366 "http://ec2-13-233-254-101.ap-south-1.compute.amazonaws.com/" "Mozilla/5.0 (Windows NT 10.0; Win64; x64; rv:74.0) Gecko/20100101 Firefox/74.0"
91.231.143.195 - - [19/Jun/2020:16:18:33 +0000] "GET /wp-content/themes/amphibious/js/hover-intent.js?ver=r7 HTTP/1.1" 200 1964 "http://ec2-13-233-254-101.ap-south-1.compute.amazonaws.com/" "Mozilla/5.0 (Windows NT 10.0; Win64; x64; rv:74.0) Gecko/20100101 Firefox/74.0"
91.231.143.195 - - [19/Jun/2020:16:18:33 +0000] "GET /wp-content/themes/amphibious/js/fitvids.js?ver=1.1 HTTP/1.1" 200 1692 "http://ec2-13-233-254-101.ap-south-1.compute.amazonaws.com/" "Mozilla/5.0 (Windows NT 10.0; Win64; x64; rv:74.0) Gecko/20100101 Firefox/74.0"
91.231.143.195 - - [19/Jun/2020:16:18:33 +0000] "GET /wp-includes/js/wp-embed.min.js?ver=5.4.2 HTTP/1.1" 200 1118 "http://ec2-13-233-254-101.ap-south-1.compute.amazonaws.com/" "Mozilla/5.0 (Windows NT 10.0; Win64; x64; rv:74.0) Gecko/20100101 Firefox/74.0"
91.231.143.195 - - [19/Jun/2020:16:18:33 +0000] "GET /wp-content/themes/amphibious/js/enquire.js?ver=2.1.6 HTTP/1.1" 200 3322 "http://ec2-13-233-254-101.ap-south-1.compute.amazonaws.com/" "Mozilla/5.0 (Windows NT 10.0; Win64; x64; rv:74.0) Gecko/20100101 Firefox/74.0"
91.231.143.195 - - [19/Jun/2020:16:18:33 +0000] "GET /wp-content/themes/amphibious/js/superfish.js?ver=1.7.10 HTTP/1.1" 200 2796 "http://ec2-13-233-254-101.ap-south-1.compute.amazonaws.com/" "Mozilla/5.0 (Windows NT 10.0; Win64; x64; rv:74.0) Gecko/20100101 Firefox/74.0"
91.231.143.195 - - [19/Jun/2020:16:18:33 +0000] "GET /wp-content/themes/amphibious/js/custom.js?ver=1.0 HTTP/1.1" 200 2600 "http://ec2-13-233-254-101.ap-south-1.compute.amazonaws.com/" "Mozilla/5.0 (Windows NT 10.0; Win64; x64; rv:74.0) Gecko/20100101 Firefox/74.0"
91.231.143.195 - - [19/Jun/2020:16:18:35 +0000] "GET /wp-includes/js/wp-emoji-release.min.js?ver=5.4.2 HTTP/1.1" 200 5004 "http://ec2-13-233-254-101.ap-south-1.compute.amazonaws.com/" "Mozilla/5.0 (Windows NT 10.0; Win64; x64; rv:74.0) Gecko/20100101 Firefox/74.0"
91.231.143.195 - - [19/Jun/2020:16:18:35 +0000] "GET /wp-content/themes/amphibious/webfonts/fa-solid-900.woff2 HTTP/1.1" 200 76373 "http://marshallcoders.ddns.net/wp-content/themes/amphibious/css/fontawesome-all.css?ver=5.4.2" "Mozilla/5.0 (Windows NT 10.0; Win64; x64; rv:74.0) Gecko/20100101 Firefox/74.0"
104.194.139.245 - - [19/Jun/2020:16:18:36 +0000] "GET / HTTP/1.1" 200 4768 "-" "Mozilla/5.0 (X11; Ubuntu; Linux x86_64; rv:75.0) Gecko/20100101 Firefox/75.0"
91.231.143.195 - - [19/Jun/2020:16:18:36 +0000] "GET /wp-content/themes/amphibious/webfonts/fa-solid-900.woff HTTP/1.1" 200 48650 "http://marshallcoders.ddns.net/wp-content/themes/amphibious/css/fontawesome-all.css?ver=5.4.2" "Mozilla/5.0 (Windows NT 10.0; Win64; x64; rv:74.0) Gecko/20100101 Firefox/74.0"
142.147.108.100 - - [19/Jun/2020:16:18:36 +0000] "GET / HTTP/1.1" 200 4712 "https://en.wikipedia.org/wiki/Main_Page" "Mozilla/5.0 (Windows NT 10.0; Win64; x64) AppleWebKit/537.36 (KHTML, like Gecko) Chrome/70.0.3538.102 Safari/537.36 Edge/18.18362"
186.179.21.136 - - [19/Jun/2020:16:18:36 +0000] "GET / HTTP/1.1" 200 4768 "-" "Mozilla/5.0 (Windows NT 10.0; Win64; x64) AppleWebKit/537.36 (KHTML, like Gecko) Chrome/80.0.3987.163 Safari/537.36"
196.16.249.220 - - [19/Jun/2020:16:18:37 +0000] "GET / HTTP/1.1" 200 4768 "-" "\"Mozilla/5.0 (Windows NT 10.0; Win64; x64) AppleWebKit/537.36 (KHTML, like Gecko) Chrome/80.0.3987.163 Safari/537.36\""
91.231.143.195 - - [19/Jun/2020:16:18:36 +0000] "GET /wp-content/themes/amphibious/webfonts/fa-solid-900.ttf HTTP/1.1" 200 54210 "http://marshallcoders.ddns.net/wp-content/themes/amphibious/css/fontawesome-all.css?ver=5.4.2" "Mozilla/5.0 (Windows NT 10.0; Win64; x64; rv:74.0) Gecko/20100101 Firefox/74.0"
91.231.143.195 - - [19/Jun/2020:16:18:37 +0000] "GET /wp-content/uploads/2020/06/cropped-untitled-2-1-32x32.png HTTP/1.1" 200 1249 "http://ec2-13-233-254-101.ap-south-1.compute.amazonaws.com/" "Mozilla/5.0 (Windows NT 10.0; Win64; x64; rv:74.0) Gecko/20100101 Firefox/74.0"
186.179.21.136 - - [19/Jun/2020:16:18:37 +0000] "GET /wp-includes/css/dist/block-library/style.min.css?ver=5.4.2 HTTP/1.1" 200 7980 "-" "Mozilla/5.0 (Windows NT 10.0; Win64; x64) AppleWebKit/537.36 (KHTML, like Gecko) Chrome/80.0.3987.163 Safari/537.36"
186.179.21.136 - - [19/Jun/2020:16:18:37 +0000] "GET /wp-content/themes/amphibious/css/bootstrap-grid.css?ver=5.4.2 HTTP/1.1" 200 8405 "-" "Mozilla/5.0 (Windows NT 10.0; Win64; x64) AppleWebKit/537.36 (KHTML, like Gecko) Chrome/80.0.3987.163 Safari/537.36"
186.179.21.136 - - [19/Jun/2020:16:18:37 +0000] "GET /wp-content/themes/amphibious/css/fontawesome-all.css?ver=5.4.2 HTTP/1.1" 200 13249 "-" "Mozilla/5.0 (Windows NT 10.0; Win64; x64) AppleWebKit/537.36 (KHTML, like Gecko) Chrome/80.0.3987.163 Safari/537.36"
186.179.21.136 - - [19/Jun/2020:16:18:37 +0000] "GET /wp-content/themes/amphibious/style.css?ver=5.4.2 HTTP/1.1" 200 15938 "-" "Mozilla/5.0 (Windows NT 10.0; Win64; x64) AppleWebKit/537.36 (KHTML, like Gecko) Chrome/80.0.3987.163 Safari/537.36"
186.179.21.136 - - [19/Jun/2020:16:18:37 +0000] "GET /wp-includes/js/jquery/jquery-migrate.min.js?ver=1.4.1 HTTP/1.1" 200 4366 "-" "Mozilla/5.0 (Windows NT 10.0; Win64; x64) AppleWebKit/537.36 (KHTML, like Gecko) Chrome/80.0.3987.163 Safari/537.36"
186.179.21.136 - - [19/Jun/2020:16:18:37 +0000] "GET /wp-includes/js/jquery/jquery.js?ver=1.12.4-wp HTTP/1.1" 200 34130 "-" "Mozilla/5.0 (Windows NT 10.0; Win64; x64) AppleWebKit/537.36 (KHTML, like Gecko) Chrome/80.0.3987.163 Safari/537.36"
142.147.108.100 - - [19/Jun/2020:16:18:37 +0000] "GET /wp-includes/css/dist/block-library/style.min.css?ver=5.4.2 HTTP/1.1" 200 7924 "http://ec2-13-233-254-101.ap-south-1.compute.amazonaws.com/" "Mozilla/5.0 (Windows NT 10.0; Win64; x64) AppleWebKit/537.36 (KHTML, like Gecko) Chrome/70.0.3538.102 Safari/537.36 Edge/18.18362"
142.147.108.100 - - [19/Jun/2020:16:18:37 +0000] "GET /wp-content/themes/amphibious/css/fontawesome-all.css?ver=5.4.2 HTTP/1.1" 200 13193 "http://ec2-13-233-254-101.ap-south-1.compute.amazonaws.com/" "Mozilla/5.0 (Windows NT 10.0; Win64; x64) AppleWebKit/537.36 (KHTML, like Gecko) Chrome/70.0.3538.102 Safari/537.36 Edge/18.18362"
142.147.108.100 - - [19/Jun/2020:16:18:37 +0000] "GET /wp-content/themes/amphibious/style.css?ver=5.4.2 HTTP/1.1" 200 15882 "http://ec2-13-233-254-101.ap-south-1.compute.amazonaws.com/" "Mozilla/5.0 (Windows NT 10.0; Win64; x64) AppleWebKit/537.36 (KHTML, like Gecko) Chrome/70.0.3538.102 Safari/537.36 Edge/18.18362"
186.179.21.136 - - [19/Jun/2020:16:18:38 +0000] "GET /wp-content/themes/amphibious/js/enquire.js?ver=2.1.6 HTTP/1.1" 200 3321 "-" "Mozilla/5.0 (Windows NT 10.0; Win64; x64) AppleWebKit/537.36 (KHTML, like Gecko) Chrome/80.0.3987.163 Safari/537.36"
186.179.21.136 - - [19/Jun/2020:16:18:38 +0000] "GET /wp-content/themes/amphibious/js/fitvids.js?ver=1.1 HTTP/1.1" 200 1692 "-" "Mozilla/5.0 (Windows NT 10.0; Win64; x64) AppleWebKit/537.36 (KHTML, like Gecko) Chrome/80.0.3987.163 Safari/537.36"
186.179.21.136 - - [19/Jun/2020:16:18:38 +0000] "GET /wp-content/themes/amphibious/js/hover-intent.js?ver=r7 HTTP/1.1" 200 1964 "-" "Mozilla/5.0 (Windows NT 10.0; Win64; x64) AppleWebKit/537.36 (KHTML, like Gecko) Chrome/80.0.3987.163 Safari/537.36"
186.179.21.136 - - [19/Jun/2020:16:18:38 +0000] "GET /wp-content/themes/amphibious/js/superfish.js?ver=1.7.10 HTTP/1.1" 200 2795 "-" "Mozilla/5.0 (Windows NT 10.0; Win64; x64) AppleWebKit/537.36 (KHTML, like Gecko) Chrome/80.0.3987.163 Safari/537.36"
142.147.108.100 - - [19/Jun/2020:16:18:38 +0000] "GET /wp-content/themes/amphibious/css/bootstrap-grid.css?ver=5.4.2 HTTP/1.1" 200 8349 "http://ec2-13-233-254-101.ap-south-1.compute.amazonaws.com/" "Mozilla/5.0 (Windows NT 10.0; Win64; x64) AppleWebKit/537.36 (KHTML, like Gecko) Chrome/70.0.3538.102 Safari/537.36 Edge/18.18362"
142.147.108.100 - - [19/Jun/2020:16:18:38 +0000] "GET /wp-includes/js/jquery/jquery-migrate.min.js?ver=1.4.1 HTTP/1.1" 200 4310 "http://ec2-13-233-254-101.ap-south-1.compute.amazonaws.com/" "Mozilla/5.0 (Windows NT 10.0; Win64; x64) AppleWebKit/537.36 (KHTML, like Gecko) Chrome/70.0.3538.102 Safari/537.36 Edge/18.18362"
186.179.21.136 - - [19/Jun/2020:16:18:38 +0000] "GET /wp-content/themes/amphibious/js/custom.js?ver=1.0 HTTP/1.1" 200 2599 "-" "Mozilla/5.0 (Windows NT 10.0; Win64; x64) AppleWebKit/537.36 (KHTML, like Gecko) Chrome/80.0.3987.163 Safari/537.36"
186.179.21.136 - - [19/Jun/2020:16:18:38 +0000] "GET /wp-includes/js/wp-embed.min.js?ver=5.4.2 HTTP/1.1" 200 1118 "-" "Mozilla/5.0 (Windows NT 10.0; Win64; x64) AppleWebKit/537.36 (KHTML, like Gecko) Chrome/80.0.3987.163 Safari/537.36"
91.231.143.195 - - [19/Jun/2020:16:18:38 +0000] "GET / HTTP/1.1" 200 4768 "https://twitter.com" "Mozilla/5.0 (Linux; Android 9; SAMSUNG SM-G950F) AppleWebKit/537.36 (KHTML, like Gecko) SamsungBrowser/10.2 Chrome/71.0.3578.99 Mobile Safari/537.36"
142.147.108.100 - - [19/Jun/2020:16:18:38 +0000] "GET /wp-includes/js/jquery/jquery.js?ver=1.12.4-wp HTTP/1.1" 200 34074 "http://ec2-13-233-254-101.ap-south-1.compute.amazonaws.com/" "Mozilla/5.0 (Windows NT 10.0; Win64; x64) AppleWebKit/537.36 (KHTML, like Gecko) Chrome/70.0.3538.102 Safari/537.36 Edge/18.18362"
104.194.139.245 - - [19/Jun/2020:16:18:38 +0000] "GET /wp-includes/css/dist/block-library/style.min.css?ver=5.4.2 HTTP/1.1" 200 7980 "-" "Mozilla/5.0 (X11; Ubuntu; Linux x86_64; rv:75.0) Gecko/20100101 Firefox/75.0"
142.147.108.100 - - [19/Jun/2020:16:18:38 +0000] "GET /wp-content/themes/amphibious/js/enquire.js?ver=2.1.6 HTTP/1.1" 200 3266 "http://ec2-13-233-254-101.ap-south-1.compute.amazonaws.com/" "Mozilla/5.0 (Windows NT 10.0; Win64; x64) AppleWebKit/537.36 (KHTML, like Gecko) Chrome/70.0.3538.102 Safari/537.36 Edge/18.18362"
186.179.21.136 - - [19/Jun/2020:16:18:38 +0000] "GET /wp-includes/js/wp-emoji-release.min.js?ver=5.4.2 HTTP/1.1" 200 5004 "-" "Mozilla/5.0 (Windows NT 10.0; Win64; x64) AppleWebKit/537.36 (KHTML, like Gecko) Chrome/80.0.3987.163 Safari/537.36"
142.147.108.100 - - [19/Jun/2020:16:18:38 +0000] "GET /wp-content/themes/amphibious/js/fitvids.js?ver=1.1 HTTP/1.1" 200 1637 "http://ec2-13-233-254-101.ap-south-1.compute.amazonaws.com/" "Mozilla/5.0 (Windows NT 10.0; Win64; x64) AppleWebKit/537.36 (KHTML, like Gecko) Chrome/70.0.3538.102 Safari/537.36 Edge/18.18362"
142.147.108.100 - - [19/Jun/2020:16:18:38 +0000] "GET /wp-content/themes/amphibious/js/hover-intent.js?ver=r7 HTTP/1.1" 200 1909 "http://ec2-13-233-254-101.ap-south-1.compute.amazonaws.com/" "Mozilla/5.0 (Windows NT 10.0; Win64; x64) AppleWebKit/537.36 (KHTML, like Gecko) Chrome/70.0.3538.102 Safari/537.36 Edge/18.18362"
142.147.108.100 - - [19/Jun/2020:16:18:38 +0000] "GET /wp-content/themes/amphibious/js/custom.js?ver=1.0 HTTP/1.1" 200 2544 "http://ec2-13-233-254-101.ap-south-1.compute.amazonaws.com/" "Mozilla/5.0 (Windows NT 10.0; Win64; x64) AppleWebKit/537.36 (KHTML, like Gecko) Chrome/70.0.3538.102 Safari/537.36 Edge/18.18362"
142.147.108.100 - - [19/Jun/2020:16:18:38 +0000] "GET /wp-content/themes/amphibious/js/superfish.js?ver=1.7.10 HTTP/1.1" 200 2740 "http://ec2-13-233-254-101.ap-south-1.compute.amazonaws.com/" "Mozilla/5.0 (Windows NT 10.0; Win64; x64) AppleWebKit/537.36 (KHTML, like Gecko) Chrome/70.0.3538.102 Safari/537.36 Edge/18.18362"
196.16.249.220 - - [19/Jun/2020:16:18:39 +0000] "GET /wp-includes/css/dist/block-library/style.min.css?ver=5.4.2 HTTP/1.1" 200 7980 "-" "Mozilla/5.0 (Windows NT 10.0; Win64; x64) AppleWebKit/537.36 (KHTML, like Gecko) Chrome/80.0.3987.163 Safari/537.36"
196.16.249.220 - - [19/Jun/2020:16:18:39 +0000] "GET /wp-includes/js/jquery/jquery.js?ver=1.12.4-wp HTTP/1.1" 200 34130 "-" "Mozilla/5.0 (Windows NT 10.0; Win64; x64) AppleWebKit/537.36 (KHTML, like Gecko) Chrome/80.0.3987.163 Safari/537.36"
104.194.139.245 - - [19/Jun/2020:16:18:39 +0000] "GET /wp-content/themes/amphibious/js/enquire.js?ver=2.1.6 HTTP/1.1" 200 3321 "-" "Mozilla/5.0 (X11; Ubuntu; Linux x86_64; rv:75.0) Gecko/20100101 Firefox/75.0"
196.16.249.220 - - [19/Jun/2020:16:18:39 +0000] "GET /wp-content/themes/amphibious/css/fontawesome-all.css?ver=5.4.2 HTTP/1.1" 200 13249 "-" "Mozilla/5.0 (Windows NT 10.0; Win64; x64) AppleWebKit/537.36 (KHTML, like Gecko) Chrome/80.0.3987.163 Safari/537.36"
196.16.249.220 - - [19/Jun/2020:16:18:39 +0000] "GET /wp-content/themes/amphibious/css/bootstrap-grid.css?ver=5.4.2 HTTP/1.1" 200 8405 "-" "Mozilla/5.0 (Windows NT 10.0; Win64; x64) AppleWebKit/537.36 (KHTML, like Gecko) Chrome/80.0.3987.163 Safari/537.36"
196.16.249.220 - - [19/Jun/2020:16:18:39 +0000] "GET /wp-content/themes/amphibious/style.css?ver=5.4.2 HTTP/1.1" 200 15938 "-" "Mozilla/5.0 (Windows NT 10.0; Win64; x64) AppleWebKit/537.36 (KHTML, like Gecko) Chrome/80.0.3987.163 Safari/537.36"
91.231.143.195 - - [19/Jun/2020:16:18:39 +0000] "GET /wp-includes/css/dist/block-library/style.min.css?ver=5.4.2 HTTP/1.1" 200 7979 "http://ec2-13-233-254-101.ap-south-1.compute.amazonaws.com/" "Mozilla/5.0 (Linux; Android 9; SAMSUNG SM-G950F) AppleWebKit/537.36 (KHTML, like Gecko) SamsungBrowser/10.2 Chrome/71.0.3578.99 Mobile Safari/537.36"
142.147.108.100 - - [19/Jun/2020:16:18:39 +0000] "GET /wp-includes/js/wp-embed.min.js?ver=5.4.2 HTTP/1.1" 200 1063 "http://ec2-13-233-254-101.ap-south-1.compute.amazonaws.com/" "Mozilla/5.0 (Windows NT 10.0; Win64; x64) AppleWebKit/537.36 (KHTML, like Gecko) Chrome/70.0.3538.102 Safari/537.36 Edge/18.18362"
196.16.249.220 - - [19/Jun/2020:16:18:39 +0000] "GET /wp-includes/js/jquery/jquery-migrate.min.js?ver=1.4.1 HTTP/1.1" 200 4366 "-" "Mozilla/5.0 (Windows NT 10.0; Win64; x64) AppleWebKit/537.36 (KHTML, like Gecko) Chrome/80.0.3987.163 Safari/537.36"
104.194.139.245 - - [19/Jun/2020:16:18:39 +0000] "GET /wp-content/themes/amphibious/css/bootstrap-grid.css?ver=5.4.2 HTTP/1.1" 200 8405 "-" "Mozilla/5.0 (X11; Ubuntu; Linux x86_64; rv:75.0) Gecko/20100101 Firefox/75.0"
104.194.139.245 - - [19/Jun/2020:16:18:39 +0000] "GET /wp-content/themes/amphibious/js/fitvids.js?ver=1.1 HTTP/1.1" 200 1692 "-" "Mozilla/5.0 (X11; Ubuntu; Linux x86_64; rv:75.0) Gecko/20100101 Firefox/75.0"
142.147.108.100 - - [19/Jun/2020:16:18:39 +0000] "GET /wp-includes/js/wp-emoji-release.min.js?ver=5.4.2 HTTP/1.1" 200 4949 "http://ec2-13-233-254-101.ap-south-1.compute.amazonaws.com/" "Mozilla/5.0 (Windows NT 10.0; Win64; x64) AppleWebKit/537.36 (KHTML, like Gecko) Chrome/70.0.3538.102 Safari/537.36 Edge/18.18362"
186.179.21.136 - - [19/Jun/2020:16:18:39 +0000] "GET /wp-content/themes/amphibious/webfonts/fa-solid-900.woff2 HTTP/1.1" 200 76373 "-" "Mozilla/5.0 (Windows NT 10.0; Win64; x64) AppleWebKit/537.36 (KHTML, like Gecko) Chrome/80.0.3987.163 Safari/537.36"
196.16.249.220 - - [19/Jun/2020:16:18:39 +0000] "GET /wp-content/themes/amphibious/js/hover-intent.js?ver=r7 HTTP/1.1" 200 1964 "-" "Mozilla/5.0 (Windows NT 10.0; Win64; x64) AppleWebKit/537.36 (KHTML, like Gecko) Chrome/80.0.3987.163 Safari/537.36"
196.16.249.220 - - [19/Jun/2020:16:18:39 +0000] "GET /wp-content/themes/amphibious/js/fitvids.js?ver=1.1 HTTP/1.1" 200 1692 "-" "Mozilla/5.0 (Windows NT 10.0; Win64; x64) AppleWebKit/537.36 (KHTML, like Gecko) Chrome/80.0.3987.163 Safari/537.36"
104.194.139.245 - - [19/Jun/2020:16:18:39 +0000] "GET /wp-content/themes/amphibious/js/hover-intent.js?ver=r7 HTTP/1.1" 200 1964 "-" "Mozilla/5.0 (X11; Ubuntu; Linux x86_64; rv:75.0) Gecko/20100101 Firefox/75.0"
104.194.139.245 - - [19/Jun/2020:16:18:39 +0000] "GET /wp-content/themes/amphibious/js/superfish.js?ver=1.7.10 HTTP/1.1" 200 2795 "-" "Mozilla/5.0 (X11; Ubuntu; Linux x86_64; rv:75.0) Gecko/20100101 Firefox/75.0"
196.16.249.220 - - [19/Jun/2020:16:18:40 +0000] "GET /wp-content/themes/amphibious/js/enquire.js?ver=2.1.6 HTTP/1.1" 200 3321 "-" "Mozilla/5.0 (Windows NT 10.0; Win64; x64) AppleWebKit/537.36 (KHTML, like Gecko) Chrome/80.0.3987.163 Safari/537.36"
91.231.143.195 - - [19/Jun/2020:16:18:40 +0000] "GET /wp-content/themes/amphibious/js/enquire.js?ver=2.1.6 HTTP/1.1" 200 3322 "http://ec2-13-233-254-101.ap-south-1.compute.amazonaws.com/" "Mozilla/5.0 (Linux; Android 9; SAMSUNG SM-G950F) AppleWebKit/537.36 (KHTML, like Gecko) SamsungBrowser/10.2 Chrome/71.0.3578.99 Mobile Safari/537.36"
196.16.249.220 - - [19/Jun/2020:16:18:40 +0000] "GET /wp-content/themes/amphibious/js/superfish.js?ver=1.7.10 HTTP/1.1" 200 2795 "-" "Mozilla/5.0 (Windows NT 10.0; Win64; x64) AppleWebKit/537.36 (KHTML, like Gecko) Chrome/80.0.3987.163 Safari/537.36"
186.179.21.136 - - [19/Jun/2020:16:18:39 +0000] "GET /wp-content/themes/amphibious/webfonts/fa-solid-900.woff HTTP/1.1" 200 99284 "-" "Mozilla/5.0 (Windows NT 10.0; Win64; x64) AppleWebKit/537.36 (KHTML, like Gecko) Chrome/80.0.3987.163 Safari/537.36"
104.194.139.245 - - [19/Jun/2020:16:18:40 +0000] "GET /wp-content/themes/amphibious/js/custom.js?ver=1.0 HTTP/1.1" 200 2599 "-" "Mozilla/5.0 (X11; Ubuntu; Linux x86_64; rv:75.0) Gecko/20100101 Firefox/75.0"
104.194.139.245 - - [19/Jun/2020:16:18:40 +0000] "GET /wp-includes/js/wp-embed.min.js?ver=5.4.2 HTTP/1.1" 200 1118 "-" "Mozilla/5.0 (X11; Ubuntu; Linux x86_64; rv:75.0) Gecko/20100101 Firefox/75.0"
104.194.139.245 - - [19/Jun/2020:16:18:40 +0000] "GET /wp-includes/js/jquery/jquery.js?ver=1.12.4-wp HTTP/1.1" 200 34130 "-" "Mozilla/5.0 (X11; Ubuntu; Linux x86_64; rv:75.0) Gecko/20100101 Firefox/75.0"
91.231.143.195 - - [19/Jun/2020:16:18:40 +0000] "GET /wp-includes/js/jquery/jquery-migrate.min.js?ver=1.4.1 HTTP/1.1" 200 4366 "http://ec2-13-233-254-101.ap-south-1.compute.amazonaws.com/" "Mozilla/5.0 (Linux; Android 9; SAMSUNG SM-G950F) AppleWebKit/537.36 (KHTML, like Gecko) SamsungBrowser/10.2 Chrome/71.0.3578.99 Mobile Safari/537.36"
91.231.143.195 - - [19/Jun/2020:16:18:40 +0000] "GET /wp-content/themes/amphibious/style.css?ver=5.4.2 HTTP/1.1" 200 15938 "http://ec2-13-233-254-101.ap-south-1.compute.amazonaws.com/" "Mozilla/5.0 (Linux; Android 9; SAMSUNG SM-G950F) AppleWebKit/537.36 (KHTML, like Gecko) SamsungBrowser/10.2 Chrome/71.0.3578.99 Mobile Safari/537.36"
91.231.143.195 - - [19/Jun/2020:16:18:40 +0000] "GET /wp-includes/js/jquery/jquery.js?ver=1.12.4-wp HTTP/1.1" 200 34130 "http://ec2-13-233-254-101.ap-south-1.compute.amazonaws.com/" "Mozilla/5.0 (Linux; Android 9; SAMSUNG SM-G950F) AppleWebKit/537.36 (KHTML, like Gecko) SamsungBrowser/10.2 Chrome/71.0.3578.99 Mobile Safari/537.36"
91.231.143.195 - - [19/Jun/2020:16:18:40 +0000] "GET /wp-content/themes/amphibious/css/fontawesome-all.css?ver=5.4.2 HTTP/1.1" 200 13249 "http://ec2-13-233-254-101.ap-south-1.compute.amazonaws.com/" "Mozilla/5.0 (Linux; Android 9; SAMSUNG SM-G950F) AppleWebKit/537.36 (KHTML, like Gecko) SamsungBrowser/10.2 Chrome/71.0.3578.99 Mobile Safari/537.36"
196.16.249.220 - - [19/Jun/2020:16:18:40 +0000] "GET /wp-includes/js/wp-embed.min.js?ver=5.4.2 HTTP/1.1" 200 1118 "-" "Mozilla/5.0 (Windows NT 10.0; Win64; x64) AppleWebKit/537.36 (KHTML, like Gecko) Chrome/80.0.3987.163 Safari/537.36"
196.16.249.220 - - [19/Jun/2020:16:18:40 +0000] "GET /wp-content/themes/amphibious/js/custom.js?ver=1.0 HTTP/1.1" 200 2599 "-" "Mozilla/5.0 (Windows NT 10.0; Win64; x64) AppleWebKit/537.36 (KHTML, like Gecko) Chrome/80.0.3987.163 Safari/537.36"
186.179.21.136 - - [19/Jun/2020:16:18:40 +0000] "GET /wp-content/uploads/2020/06/cropped-untitled-2-1-32x32.png HTTP/1.1" 200 1248 "-" "Mozilla/5.0 (Windows NT 10.0; Win64; x64) AppleWebKit/537.36 (KHTML, like Gecko) Chrome/80.0.3987.163 Safari/537.36"
142.147.108.100 - - [19/Jun/2020:16:18:40 +0000] "GET /wp-content/themes/amphibious/webfonts/fa-solid-900.woff2 HTTP/1.1" 200 76318 "http://marshallcoders.ddns.net/wp-content/themes/amphibious/css/fontawesome-all.css?ver=5.4.2" "Mozilla/5.0 (Windows NT 10.0; Win64; x64) AppleWebKit/537.36 (KHTML, like Gecko) Chrome/70.0.3538.102 Safari/537.36 Edge/18.18362"
91.231.143.195 - - [19/Jun/2020:16:18:40 +0000] "GET /wp-content/themes/amphibious/css/bootstrap-grid.css?ver=5.4.2 HTTP/1.1" 200 8405 "http://ec2-13-233-254-101.ap-south-1.compute.amazonaws.com/" "Mozilla/5.0 (Linux; Android 9; SAMSUNG SM-G950F) AppleWebKit/537.36 (KHTML, like Gecko) SamsungBrowser/10.2 Chrome/71.0.3578.99 Mobile Safari/537.36"
104.194.139.245 - - [19/Jun/2020:16:18:40 +0000] "GET /wp-content/themes/amphibious/style.css?ver=5.4.2 HTTP/1.1" 200 15937 "-" "Mozilla/5.0 (X11; Ubuntu; Linux x86_64; rv:75.0) Gecko/20100101 Firefox/75.0"
186.179.21.136 - - [19/Jun/2020:16:18:40 +0000] "GET /wp-content/themes/amphibious/webfonts/fa-solid-900.ttf HTTP/1.1" 200 109824 "-" "Mozilla/5.0 (Windows NT 10.0; Win64; x64) AppleWebKit/537.36 (KHTML, like Gecko) Chrome/80.0.3987.163 Safari/537.36"
91.231.143.195 - - [19/Jun/2020:16:18:40 +0000] "GET /wp-content/themes/amphibious/js/fitvids.js?ver=1.1 HTTP/1.1" 200 1693 "http://ec2-13-233-254-101.ap-south-1.compute.amazonaws.com/" "Mozilla/5.0 (Linux; Android 9; SAMSUNG SM-G950F) AppleWebKit/537.36 (KHTML, like Gecko) SamsungBrowser/10.2 Chrome/71.0.3578.99 Mobile Safari/537.36"
196.16.249.220 - - [19/Jun/2020:16:18:41 +0000] "GET /wp-includes/js/wp-emoji-release.min.js?ver=5.4.2 HTTP/1.1" 200 5004 "-" "Mozilla/5.0 (Windows NT 10.0; Win64; x64) AppleWebKit/537.36 (KHTML, like Gecko) Chrome/80.0.3987.163 Safari/537.36"
91.231.143.195 - - [19/Jun/2020:16:18:41 +0000] "GET /wp-content/themes/amphibious/js/hover-intent.js?ver=r7 HTTP/1.1" 200 1965 "http://ec2-13-233-254-101.ap-south-1.compute.amazonaws.com/" "Mozilla/5.0 (Linux; Android 9; SAMSUNG SM-G950F) AppleWebKit/537.36 (KHTML, like Gecko) SamsungBrowser/10.2 Chrome/71.0.3578.99 Mobile Safari/537.36"
91.231.143.195 - - [19/Jun/2020:16:18:41 +0000] "GET /wp-content/themes/amphibious/js/superfish.js?ver=1.7.10 HTTP/1.1" 200 2795 "http://ec2-13-233-254-101.ap-south-1.compute.amazonaws.com/" "Mozilla/5.0 (Linux; Android 9; SAMSUNG SM-G950F) AppleWebKit/537.36 (KHTML, like Gecko) SamsungBrowser/10.2 Chrome/71.0.3578.99 Mobile Safari/537.36"
91.231.143.195 - - [19/Jun/2020:16:18:41 +0000] "GET /wp-content/themes/amphibious/js/custom.js?ver=1.0 HTTP/1.1" 200 2600 "http://ec2-13-233-254-101.ap-south-1.compute.amazonaws.com/" "Mozilla/5.0 (Linux; Android 9; SAMSUNG SM-G950F) AppleWebKit/537.36 (KHTML, like Gecko) SamsungBrowser/10.2 Chrome/71.0.3578.99 Mobile Safari/537.36"
91.231.143.195 - - [19/Jun/2020:16:18:41 +0000] "GET /wp-includes/js/wp-embed.min.js?ver=5.4.2 HTTP/1.1" 200 1119 "http://ec2-13-233-254-101.ap-south-1.compute.amazonaws.com/" "Mozilla/5.0 (Linux; Android 9; SAMSUNG SM-G950F) AppleWebKit/537.36 (KHTML, like Gecko) SamsungBrowser/10.2 Chrome/71.0.3578.99 Mobile Safari/537.36"
142.147.108.100 - - [19/Jun/2020:16:18:41 +0000] "GET /wp-content/themes/amphibious/webfonts/fa-solid-900.woff HTTP/1.1" 200 99229 "http://marshallcoders.ddns.net/wp-content/themes/amphibious/css/fontawesome-all.css?ver=5.4.2" "Mozilla/5.0 (Windows NT 10.0; Win64; x64) AppleWebKit/537.36 (KHTML, like Gecko) Chrome/70.0.3538.102 Safari/537.36 Edge/18.18362"
91.231.143.195 - - [19/Jun/2020:16:18:42 +0000] "GET /wp-includes/js/wp-emoji-release.min.js?ver=5.4.2 HTTP/1.1" 200 5004 "http://ec2-13-233-254-101.ap-south-1.compute.amazonaws.com/" "Mozilla/5.0 (Linux; Android 9; SAMSUNG SM-G950F) AppleWebKit/537.36 (KHTML, like Gecko) SamsungBrowser/10.2 Chrome/71.0.3578.99 Mobile Safari/537.36"
196.16.249.220 - - [19/Jun/2020:16:18:41 +0000] "GET /wp-content/themes/amphibious/webfonts/fa-solid-900.woff2 HTTP/1.1" 200 76373 "-" "Mozilla/5.0 (Windows NT 10.0; Win64; x64) AppleWebKit/537.36 (KHTML, like Gecko) Chrome/80.0.3987.163 Safari/537.36"
142.147.108.100 - - [19/Jun/2020:16:18:43 +0000] "GET /wp-content/uploads/2020/06/cropped-untitled-2-1-32x32.png HTTP/1.1" 200 1193 "http://ec2-13-233-254-101.ap-south-1.compute.amazonaws.com/" "Mozilla/5.0 (Windows NT 10.0; Win64; x64) AppleWebKit/537.36 (KHTML, like Gecko) Chrome/70.0.3538.102 Safari/537.36 Edge/18.18362"
91.231.143.195 - - [19/Jun/2020:16:18:42 +0000] "GET /wp-content/themes/amphibious/webfonts/fa-solid-900.woff2 HTTP/1.1" 200 47260 "http://marshallcoders.ddns.net/wp-content/themes/amphibious/css/fontawesome-all.css?ver=5.4.2" "Mozilla/5.0 (Linux; Android 9; SAMSUNG SM-G950F) AppleWebKit/537.36 (KHTML, like Gecko) SamsungBrowser/10.2 Chrome/71.0.3578.99 Mobile Safari/537.36"
142.147.108.100 - - [19/Jun/2020:16:18:42 +0000] "GET /wp-content/themes/amphibious/webfonts/fa-solid-900.ttf HTTP/1.1" 200 112944 "http://marshallcoders.ddns.net/wp-content/themes/amphibious/css/fontawesome-all.css?ver=5.4.2" "Mozilla/5.0 (Windows NT 10.0; Win64; x64) AppleWebKit/537.36 (KHTML, like Gecko) Chrome/70.0.3538.102 Safari/537.36 Edge/18.18362"
196.16.249.220 - - [19/Jun/2020:16:18:42 +0000] "GET /wp-content/themes/amphibious/webfonts/fa-solid-900.woff HTTP/1.1" 200 99284 "-" "Mozilla/5.0 (Windows NT 10.0; Win64; x64) AppleWebKit/537.36 (KHTML, like Gecko) Chrome/80.0.3987.163 Safari/537.36"
91.231.143.195 - - [19/Jun/2020:16:18:43 +0000] "GET /wp-content/themes/amphibious/webfonts/fa-solid-900.woff HTTP/1.1" 200 48650 "http://marshallcoders.ddns.net/wp-content/themes/amphibious/css/fontawesome-all.css?ver=5.4.2" "Mozilla/5.0 (Linux; Android 9; SAMSUNG SM-G950F) AppleWebKit/537.36 (KHTML, like Gecko) SamsungBrowser/10.2 Chrome/71.0.3578.99 Mobile Safari/537.36"
127.0.0.1 - - [19/Jun/2020:16:18:44 +0000] "OPTIONS * HTTP/1.0" 200 126 "-" "Apache/2.4.38 (Debian) PHP/7.3.19 (internal dummy connection)"
91.231.143.195 - - [19/Jun/2020:16:18:44 +0000] "GET /wp-content/themes/amphibious/webfonts/fa-solid-900.ttf HTTP/1.1" 200 45870 "http://marshallcoders.ddns.net/wp-content/themes/amphibious/css/fontawesome-all.css?ver=5.4.2" "Mozilla/5.0 (Linux; Android 9; SAMSUNG SM-G950F) AppleWebKit/537.36 (KHTML, like Gecko) SamsungBrowser/10.2 Chrome/71.0.3578.99 Mobile Safari/537.36"
91.231.143.195 - - [19/Jun/2020:16:18:44 +0000] "GET /wp-content/uploads/2020/06/cropped-untitled-2-1-32x32.png HTTP/1.1" 200 1248 "http://ec2-13-233-254-101.ap-south-1.compute.amazonaws.com/" "Mozilla/5.0 (Linux; Android 9; SAMSUNG SM-G950F) AppleWebKit/537.36 (KHTML, like Gecko) SamsungBrowser/10.2 Chrome/71.0.3578.99 Mobile Safari/537.36"
185.199.119.233 - - [19/Jun/2020:16:18:44 +0000] "GET / HTTP/1.1" 200 4768 "-" "Mozilla/5.0 (Windows NT 10.0; Win64; x64) AppleWebKit/537.36 (KHTML, like Gecko) Chrome/80.0.3987.163 Safari/537.36"
196.16.249.220 - - [19/Jun/2020:16:18:44 +0000] "GET /wp-content/uploads/2020/06/cropped-untitled-2-1-32x32.png HTTP/1.1" 200 1249 "-" "Mozilla/5.0 (Windows NT 10.0; Win64; x64) AppleWebKit/537.36 (KHTML, like Gecko) Chrome/80.0.3987.163 Safari/537.36"
127.0.0.1 - - [19/Jun/2020:16:18:45 +0000] "OPTIONS * HTTP/1.0" 200 126 "-" "Apache/2.4.38 (Debian) PHP/7.3.19 (internal dummy connection)"
196.16.249.220 - - [19/Jun/2020:16:18:43 +0000] "GET /wp-content/themes/amphibious/webfonts/fa-solid-900.ttf HTTP/1.1" 200 92672 "-" "Mozilla/5.0 (Windows NT 10.0; Win64; x64) AppleWebKit/537.36 (KHTML, like Gecko) Chrome/80.0.3987.163 Safari/537.36"
127.0.0.1 - - [19/Jun/2020:16:18:46 +0000] "OPTIONS * HTTP/1.0" 200 126 "-" "Apache/2.4.38 (Debian) PHP/7.3.19 (internal dummy connection)"
185.199.119.233 - - [19/Jun/2020:16:18:46 +0000] "GET /wp-content/themes/amphibious/css/bootstrap-grid.css?ver=5.4.2 HTTP/1.1" 200 8405 "-" "Mozilla/5.0 (Windows NT 10.0; Win64; x64) AppleWebKit/537.36 (KHTML, like Gecko) Chrome/80.0.3987.163 Safari/537.36"
185.199.119.233 - - [19/Jun/2020:16:18:47 +0000] "GET /wp-includes/css/dist/block-library/style.min.css?ver=5.4.2 HTTP/1.1" 200 7980 "-" "Mozilla/5.0 (Windows NT 10.0; Win64; x64) AppleWebKit/537.36 (KHTML, like Gecko) Chrome/80.0.3987.163 Safari/537.36"
127.0.0.1 - - [19/Jun/2020:16:18:47 +0000] "OPTIONS * HTTP/1.0" 200 126 "-" "Apache/2.4.38 (Debian) PHP/7.3.19 (internal dummy connection)"
185.199.119.233 - - [19/Jun/2020:16:18:47 +0000] "GET /wp-content/themes/amphibious/js/enquire.js?ver=2.1.6 HTTP/1.1" 200 3321 "-" "Mozilla/5.0 (Windows NT 10.0; Win64; x64) AppleWebKit/537.36 (KHTML, like Gecko) Chrome/80.0.3987.163 Safari/537.36"
185.199.119.233 - - [19/Jun/2020:16:18:47 +0000] "GET /wp-content/themes/amphibious/js/fitvids.js?ver=1.1 HTTP/1.1" 200 1692 "-" "Mozilla/5.0 (Windows NT 10.0; Win64; x64) AppleWebKit/537.36 (KHTML, like Gecko) Chrome/80.0.3987.163 Safari/537.36"
185.199.119.233 - - [19/Jun/2020:16:18:47 +0000] "GET /wp-content/themes/amphibious/js/hover-intent.js?ver=r7 HTTP/1.1" 200 1964 "-" "Mozilla/5.0 (Windows NT 10.0; Win64; x64) AppleWebKit/537.36 (KHTML, like Gecko) Chrome/80.0.3987.163 Safari/537.36"
185.199.119.233 - - [19/Jun/2020:16:18:48 +0000] "GET /wp-content/themes/amphibious/css/fontawesome-all.css?ver=5.4.2 HTTP/1.1" 200 13248 "-" "Mozilla/5.0 (Windows NT 10.0; Win64; x64) AppleWebKit/537.36 (KHTML, like Gecko) Chrome/80.0.3987.163 Safari/537.36"
127.0.0.1 - - [19/Jun/2020:16:18:48 +0000] "OPTIONS * HTTP/1.0" 200 126 "-" "Apache/2.4.38 (Debian) PHP/7.3.19 (internal dummy connection)"
185.199.119.233 - - [19/Jun/2020:16:18:48 +0000] "GET /wp-content/themes/amphibious/js/superfish.js?ver=1.7.10 HTTP/1.1" 200 2796 "-" "Mozilla/5.0 (Windows NT 10.0; Win64; x64) AppleWebKit/537.36 (KHTML, like Gecko) Chrome/80.0.3987.163 Safari/537.36"
185.199.119.233 - - [19/Jun/2020:16:18:48 +0000] "GET /wp-content/themes/amphibious/js/custom.js?ver=1.0 HTTP/1.1" 200 2599 "-" "Mozilla/5.0 (Windows NT 10.0; Win64; x64) AppleWebKit/537.36 (KHTML, like Gecko) Chrome/80.0.3987.163 Safari/537.36"
185.199.119.233 - - [19/Jun/2020:16:18:48 +0000] "GET /wp-includes/js/jquery/jquery-migrate.min.js?ver=1.4.1 HTTP/1.1" 200 4365 "-" "Mozilla/5.0 (Windows NT 10.0; Win64; x64) AppleWebKit/537.36 (KHTML, like Gecko) Chrome/80.0.3987.163 Safari/537.36"
185.199.119.233 - - [19/Jun/2020:16:18:48 +0000] "GET /wp-includes/js/jquery/jquery.js?ver=1.12.4-wp HTTP/1.1" 200 34130 "-" "Mozilla/5.0 (Windows NT 10.0; Win64; x64) AppleWebKit/537.36 (KHTML, like Gecko) Chrome/80.0.3987.163 Safari/537.36"
185.199.119.233 - - [19/Jun/2020:16:18:48 +0000] "GET /wp-includes/js/wp-embed.min.js?ver=5.4.2 HTTP/1.1" 200 1118 "-" "Mozilla/5.0 (Windows NT 10.0; Win64; x64) AppleWebKit/537.36 (KHTML, like Gecko) Chrome/80.0.3987.163 Safari/537.36"
185.199.119.233 - - [19/Jun/2020:16:18:49 +0000] "GET /wp-includes/js/wp-emoji-release.min.js?ver=5.4.2 HTTP/1.1" 200 5004 "-" "Mozilla/5.0 (Windows NT 10.0; Win64; x64) AppleWebKit/537.36 (KHTML, like Gecko) Chrome/80.0.3987.163 Safari/537.36"
127.0.0.1 - - [19/Jun/2020:16:18:49 +0000] "OPTIONS * HTTP/1.0" 200 126 "-" "Apache/2.4.38 (Debian) PHP/7.3.19 (internal dummy connection)"
127.0.0.1 - - [19/Jun/2020:16:18:50 +0000] "OPTIONS * HTTP/1.0" 200 126 "-" "Apache/2.4.38 (Debian) PHP/7.3.19 (internal dummy connection)"
127.0.0.1 - - [19/Jun/2020:16:18:51 +0000] "OPTIONS * HTTP/1.0" 200 126 "-" "Apache/2.4.38 (Debian) PHP/7.3.19 (internal dummy connection)"
127.0.0.1 - - [19/Jun/2020:16:18:52 +0000] "OPTIONS * HTTP/1.0" 200 126 "-" "Apache/2.4.38 (Debian) PHP/7.3.19 (internal dummy connection)"
104.194.155.171 - - [19/Jun/2020:16:18:52 +0000] "GET / HTTP/1.1" 200 4768 "-" "Mozilla/5.0 (Windows NT 10.0; Win64; x64) AppleWebKit/537.36 (KHTML, like Gecko) Chrome/81.0.4044.122 Safari/537.36"
104.194.139.245 - - [19/Jun/2020:16:18:53 +0000] "GET /wp-includes/js/jquery/jquery-migrate.min.js?ver=1.4.1 HTTP/1.1" 200 4366 "-" "Mozilla/5.0 (X11; Ubuntu; Linux x86_64; rv:75.0) Gecko/20100101 Firefox/75.0"
104.194.139.245 - - [19/Jun/2020:16:18:53 +0000] "GET /wp-content/themes/amphibious/css/fontawesome-all.css?ver=5.4.2 HTTP/1.1" 200 13249 "-" "Mozilla/5.0 (X11; Ubuntu; Linux x86_64; rv:75.0) Gecko/20100101 Firefox/75.0"
127.0.0.1 - - [19/Jun/2020:16:18:53 +0000] "OPTIONS * HTTP/1.0" 200 126 "-" "Apache/2.4.38 (Debian) PHP/7.3.19 (internal dummy connection)"
104.194.139.245 - - [19/Jun/2020:16:18:54 +0000] "GET /wp-includes/js/wp-emoji-release.min.js?ver=5.4.2 HTTP/1.1" 200 5004 "-" "Mozilla/5.0 (X11; Ubuntu; Linux x86_64; rv:75.0) Gecko/20100101 Firefox/75.0"
127.0.0.1 - - [19/Jun/2020:16:18:54 +0000] "OPTIONS * HTTP/1.0" 200 126 "-" "Apache/2.4.38 (Debian) PHP/7.3.19 (internal dummy connection)"
69.4.92.102 - - [19/Jun/2020:16:18:54 +0000] "GET / HTTP/1.1" 200 4712 "https://www.google.com" "Mozilla/5.0 (Windows NT 10.0; Win64; x64; rv:75.0) Gecko/20100101 Firefox/75.0"
104.194.155.171 - - [19/Jun/2020:16:18:54 +0000] "GET /wp-includes/css/dist/block-library/style.min.css?ver=5.4.2 HTTP/1.1" 200 7980 "-" "Mozilla/5.0 (Windows NT 10.0; Win64; x64) AppleWebKit/537.36 (KHTML, like Gecko) Chrome/81.0.4044.122 Safari/537.36"
127.0.0.1 - - [19/Jun/2020:16:18:55 +0000] "OPTIONS * HTTP/1.0" 200 126 "-" "Apache/2.4.38 (Debian) PHP/7.3.19 (internal dummy connection)"
196.17.89.24 - - [19/Jun/2020:16:18:55 +0000] "GET / HTTP/1.1" 200 4768 "-" "Mozilla/5.0 (X11; Linux x86_64; rv:68.0) Gecko/20100101 Firefox/68.0"
69.4.92.102 - - [19/Jun/2020:16:18:55 +0000] "GET /wp-includes/css/dist/block-library/style.min.css?ver=5.4.2 HTTP/1.1" 200 7924 "http://ec2-13-233-254-101.ap-south-1.compute.amazonaws.com/" "Mozilla/5.0 (Windows NT 10.0; Win64; x64; rv:75.0) Gecko/20100101 Firefox/75.0"
69.4.92.102 - - [19/Jun/2020:16:18:55 +0000] "GET /wp-content/themes/amphibious/css/fontawesome-all.css?ver=5.4.2 HTTP/1.1" 200 13193 "http://ec2-13-233-254-101.ap-south-1.compute.amazonaws.com/" "Mozilla/5.0 (Windows NT 10.0; Win64; x64; rv:75.0) Gecko/20100101 Firefox/75.0"
69.4.92.102 - - [19/Jun/2020:16:18:55 +0000] "GET /wp-content/themes/amphibious/css/bootstrap-grid.css?ver=5.4.2 HTTP/1.1" 200 8349 "http://ec2-13-233-254-101.ap-south-1.compute.amazonaws.com/" "Mozilla/5.0 (Windows NT 10.0; Win64; x64; rv:75.0) Gecko/20100101 Firefox/75.0"
69.4.92.102 - - [19/Jun/2020:16:18:55 +0000] "GET /wp-includes/js/jquery/jquery-migrate.min.js?ver=1.4.1 HTTP/1.1" 200 4310 "http://ec2-13-233-254-101.ap-south-1.compute.amazonaws.com/" "Mozilla/5.0 (Windows NT 10.0; Win64; x64; rv:75.0) Gecko/20100101 Firefox/75.0"
69.4.92.102 - - [19/Jun/2020:16:18:55 +0000] "GET /wp-content/themes/amphibious/style.css?ver=5.4.2 HTTP/1.1" 200 15882 "http://ec2-13-233-254-101.ap-south-1.compute.amazonaws.com/" "Mozilla/5.0 (Windows NT 10.0; Win64; x64; rv:75.0) Gecko/20100101 Firefox/75.0"
69.4.92.102 - - [19/Jun/2020:16:18:55 +0000] "GET /wp-includes/js/jquery/jquery.js?ver=1.12.4-wp HTTP/1.1" 200 34074 "http://ec2-13-233-254-101.ap-south-1.compute.amazonaws.com/" "Mozilla/5.0 (Windows NT 10.0; Win64; x64; rv:75.0) Gecko/20100101 Firefox/75.0"
69.4.92.102 - - [19/Jun/2020:16:18:55 +0000] "GET /wp-content/themes/amphibious/js/enquire.js?ver=2.1.6 HTTP/1.1" 200 3266 "http://ec2-13-233-254-101.ap-south-1.compute.amazonaws.com/" "Mozilla/5.0 (Windows NT 10.0; Win64; x64; rv:75.0) Gecko/20100101 Firefox/75.0"
69.4.92.102 - - [19/Jun/2020:16:18:55 +0000] "GET /wp-content/themes/amphibious/js/fitvids.js?ver=1.1 HTTP/1.1" 200 1637 "http://ec2-13-233-254-101.ap-south-1.compute.amazonaws.com/" "Mozilla/5.0 (Windows NT 10.0; Win64; x64; rv:75.0) Gecko/20100101 Firefox/75.0"
69.4.92.102 - - [19/Jun/2020:16:18:55 +0000] "GET /wp-content/themes/amphibious/js/hover-intent.js?ver=r7 HTTP/1.1" 200 1909 "http://ec2-13-233-254-101.ap-south-1.compute.amazonaws.com/" "Mozilla/5.0 (Windows NT 10.0; Win64; x64; rv:75.0) Gecko/20100101 Firefox/75.0"
69.4.92.102 - - [19/Jun/2020:16:18:55 +0000] "GET /wp-content/themes/amphibious/js/superfish.js?ver=1.7.10 HTTP/1.1" 200 2740 "http://ec2-13-233-254-101.ap-south-1.compute.amazonaws.com/" "Mozilla/5.0 (Windows NT 10.0; Win64; x64; rv:75.0) Gecko/20100101 Firefox/75.0"
69.4.92.102 - - [19/Jun/2020:16:18:56 +0000] "GET /wp-content/themes/amphibious/js/custom.js?ver=1.0 HTTP/1.1" 200 2544 "http://ec2-13-233-254-101.ap-south-1.compute.amazonaws.com/" "Mozilla/5.0 (Windows NT 10.0; Win64; x64; rv:75.0) Gecko/20100101 Firefox/75.0"
69.4.92.102 - - [19/Jun/2020:16:18:56 +0000] "GET /wp-includes/js/wp-embed.min.js?ver=5.4.2 HTTP/1.1" 200 1063 "http://ec2-13-233-254-101.ap-south-1.compute.amazonaws.com/" "Mozilla/5.0 (Windows NT 10.0; Win64; x64; rv:75.0) Gecko/20100101 Firefox/75.0"
127.0.0.1 - - [19/Jun/2020:16:18:56 +0000] "OPTIONS * HTTP/1.0" 200 126 "-" "Apache/2.4.38 (Debian) PHP/7.3.19 (internal dummy connection)"
69.4.92.102 - - [19/Jun/2020:16:18:56 +0000] "GET /wp-includes/js/wp-emoji-release.min.js?ver=5.4.2 HTTP/1.1" 200 4949 "http://ec2-13-233-254-101.ap-south-1.compute.amazonaws.com/" "Mozilla/5.0 (Windows NT 10.0; Win64; x64; rv:75.0) Gecko/20100101 Firefox/75.0"
69.4.92.102 - - [19/Jun/2020:16:18:56 +0000] "GET /wp-content/themes/amphibious/webfonts/fa-solid-900.woff2 HTTP/1.1" 200 76318 "http://marshallcoders.ddns.net/wp-content/themes/amphibious/css/fontawesome-all.css?ver=5.4.2" "Mozilla/5.0 (Windows NT 10.0; Win64; x64; rv:75.0) Gecko/20100101 Firefox/75.0"
104.194.155.171 - - [19/Jun/2020:16:18:57 +0000] "GET /wp-includes/js/jquery/jquery-migrate.min.js?ver=1.4.1 HTTP/1.1" 200 4365 "-" "Mozilla/5.0 (Windows NT 10.0; Win64; x64) AppleWebKit/537.36 (KHTML, like Gecko) Chrome/81.0.4044.122 Safari/537.36"
127.0.0.1 - - [19/Jun/2020:16:18:57 +0000] "OPTIONS * HTTP/1.0" 200 126 "-" "Apache/2.4.38 (Debian) PHP/7.3.19 (internal dummy connection)"
69.4.92.102 - - [19/Jun/2020:16:18:57 +0000] "GET /wp-content/themes/amphibious/webfonts/fa-solid-900.woff HTTP/1.1" 200 99229 "http://marshallcoders.ddns.net/wp-content/themes/amphibious/css/fontawesome-all.css?ver=5.4.2" "Mozilla/5.0 (Windows NT 10.0; Win64; x64; rv:75.0) Gecko/20100101 Firefox/75.0"
104.194.155.171 - - [19/Jun/2020:16:18:57 +0000] "GET /wp-content/themes/amphibious/js/enquire.js?ver=2.1.6 HTTP/1.1" 200 3321 "-" "Mozilla/5.0 (Windows NT 10.0; Win64; x64) AppleWebKit/537.36 (KHTML, like Gecko) Chrome/81.0.4044.122 Safari/537.36"
104.194.155.171 - - [19/Jun/2020:16:18:57 +0000] "GET /wp-content/themes/amphibious/style.css?ver=5.4.2 HTTP/1.1" 200 15938 "-" "Mozilla/5.0 (Windows NT 10.0; Win64; x64) AppleWebKit/537.36 (KHTML, like Gecko) Chrome/81.0.4044.122 Safari/537.36"
104.194.155.171 - - [19/Jun/2020:16:18:57 +0000] "GET /wp-includes/js/jquery/jquery.js?ver=1.12.4-wp HTTP/1.1" 200 34130 "-" "Mozilla/5.0 (Windows NT 10.0; Win64; x64) AppleWebKit/537.36 (KHTML, like Gecko) Chrome/81.0.4044.122 Safari/537.36"
107.178.110.168 - - [19/Jun/2020:16:18:57 +0000] "GET / HTTP/1.1" 200 4768 "https://www.google.com" "Mozilla/5.0 (Macintosh; Intel Mac OS X 10_14_6) AppleWebKit/537.36 (KHTML, like Gecko) Chrome/80.0.3987.163 Safari/537.36"
69.4.92.102 - - [19/Jun/2020:16:18:57 +0000] "GET /wp-content/themes/amphibious/webfonts/fa-solid-900.ttf HTTP/1.1" 200 194013 "http://marshallcoders.ddns.net/wp-content/themes/amphibious/css/fontawesome-all.css?ver=5.4.2" "Mozilla/5.0 (Windows NT 10.0; Win64; x64; rv:75.0) Gecko/20100101 Firefox/75.0"
104.194.155.171 - - [19/Jun/2020:16:18:58 +0000] "GET /wp-content/themes/amphibious/js/fitvids.js?ver=1.1 HTTP/1.1" 200 1692 "-" "Mozilla/5.0 (Windows NT 10.0; Win64; x64) AppleWebKit/537.36 (KHTML, like Gecko) Chrome/81.0.4044.122 Safari/537.36"
104.194.155.171 - - [19/Jun/2020:16:18:58 +0000] "GET /wp-content/themes/amphibious/js/hover-intent.js?ver=r7 HTTP/1.1" 200 1964 "-" "Mozilla/5.0 (Windows NT 10.0; Win64; x64) AppleWebKit/537.36 (KHTML, like Gecko) Chrome/81.0.4044.122 Safari/537.36"
104.194.155.171 - - [19/Jun/2020:16:18:58 +0000] "GET /wp-content/themes/amphibious/js/superfish.js?ver=1.7.10 HTTP/1.1" 200 2795 "-" "Mozilla/5.0 (Windows NT 10.0; Win64; x64) AppleWebKit/537.36 (KHTML, like Gecko) Chrome/81.0.4044.122 Safari/537.36"
127.0.0.1 - - [19/Jun/2020:16:18:58 +0000] "OPTIONS * HTTP/1.0" 200 126 "-" "Apache/2.4.38 (Debian) PHP/7.3.19 (internal dummy connection)"
162.245.6.15 - - [19/Jun/2020:16:18:58 +0000] "GET / HTTP/1.1" 200 4768 "-" "Mozilla/5.0 (Windows NT 10.0; Win64; x64) AppleWebKit/537.36 (KHTML, like Gecko) Chrome/80.0.3987.116 Safari/537.36 OPR/67.0.3575.130"
104.194.155.171 - - [19/Jun/2020:16:18:58 +0000] "GET /wp-content/themes/amphibious/js/custom.js?ver=1.0 HTTP/1.1" 200 2599 "-" "Mozilla/5.0 (Windows NT 10.0; Win64; x64) AppleWebKit/537.36 (KHTML, like Gecko) Chrome/81.0.4044.122 Safari/537.36"
104.194.155.171 - - [19/Jun/2020:16:18:58 +0000] "GET /wp-includes/js/wp-embed.min.js?ver=5.4.2 HTTP/1.1" 200 1118 "-" "Mozilla/5.0 (Windows NT 10.0; Win64; x64) AppleWebKit/537.36 (KHTML, like Gecko) Chrome/81.0.4044.122 Safari/537.36"
148.163.78.161 - - [19/Jun/2020:16:18:58 +0000] "GET / HTTP/1.1" 200 4768 "https://www.google.com" "Mozilla/5.0 (Macintosh; Intel Mac OS X 10.15; rv:75.0) Gecko/20100101 Firefox/75.0"
193.176.237.104 - - [19/Jun/2020:16:18:58 +0000] "GET / HTTP/1.1" 200 4768 "https://en.wikipedia.org/wiki/Main_Page" "Mozilla/5.0 (Windows NT 10.0; Win64; x64) AppleWebKit/537.36 (KHTML, like Gecko) Chrome/64.0.3282.140 Safari/537.36 Edge/18.17763"
196.17.89.24 - - [19/Jun/2020:16:18:59 +0000] "GET /wp-content/themes/amphibious/css/bootstrap-grid.css?ver=5.4.2 HTTP/1.1" 200 8405 "-" "Mozilla/5.0 (X11; Linux x86_64; rv:68.0) Gecko/20100101 Firefox/68.0"
107.178.110.168 - - [19/Jun/2020:16:18:59 +0000] "GET /wp-content/themes/amphibious/css/fontawesome-all.css?ver=5.4.2 HTTP/1.1" 200 13249 "http://ec2-13-233-254-101.ap-south-1.compute.amazonaws.com/" "Mozilla/5.0 (Macintosh; Intel Mac OS X 10_14_6) AppleWebKit/537.36 (KHTML, like Gecko) Chrome/80.0.3987.163 Safari/537.36"
107.178.110.168 - - [19/Jun/2020:16:18:59 +0000] "GET /wp-includes/css/dist/block-library/style.min.css?ver=5.4.2 HTTP/1.1" 200 7980 "http://ec2-13-233-254-101.ap-south-1.compute.amazonaws.com/" "Mozilla/5.0 (Macintosh; Intel Mac OS X 10_14_6) AppleWebKit/537.36 (KHTML, like Gecko) Chrome/80.0.3987.163 Safari/537.36"
107.178.110.168 - - [19/Jun/2020:16:18:59 +0000] "GET /wp-content/themes/amphibious/css/bootstrap-grid.css?ver=5.4.2 HTTP/1.1" 200 8405 "http://ec2-13-233-254-101.ap-south-1.compute.amazonaws.com/" "Mozilla/5.0 (Macintosh; Intel Mac OS X 10_14_6) AppleWebKit/537.36 (KHTML, like Gecko) Chrome/80.0.3987.163 Safari/537.36"
107.178.110.168 - - [19/Jun/2020:16:18:59 +0000] "GET /wp-includes/js/jquery/jquery.js?ver=1.12.4-wp HTTP/1.1" 200 34130 "http://ec2-13-233-254-101.ap-south-1.compute.amazonaws.com/" "Mozilla/5.0 (Macintosh; Intel Mac OS X 10_14_6) AppleWebKit/537.36 (KHTML, like Gecko) Chrome/80.0.3987.163 Safari/537.36"
196.17.89.24 - - [19/Jun/2020:16:18:59 +0000] "GET /wp-includes/js/jquery/jquery-migrate.min.js?ver=1.4.1 HTTP/1.1" 200 4366 "-" "Mozilla/5.0 (X11; Linux x86_64; rv:68.0) Gecko/20100101 Firefox/68.0"
107.178.110.168 - - [19/Jun/2020:16:18:59 +0000] "GET /wp-content/themes/amphibious/style.css?ver=5.4.2 HTTP/1.1" 200 15938 "http://ec2-13-233-254-101.ap-south-1.compute.amazonaws.com/" "Mozilla/5.0 (Macintosh; Intel Mac OS X 10_14_6) AppleWebKit/537.36 (KHTML, like Gecko) Chrome/80.0.3987.163 Safari/537.36"
196.17.89.24 - - [19/Jun/2020:16:18:59 +0000] "GET /wp-content/themes/amphibious/css/fontawesome-all.css?ver=5.4.2 HTTP/1.1" 200 13249 "-" "Mozilla/5.0 (X11; Linux x86_64; rv:68.0) Gecko/20100101 Firefox/68.0"
107.178.110.168 - - [19/Jun/2020:16:18:59 +0000] "GET /wp-includes/js/jquery/jquery-migrate.min.js?ver=1.4.1 HTTP/1.1" 200 4366 "http://ec2-13-233-254-101.ap-south-1.compute.amazonaws.com/" "Mozilla/5.0 (Macintosh; Intel Mac OS X 10_14_6) AppleWebKit/537.36 (KHTML, like Gecko) Chrome/80.0.3987.163 Safari/537.36"
107.178.110.168 - - [19/Jun/2020:16:18:59 +0000] "GET /wp-content/themes/amphibious/js/enquire.js?ver=2.1.6 HTTP/1.1" 200 3321 "http://ec2-13-233-254-101.ap-south-1.compute.amazonaws.com/" "Mozilla/5.0 (Macintosh; Intel Mac OS X 10_14_6) AppleWebKit/537.36 (KHTML, like Gecko) Chrome/80.0.3987.163 Safari/537.36"
107.178.110.168 - - [19/Jun/2020:16:18:59 +0000] "GET /wp-content/themes/amphibious/js/hover-intent.js?ver=r7 HTTP/1.1" 200 1964 "http://ec2-13-233-254-101.ap-south-1.compute.amazonaws.com/" "Mozilla/5.0 (Macintosh; Intel Mac OS X 10_14_6) AppleWebKit/537.36 (KHTML, like Gecko) Chrome/80.0.3987.163 Safari/537.36"
196.17.89.24 - - [19/Jun/2020:16:18:59 +0000] "GET /wp-content/themes/amphibious/js/enquire.js?ver=2.1.6 HTTP/1.1" 200 3321 "-" "Mozilla/5.0 (X11; Linux x86_64; rv:68.0) Gecko/20100101 Firefox/68.0"
104.194.139.245 - - [19/Jun/2020:16:18:59 +0000] "GET /wp-content/themes/amphibious/webfonts/fa-solid-900.woff2 HTTP/1.1" 200 55024 "-" "Mozilla/5.0 (X11; Ubuntu; Linux x86_64; rv:75.0) Gecko/20100101 Firefox/75.0"
196.17.89.24 - - [19/Jun/2020:16:18:59 +0000] "GET /wp-includes/css/dist/block-library/style.min.css?ver=5.4.2 HTTP/1.1" 200 7980 "-" "Mozilla/5.0 (X11; Linux x86_64; rv:68.0) Gecko/20100101 Firefox/68.0"
107.178.110.168 - - [19/Jun/2020:16:18:59 +0000] "GET /wp-content/themes/amphibious/js/superfish.js?ver=1.7.10 HTTP/1.1" 200 2795 "http://ec2-13-233-254-101.ap-south-1.compute.amazonaws.com/" "Mozilla/5.0 (Macintosh; Intel Mac OS X 10_14_6) AppleWebKit/537.36 (KHTML, like Gecko) Chrome/80.0.3987.163 Safari/537.36"
107.178.110.168 - - [19/Jun/2020:16:18:59 +0000] "GET /wp-includes/js/wp-embed.min.js?ver=5.4.2 HTTP/1.1" 200 1118 "http://ec2-13-233-254-101.ap-south-1.compute.amazonaws.com/" "Mozilla/5.0 (Macintosh; Intel Mac OS X 10_14_6) AppleWebKit/537.36 (KHTML, like Gecko) Chrome/80.0.3987.163 Safari/537.36"
196.17.89.24 - - [19/Jun/2020:16:19:00 +0000] "GET /wp-content/themes/amphibious/js/fitvids.js?ver=1.1 HTTP/1.1" 200 1692 "-" "Mozilla/5.0 (X11; Linux x86_64; rv:68.0) Gecko/20100101 Firefox/68.0"
196.17.89.24 - - [19/Jun/2020:16:19:00 +0000] "GET /wp-content/themes/amphibious/js/hover-intent.js?ver=r7 HTTP/1.1" 200 1964 "-" "Mozilla/5.0 (X11; Linux x86_64; rv:68.0) Gecko/20100101 Firefox/68.0"
196.17.89.24 - - [19/Jun/2020:16:19:00 +0000] "GET /wp-content/themes/amphibious/style.css?ver=5.4.2 HTTP/1.1" 200 15938 "-" "Mozilla/5.0 (X11; Linux x86_64; rv:68.0) Gecko/20100101 Firefox/68.0"
196.17.89.24 - - [19/Jun/2020:16:19:00 +0000] "GET /wp-includes/js/jquery/jquery.js?ver=1.12.4-wp HTTP/1.1" 200 34130 "-" "Mozilla/5.0 (X11; Linux x86_64; rv:68.0) Gecko/20100101 Firefox/68.0"
107.178.110.168 - - [19/Jun/2020:16:19:00 +0000] "GET /wp-content/themes/amphibious/js/fitvids.js?ver=1.1 HTTP/1.1" 200 1693 "http://ec2-13-233-254-101.ap-south-1.compute.amazonaws.com/" "Mozilla/5.0 (Macintosh; Intel Mac OS X 10_14_6) AppleWebKit/537.36 (KHTML, like Gecko) Chrome/80.0.3987.163 Safari/537.36"
196.17.89.24 - - [19/Jun/2020:16:19:00 +0000] "GET /wp-content/themes/amphibious/js/superfish.js?ver=1.7.10 HTTP/1.1" 200 2795 "-" "Mozilla/5.0 (X11; Linux x86_64; rv:68.0) Gecko/20100101 Firefox/68.0"
196.17.89.24 - - [19/Jun/2020:16:19:00 +0000] "GET /wp-content/themes/amphibious/js/custom.js?ver=1.0 HTTP/1.1" 200 2599 "-" "Mozilla/5.0 (X11; Linux x86_64; rv:68.0) Gecko/20100101 Firefox/68.0"
148.163.78.161 - - [19/Jun/2020:16:19:01 +0000] "GET /wp-content/themes/amphibious/css/fontawesome-all.css?ver=5.4.2 HTTP/1.1" 200 13249 "http://ec2-13-233-254-101.ap-south-1.compute.amazonaws.com/" "Mozilla/5.0 (Macintosh; Intel Mac OS X 10.15; rv:75.0) Gecko/20100101 Firefox/75.0"
148.163.78.161 - - [19/Jun/2020:16:19:01 +0000] "GET /wp-includes/css/dist/block-library/style.min.css?ver=5.4.2 HTTP/1.1" 200 7980 "http://ec2-13-233-254-101.ap-south-1.compute.amazonaws.com/" "Mozilla/5.0 (Macintosh; Intel Mac OS X 10.15; rv:75.0) Gecko/20100101 Firefox/75.0"
148.163.78.161 - - [19/Jun/2020:16:19:01 +0000] "GET /wp-content/themes/amphibious/css/bootstrap-grid.css?ver=5.4.2 HTTP/1.1" 200 8405 "http://ec2-13-233-254-101.ap-south-1.compute.amazonaws.com/" "Mozilla/5.0 (Macintosh; Intel Mac OS X 10.15; rv:75.0) Gecko/20100101 Firefox/75.0"
148.163.78.161 - - [19/Jun/2020:16:19:01 +0000] "GET /wp-includes/js/jquery/jquery.js?ver=1.12.4-wp HTTP/1.1" 200 34130 "http://ec2-13-233-254-101.ap-south-1.compute.amazonaws.com/" "Mozilla/5.0 (Macintosh; Intel Mac OS X 10.15; rv:75.0) Gecko/20100101 Firefox/75.0"
196.17.89.24 - - [19/Jun/2020:16:19:01 +0000] "GET /wp-includes/js/wp-embed.min.js?ver=5.4.2 HTTP/1.1" 200 1118 "-" "Mozilla/5.0 (X11; Linux x86_64; rv:68.0) Gecko/20100101 Firefox/68.0"
107.178.110.168 - - [19/Jun/2020:16:19:01 +0000] "GET /wp-content/themes/amphibious/webfonts/fa-solid-900.woff2 HTTP/1.1" 200 76373 "http://marshallcoders.ddns.net/wp-content/themes/amphibious/css/fontawesome-all.css?ver=5.4.2" "Mozilla/5.0 (Macintosh; Intel Mac OS X 10_14_6) AppleWebKit/537.36 (KHTML, like Gecko) Chrome/80.0.3987.163 Safari/537.36"
148.163.78.161 - - [19/Jun/2020:16:19:01 +0000] "GET /wp-content/themes/amphibious/js/hover-intent.js?ver=r7 HTTP/1.1" 200 1964 "http://ec2-13-233-254-101.ap-south-1.compute.amazonaws.com/" "Mozilla/5.0 (Macintosh; Intel Mac OS X 10.15; rv:75.0) Gecko/20100101 Firefox/75.0"
148.163.78.161 - - [19/Jun/2020:16:19:02 +0000] "GET /wp-includes/js/jquery/jquery-migrate.min.js?ver=1.4.1 HTTP/1.1" 200 4366 "http://ec2-13-233-254-101.ap-south-1.compute.amazonaws.com/" "Mozilla/5.0 (Macintosh; Intel Mac OS X 10.15; rv:75.0) Gecko/20100101 Firefox/75.0"
193.176.237.104 - - [19/Jun/2020:16:19:02 +0000] "GET /wp-includes/js/jquery/jquery-migrate.min.js?ver=1.4.1 HTTP/1.1" 200 4366 "http://ec2-13-233-254-101.ap-south-1.compute.amazonaws.com/" "Mozilla/5.0 (Windows NT 10.0; Win64; x64) AppleWebKit/537.36 (KHTML, like Gecko) Chrome/64.0.3282.140 Safari/537.36 Edge/18.17763"
