107.167.87.80 - - [19/Jun/2020:16:09:15 +0000] "GET /wp-includes/js/jquery/jquery.js?ver=1.12.4-wp HTTP/1.1" 200 34130 "http://marshallcoders.ddns.net/" "Mozilla/5.0 (Windows NT 10.0; Win64; x64) AppleWebKit/537.36 (KHTML, like Gecko) Chrome/81.0.4044.122 Safari/537.36"
104.194.136.244 - - [19/Jun/2020:16:09:15 +0000] "GET /wp-includes/js/jquery/jquery-migrate.min.js?ver=1.4.1 HTTP/1.1" 200 4365 "-" "Mozilla/5.0 (Windows NT 10.0; Win64; x64; rv:74.0) Gecko/20100101 Firefox/74.0"
185.199.118.186 - - [19/Jun/2020:16:09:15 +0000] "GET /wp-includes/js/jquery/jquery.js?ver=1.12.4-wp HTTP/1.1" 200 34130 "-" "Mozilla/5.0 (iPhone; CPU iPhone OS 13_3_1 like Mac OS X) AppleWebKit/605.1.15 (KHTML, like Gecko) Version/13.0.5 Mobile/15E148 Safari/604.1"
107.167.87.80 - - [19/Jun/2020:16:09:15 +0000] "GET /wp-content/themes/amphibious/js/enquire.js?ver=2.1.6 HTTP/1.1" 200 3321 "http://marshallcoders.ddns.net/" "Mozilla/5.0 (Windows NT 10.0; Win64; x64) AppleWebKit/537.36 (KHTML, like Gecko) Chrome/81.0.4044.122 Safari/537.36"
104.194.136.244 - - [19/Jun/2020:16:09:15 +0000] "GET /wp-content/themes/amphibious/css/bootstrap-grid.css?ver=5.4.2 HTTP/1.1" 200 8404 "-" "Mozilla/5.0 (Windows NT 10.0; Win64; x64; rv:74.0) Gecko/20100101 Firefox/74.0"
127.0.0.1 - - [19/Jun/2020:16:09:15 +0000] "OPTIONS * HTTP/1.0" 200 126 "-" "Apache/2.4.38 (Debian) PHP/7.3.19 (internal dummy connection)"
107.167.87.80 - - [19/Jun/2020:16:09:15 +0000] "GET /wp-content/themes/amphibious/js/fitvids.js?ver=1.1 HTTP/1.1" 200 1692 "http://marshallcoders.ddns.net/" "Mozilla/5.0 (Windows NT 10.0; Win64; x64) AppleWebKit/537.36 (KHTML, like Gecko) Chrome/81.0.4044.122 Safari/537.36"
107.167.87.80 - - [19/Jun/2020:16:09:15 +0000] "GET /wp-content/themes/amphibious/js/hover-intent.js?ver=r7 HTTP/1.1" 200 1964 "http://marshallcoders.ddns.net/" "Mozilla/5.0 (Windows NT 10.0; Win64; x64) AppleWebKit/537.36 (KHTML, like Gecko) Chrome/81.0.4044.122 Safari/537.36"
185.199.118.186 - - [19/Jun/2020:16:09:15 +0000] "GET /wp-includes/js/wp-emoji-release.min.js?ver=5.4.2 HTTP/1.1" 200 5004 "-" "Mozilla/5.0 (iPhone; CPU iPhone OS 13_3_1 like Mac OS X) AppleWebKit/605.1.15 (KHTML, like Gecko) Version/13.0.5 Mobile/15E148 Safari/604.1"
104.194.136.244 - - [19/Jun/2020:16:09:16 +0000] "GET /wp-content/themes/amphibious/js/enquire.js?ver=2.1.6 HTTP/1.1" 200 3322 "-" "Mozilla/5.0 (Windows NT 10.0; Win64; x64; rv:74.0) Gecko/20100101 Firefox/74.0"
104.194.136.244 - - [19/Jun/2020:16:09:16 +0000] "GET /wp-content/themes/amphibious/js/fitvids.js?ver=1.1 HTTP/1.1" 200 1692 "-" "Mozilla/5.0 (Windows NT 10.0; Win64; x64; rv:74.0) Gecko/20100101 Firefox/74.0"
107.167.87.80 - - [19/Jun/2020:16:09:16 +0000] "GET /wp-content/themes/amphibious/js/custom.js?ver=1.0 HTTP/1.1" 200 2599 "http://marshallcoders.ddns.net/" "Mozilla/5.0 (Windows NT 10.0; Win64; x64) AppleWebKit/537.36 (KHTML, like Gecko) Chrome/81.0.4044.122 Safari/537.36"
104.151.127.183 - - [19/Jun/2020:16:09:16 +0000] "GET /2020/06/18/the-one-click-process-to-automate-any-application-from-commit-to-deployment-using-docker/ HTTP/1.1" 200 7915 "http://marshallcoders.ddns.net/" "Mozilla/5.0 (X11; Linux x86_64; rv:68.0) Gecko/20100101 Firefox/68.0"
107.167.87.80 - - [19/Jun/2020:16:09:16 +0000] "GET /wp-content/themes/amphibious/js/superfish.js?ver=1.7.10 HTTP/1.1" 200 2796 "http://marshallcoders.ddns.net/" "Mozilla/5.0 (Windows NT 10.0; Win64; x64) AppleWebKit/537.36 (KHTML, like Gecko) Chrome/81.0.4044.122 Safari/537.36"
104.194.136.244 - - [19/Jun/2020:16:09:16 +0000] "GET /wp-content/themes/amphibious/style.css?ver=5.4.2 HTTP/1.1" 200 15938 "-" "Mozilla/5.0 (Windows NT 10.0; Win64; x64; rv:74.0) Gecko/20100101 Firefox/74.0"
104.194.136.244 - - [19/Jun/2020:16:09:16 +0000] "GET /wp-content/themes/amphibious/css/fontawesome-all.css?ver=5.4.2 HTTP/1.1" 200 13249 "-" "Mozilla/5.0 (Windows NT 10.0; Win64; x64; rv:74.0) Gecko/20100101 Firefox/74.0"
104.194.136.244 - - [19/Jun/2020:16:09:16 +0000] "GET /wp-includes/js/jquery/jquery.js?ver=1.12.4-wp HTTP/1.1" 200 34130 "-" "Mozilla/5.0 (Windows NT 10.0; Win64; x64; rv:74.0) Gecko/20100101 Firefox/74.0"
194.107.125.214 - - [19/Jun/2020:16:09:16 +0000] "GET / HTTP/1.1" 200 4778 "https://www.google.com" "Mozilla/5.0 (Windows NT 10.0; Win64; x64; rv:75.0) Gecko/20100101 Firefox/75.0"
104.194.136.244 - - [19/Jun/2020:16:09:16 +0000] "GET /wp-content/themes/amphibious/js/hover-intent.js?ver=r7 HTTP/1.1" 200 1964 "-" "Mozilla/5.0 (Windows NT 10.0; Win64; x64; rv:74.0) Gecko/20100101 Firefox/74.0"
104.194.136.244 - - [19/Jun/2020:16:09:16 +0000] "GET /wp-content/themes/amphibious/js/superfish.js?ver=1.7.10 HTTP/1.1" 200 2795 "-" "Mozilla/5.0 (Windows NT 10.0; Win64; x64; rv:74.0) Gecko/20100101 Firefox/74.0"
127.0.0.1 - - [19/Jun/2020:16:09:16 +0000] "OPTIONS * HTTP/1.0" 200 126 "-" "Apache/2.4.38 (Debian) PHP/7.3.19 (internal dummy connection)"
168.91.14.191 - - [19/Jun/2020:16:09:16 +0000] "GET /wp-includes/js/wp-emoji-release.min.js?ver=5.4.2 HTTP/1.1" 200 4949 "http://marshallcoders.ddns.net/" "Mozilla/5.0 (Windows NT 10.0; Win64; x64) AppleWebKit/537.36 (KHTML, like Gecko) Chrome/80.0.3987.163 Safari/537.36"
107.167.87.80 - - [19/Jun/2020:16:09:16 +0000] "GET /wp-includes/js/wp-embed.min.js?ver=5.4.2 HTTP/1.1" 200 1118 "http://marshallcoders.ddns.net/" "Mozilla/5.0 (Windows NT 10.0; Win64; x64) AppleWebKit/537.36 (KHTML, like Gecko) Chrome/81.0.4044.122 Safari/537.36"
107.167.87.80 - - [19/Jun/2020:16:09:16 +0000] "GET /wp-includes/js/wp-emoji-release.min.js?ver=5.4.2 HTTP/1.1" 200 5004 "http://marshallcoders.ddns.net/" "Mozilla/5.0 (Windows NT 10.0; Win64; x64) AppleWebKit/537.36 (KHTML, like Gecko) Chrome/81.0.4044.122 Safari/537.36"
104.194.136.244 - - [19/Jun/2020:16:09:16 +0000] "GET /wp-content/uploads/2020/06/cropped-untitled-2-1-32x32.png HTTP/1.1" 200 1248 "-" "Mozilla/5.0 (Windows NT 10.0; Win64; x64) AppleWebKit/537.36 (KHTML, like Gecko) Chrome/81.0.4044.129 Safari/537.36"
104.194.136.244 - - [19/Jun/2020:16:09:16 +0000] "GET /wp-content/themes/amphibious/js/custom.js?ver=1.0 HTTP/1.1" 200 2599 "-" "Mozilla/5.0 (Windows NT 10.0; Win64; x64; rv:74.0) Gecko/20100101 Firefox/74.0"
104.194.136.244 - - [19/Jun/2020:16:09:16 +0000] "GET /wp-includes/js/wp-embed.min.js?ver=5.4.2 HTTP/1.1" 200 1118 "-" "Mozilla/5.0 (Windows NT 10.0; Win64; x64; rv:74.0) Gecko/20100101 Firefox/74.0"
104.194.136.146 - - [19/Jun/2020:16:09:17 +0000] "GET /wp-content/uploads/2020/06/cropped-untitled-2-1-32x32.png HTTP/1.1" 200 1249 "-" "Mozilla/5.0 (Macintosh; Intel Mac OS X 10_14_6) AppleWebKit/537.36 (KHTML, like Gecko) Chrome/81.0.4044.122 Safari/537.36"
194.107.125.214 - - [19/Jun/2020:16:09:17 +0000] "GET /wp-includes/js/jquery/jquery.js?ver=1.12.4-wp HTTP/1.1" 200 34129 "http://marshallcoders.ddns.net/" "Mozilla/5.0 (Windows NT 10.0; Win64; x64; rv:75.0) Gecko/20100101 Firefox/75.0"
104.194.132.121 - - [19/Jun/2020:16:09:17 +0000] "GET /2020/06/18/celebrity-face-recognition-using-transfer-learning/ HTTP/1.1" 200 7574 "-" "Mozilla/5.0 (Windows NT 10.0; Win64; x64) AppleWebKit/537.36 (KHTML, like Gecko) Chrome/80.0.3987.163 Safari/537.36"
196.16.249.220 - - [19/Jun/2020:16:09:17 +0000] "GET /wp-includes/js/comment-reply.min.js?ver=5.4.2 HTTP/1.1" 200 1509 "-" "Mozilla/5.0 (Windows NT 10.0; Win64; x64) AppleWebKit/537.36 (KHTML, like Gecko) Chrome/80.0.3987.163 Safari/537.36"
107.167.87.80 - - [19/Jun/2020:16:09:16 +0000] "GET /wp-content/themes/amphibious/webfonts/fa-solid-900.woff2 HTTP/1.1" 200 76373 "http://marshallcoders.ddns.net/wp-content/themes/amphibious/css/fontawesome-all.css?ver=5.4.2" "Mozilla/5.0 (Windows NT 10.0; Win64; x64) AppleWebKit/537.36 (KHTML, like Gecko) Chrome/81.0.4044.122 Safari/537.36"
104.151.127.183 - - [19/Jun/2020:16:09:17 +0000] "GET /wp-includes/js/comment-reply.min.js?ver=5.4.2 HTTP/1.1" 200 1454 "http://marshallcoders.ddns.net/2020/06/18/the-one-click-process-to-automate-any-application-from-commit-to-deployment-using-docker/" "Mozilla/5.0 (X11; Linux x86_64; rv:68.0) Gecko/20100101 Firefox/68.0"
104.194.136.244 - - [19/Jun/2020:16:09:17 +0000] "GET /wp-includes/js/wp-emoji-release.min.js?ver=5.4.2 HTTP/1.1" 200 5004 "-" "Mozilla/5.0 (Windows NT 10.0; Win64; x64; rv:74.0) Gecko/20100101 Firefox/74.0"
194.107.125.214 - - [19/Jun/2020:16:09:17 +0000] "GET /wp-content/themes/amphibious/css/bootstrap-grid.css?ver=5.4.2 HTTP/1.1" 200 8405 "http://marshallcoders.ddns.net/" "Mozilla/5.0 (Windows NT 10.0; Win64; x64; rv:75.0) Gecko/20100101 Firefox/75.0"
194.107.125.214 - - [19/Jun/2020:16:09:17 +0000] "GET /wp-includes/js/jquery/jquery-migrate.min.js?ver=1.4.1 HTTP/1.1" 200 4366 "http://marshallcoders.ddns.net/" "Mozilla/5.0 (Windows NT 10.0; Win64; x64; rv:75.0) Gecko/20100101 Firefox/75.0"
194.107.125.214 - - [19/Jun/2020:16:09:17 +0000] "GET /wp-includes/css/dist/block-library/style.min.css?ver=5.4.2 HTTP/1.1" 200 7980 "http://marshallcoders.ddns.net/" "Mozilla/5.0 (Windows NT 10.0; Win64; x64; rv:75.0) Gecko/20100101 Firefox/75.0"
194.107.125.214 - - [19/Jun/2020:16:09:17 +0000] "GET /wp-content/themes/amphibious/css/fontawesome-all.css?ver=5.4.2 HTTP/1.1" 200 13249 "http://marshallcoders.ddns.net/" "Mozilla/5.0 (Windows NT 10.0; Win64; x64; rv:75.0) Gecko/20100101 Firefox/75.0"
194.107.125.214 - - [19/Jun/2020:16:09:17 +0000] "GET /wp-content/themes/amphibious/style.css?ver=5.4.2 HTTP/1.1" 200 15938 "http://marshallcoders.ddns.net/" "Mozilla/5.0 (Windows NT 10.0; Win64; x64; rv:75.0) Gecko/20100101 Firefox/75.0"
185.199.118.186 - - [19/Jun/2020:16:09:17 +0000] "GET /wp-content/themes/amphibious/webfonts/fa-solid-900.woff2 HTTP/1.1" 200 76373 "-" "Mozilla/5.0 (iPhone; CPU iPhone OS 13_3_1 like Mac OS X) AppleWebKit/605.1.15 (KHTML, like Gecko) Version/13.0.5 Mobile/15E148 Safari/604.1"
127.0.0.1 - - [19/Jun/2020:16:09:17 +0000] "OPTIONS * HTTP/1.0" 200 126 "-" "Apache/2.4.38 (Debian) PHP/7.3.19 (internal dummy connection)"
194.107.125.214 - - [19/Jun/2020:16:09:18 +0000] "GET /wp-content/themes/amphibious/js/enquire.js?ver=2.1.6 HTTP/1.1" 200 3321 "http://marshallcoders.ddns.net/" "Mozilla/5.0 (Windows NT 10.0; Win64; x64; rv:75.0) Gecko/20100101 Firefox/75.0"
194.107.125.214 - - [19/Jun/2020:16:09:18 +0000] "GET /wp-content/themes/amphibious/js/fitvids.js?ver=1.1 HTTP/1.1" 200 1692 "http://marshallcoders.ddns.net/" "Mozilla/5.0 (Windows NT 10.0; Win64; x64; rv:75.0) Gecko/20100101 Firefox/75.0"
107.189.23.187 - - [19/Jun/2020:16:09:18 +0000] "GET /wp-content/themes/amphibious/js/enquire.js?ver=2.1.6 HTTP/1.1" 200 3322 "-" "Mozilla/5.0 (iPhone; CPU iPhone OS 12_3 like Mac OS X) AppleWebKit/605.1.15 (KHTML, like Gecko) CriOS/77.0.3865.103 Mobile/15E148 Safari/605.1"
194.107.125.214 - - [19/Jun/2020:16:09:18 +0000] "GET /wp-content/themes/amphibious/js/hover-intent.js?ver=r7 HTTP/1.1" 200 1964 "http://marshallcoders.ddns.net/" "Mozilla/5.0 (Windows NT 10.0; Win64; x64; rv:75.0) Gecko/20100101 Firefox/75.0"
104.194.132.121 - - [19/Jun/2020:16:09:17 +0000] "GET /wp-content/uploads/2020/06/0PWRxTJ8SlDZiDVEh.jpg HTTP/1.1" 200 81308 "-" "Mozilla/5.0 (Windows NT 10.0; Win64; x64) AppleWebKit/537.36 (KHTML, like Gecko) Chrome/80.0.3987.163 Safari/537.36"
194.107.125.214 - - [19/Jun/2020:16:09:18 +0000] "GET /wp-content/themes/amphibious/js/custom.js?ver=1.0 HTTP/1.1" 200 2600 "http://marshallcoders.ddns.net/" "Mozilla/5.0 (Windows NT 10.0; Win64; x64; rv:75.0) Gecko/20100101 Firefox/75.0"
194.107.125.214 - - [19/Jun/2020:16:09:18 +0000] "GET /wp-includes/js/wp-embed.min.js?ver=5.4.2 HTTP/1.1" 200 1118 "http://marshallcoders.ddns.net/" "Mozilla/5.0 (Windows NT 10.0; Win64; x64; rv:75.0) Gecko/20100101 Firefox/75.0"
194.107.125.214 - - [19/Jun/2020:16:09:18 +0000] "GET /wp-content/themes/amphibious/js/superfish.js?ver=1.7.10 HTTP/1.1" 200 2796 "http://marshallcoders.ddns.net/" "Mozilla/5.0 (Windows NT 10.0; Win64; x64; rv:75.0) Gecko/20100101 Firefox/75.0"
104.194.132.121 - - [19/Jun/2020:16:09:18 +0000] "GET /wp-includes/js/comment-reply.min.js?ver=5.4.2 HTTP/1.1" 200 1510 "-" "Mozilla/5.0 (Windows NT 10.0; Win64; x64) AppleWebKit/537.36 (KHTML, like Gecko) Chrome/80.0.3987.163 Safari/537.36"
107.189.23.187 - - [19/Jun/2020:16:09:18 +0000] "GET /wp-content/uploads/2020/06/cropped-untitled-2-1-32x32.png HTTP/1.1" 200 1248 "-" "Mozilla/5.0 (iPhone; CPU iPhone OS 12_3 like Mac OS X) AppleWebKit/605.1.15 (KHTML, like Gecko) CriOS/77.0.3865.103 Mobile/15E148 Safari/605.1"
127.0.0.1 - - [19/Jun/2020:16:09:18 +0000] "OPTIONS * HTTP/1.0" 200 126 "-" "Apache/2.4.38 (Debian) PHP/7.3.19 (internal dummy connection)"
194.107.125.214 - - [19/Jun/2020:16:09:18 +0000] "GET /wp-includes/js/wp-emoji-release.min.js?ver=5.4.2 HTTP/1.1" 200 5004 "http://marshallcoders.ddns.net/" "Mozilla/5.0 (Windows NT 10.0; Win64; x64; rv:75.0) Gecko/20100101 Firefox/75.0"
107.167.87.80 - - [19/Jun/2020:16:09:18 +0000] "GET /wp-content/uploads/2020/06/cropped-untitled-2-1-32x32.png HTTP/1.1" 200 1248 "http://marshallcoders.ddns.net/" "Mozilla/5.0 (Windows NT 10.0; Win64; x64) AppleWebKit/537.36 (KHTML, like Gecko) Chrome/81.0.4044.122 Safari/537.36"
172.86.105.61 - - [19/Jun/2020:16:09:18 +0000] "GET /feed/ HTTP/1.1" 200 5474 "-" "Mozilla/5.0 (Windows NT 10.0; Win64; x64; rv:74.0) Gecko/20100101 Firefox/74.0"
193.109.221.8 - - [19/Jun/2020:16:09:19 +0000] "GET /2020/06/18/the-one-click-process-to-automate-any-application-from-commit-to-deployment-using-docker/ HTTP/1.1" 200 7971 "http://marshallcoders.ddns.net/" "Mozilla/5.0 (Macintosh; Intel Mac OS X 10_15_3) AppleWebKit/537.36 (KHTML, like Gecko) Chrome/80.0.3987.163 Safari/537.36"
64.187.236.215 - - [19/Jun/2020:16:09:19 +0000] "GET /author/gurpreet/ HTTP/1.1" 200 4854 "http://marshallcoders.ddns.net/" "Mozilla/5.0 (Windows NT 10.0; Win64; x64) AppleWebKit/537.36 (KHTML, like Gecko) Chrome/81.0.4044.122 Safari/537.36"
107.167.87.80 - - [19/Jun/2020:16:09:19 +0000] "GET /feed/ HTTP/1.1" 200 5473 "http://marshallcoders.ddns.net/" "Mozilla/5.0 (iPhone; CPU iPhone OS 13_3 like Mac OS X) AppleWebKit/605.1.15 (KHTML, like Gecko) Version/13.0.4 Mobile/15E148 Safari/604.1"
23.250.74.77 - - [19/Jun/2020:16:09:19 +0000] "GET /wp-content/uploads/2020/06/cropped-untitled-2-1-32x32.png HTTP/1.1" 200 1249 "-" "Mozilla/5.0 (X11; Linux x86_64) AppleWebKit/537.36 (KHTML, like Gecko) Chrome/80.0.3987.163 Safari/537.36"
194.107.125.214 - - [19/Jun/2020:16:09:19 +0000] "GET /wp-content/themes/amphibious/webfonts/fa-solid-900.woff2 HTTP/1.1" 200 76373 "http://marshallcoders.ddns.net/wp-content/themes/amphibious/css/fontawesome-all.css?ver=5.4.2" "Mozilla/5.0 (Windows NT 10.0; Win64; x64; rv:75.0) Gecko/20100101 Firefox/75.0"
104.194.136.244 - - [19/Jun/2020:16:09:19 +0000] "GET /wp-content/themes/amphibious/webfonts/fa-solid-900.woff2 HTTP/1.1" 200 76373 "-" "Mozilla/5.0 (Windows NT 10.0; Win64; x64; rv:74.0) Gecko/20100101 Firefox/74.0"
127.0.0.1 - - [19/Jun/2020:16:09:19 +0000] "OPTIONS * HTTP/1.0" 200 126 "-" "Apache/2.4.38 (Debian) PHP/7.3.19 (internal dummy connection)"
196.18.247.230 - - [19/Jun/2020:16:09:19 +0000] "GET / HTTP/1.1" 200 4778 "-" "Mozilla/5.0 (Macintosh; Intel Mac OS X 10_15_4) AppleWebKit/537.36 (KHTML, like Gecko) Chrome/80.0.3987.163 Safari/537.36"
172.86.105.61 - - [19/Jun/2020:16:09:19 +0000] "GET /favicon.ico HTTP/1.1" 302 432 "-" "Mozilla/5.0 (Windows NT 10.0; Win64; x64; rv:74.0) Gecko/20100101 Firefox/74.0"
107.167.87.80 - - [19/Jun/2020:16:09:20 +0000] "GET /favicon.ico HTTP/1.1" 302 432 "http://marshallcoders.ddns.net/feed/" "Mozilla/5.0 (iPhone; CPU iPhone OS 13_3 like Mac OS X) AppleWebKit/605.1.15 (KHTML, like Gecko) Version/13.0.4 Mobile/15E148 Safari/604.1"
193.109.221.8 - - [19/Jun/2020:16:09:20 +0000] "GET /wp-includes/js/comment-reply.min.js?ver=5.4.2 HTTP/1.1" 200 1510 "http://marshallcoders.ddns.net/2020/06/18/the-one-click-process-to-automate-any-application-from-commit-to-deployment-using-docker/" "Mozilla/5.0 (Macintosh; Intel Mac OS X 10_15_3) AppleWebKit/537.36 (KHTML, like Gecko) Chrome/80.0.3987.163 Safari/537.36"
148.163.78.161 - - [19/Jun/2020:16:09:20 +0000] "GET /wp-content/uploads/2020/06/cropped-untitled-2-1-32x32.png HTTP/1.1" 200 1249 "http://marshallcoders.ddns.net/" "Mozilla/5.0 (Windows NT 10.0; Win64; x64) AppleWebKit/537.36 (KHTML, like Gecko) Chrome/81.0.4044.122 Safari/537.36"
148.163.78.164 - - [19/Jun/2020:16:09:20 +0000] "GET /category/uncategorized/ HTTP/1.1" 200 4861 "http://marshallcoders.ddns.net/" "Mozilla/5.0 (X11; Linux x86_64) AppleWebKit/537.36 (KHTML, like Gecko) Chrome/81.0.4044.92 Safari/537.36"
104.194.152.149 - - [19/Jun/2020:16:09:20 +0000] "GET /wp-content/themes/amphibious/webfonts/fa-solid-900.woff2 HTTP/1.1" 200 76374 "-" "Mozilla/5.0 (iPhone; CPU iPhone OS 13_3 like Mac OS X) AppleWebKit/605.1.15 (KHTML, like Gecko) Version/13.0.4 Mobile/15E148 Safari/604.1"
104.194.152.149 - - [19/Jun/2020:16:09:21 +0000] "GET /wp-content/uploads/2020/06/cropped-untitled-2-1-32x32.png HTTP/1.1" 200 1248 "-" "Mozilla/5.0 (iPhone; CPU iPhone OS 13_3 like Mac OS X) AppleWebKit/605.1.15 (KHTML, like Gecko) Version/13.0.4 Mobile/15E148 Safari/604.1"
194.105.159.195 - - [19/Jun/2020:16:09:21 +0000] "GET /author/gurpreet/ HTTP/1.1" 200 4854 "http://marshallcoders.ddns.net/" "Mozilla/5.0 (Linux; Android 9; CLT-L29) AppleWebKit/537.36 (KHTML, like Gecko) Chrome/78.0.3904.108 Mobile Safari/537.36"
127.0.0.1 - - [19/Jun/2020:16:09:21 +0000] "OPTIONS * HTTP/1.0" 200 126 "-" "Apache/2.4.38 (Debian) PHP/7.3.19 (internal dummy connection)"
144.172.105.63 - - [19/Jun/2020:16:09:22 +0000] "GET /wp-content/uploads/2020/06/cropped-untitled-2-1-32x32.png HTTP/1.1" 200 1249 "-" "Mozilla/5.0 (Windows NT 10.0; Win64; x64) AppleWebKit/537.36 (KHTML, like Gecko) Chrome/81.0.4044.122 Safari/537.36"
127.0.0.1 - - [19/Jun/2020:16:09:22 +0000] "OPTIONS * HTTP/1.0" 200 126 "-" "Apache/2.4.38 (Debian) PHP/7.3.19 (internal dummy connection)"
104.194.136.244 - - [19/Jun/2020:16:09:22 +0000] "GET /wp-content/uploads/2020/06/cropped-untitled-2-1-32x32.png HTTP/1.1" 200 1248 "-" "Mozilla/5.0 (Windows NT 10.0; Win64; x64; rv:74.0) Gecko/20100101 Firefox/74.0"
196.18.247.230 - - [19/Jun/2020:16:09:23 +0000] "GET /wp-includes/css/dist/block-library/style.min.css?ver=5.4.2 HTTP/1.1" 200 7979 "-" "Mozilla/5.0 (Macintosh; Intel Mac OS X 10_15_4) AppleWebKit/537.36 (KHTML, like Gecko) Chrome/80.0.3987.163 Safari/537.36"
196.18.247.230 - - [19/Jun/2020:16:09:23 +0000] "GET /wp-content/themes/amphibious/css/bootstrap-grid.css?ver=5.4.2 HTTP/1.1" 200 8405 "-" "Mozilla/5.0 (Macintosh; Intel Mac OS X 10_15_4) AppleWebKit/537.36 (KHTML, like Gecko) Chrome/80.0.3987.163 Safari/537.36"
196.18.247.230 - - [19/Jun/2020:16:09:23 +0000] "GET /wp-content/themes/amphibious/css/fontawesome-all.css?ver=5.4.2 HTTP/1.1" 200 13249 "-" "Mozilla/5.0 (Macintosh; Intel Mac OS X 10_15_4) AppleWebKit/537.36 (KHTML, like Gecko) Chrome/80.0.3987.163 Safari/537.36"
196.18.247.230 - - [19/Jun/2020:16:09:23 +0000] "GET /wp-content/themes/amphibious/style.css?ver=5.4.2 HTTP/1.1" 200 15938 "-" "Mozilla/5.0 (Macintosh; Intel Mac OS X 10_15_4) AppleWebKit/537.36 (KHTML, like Gecko) Chrome/80.0.3987.163 Safari/537.36"
196.18.247.230 - - [19/Jun/2020:16:09:23 +0000] "GET /wp-includes/js/jquery/jquery-migrate.min.js?ver=1.4.1 HTTP/1.1" 200 4365 "-" "Mozilla/5.0 (Macintosh; Intel Mac OS X 10_15_4) AppleWebKit/537.36 (KHTML, like Gecko) Chrome/80.0.3987.163 Safari/537.36"
127.0.0.1 - - [19/Jun/2020:16:09:23 +0000] "OPTIONS * HTTP/1.0" 200 126 "-" "Apache/2.4.38 (Debian) PHP/7.3.19 (internal dummy connection)"
196.18.247.230 - - [19/Jun/2020:16:09:24 +0000] "GET /wp-includes/js/jquery/jquery.js?ver=1.12.4-wp HTTP/1.1" 200 34130 "-" "Mozilla/5.0 (Macintosh; Intel Mac OS X 10_15_4) AppleWebKit/537.36 (KHTML, like Gecko) Chrome/80.0.3987.163 Safari/537.36"
196.18.247.230 - - [19/Jun/2020:16:09:24 +0000] "GET /wp-content/themes/amphibious/js/enquire.js?ver=2.1.6 HTTP/1.1" 200 3321 "-" "Mozilla/5.0 (Macintosh; Intel Mac OS X 10_15_4) AppleWebKit/537.36 (KHTML, like Gecko) Chrome/80.0.3987.163 Safari/537.36"
196.17.74.94 - - [19/Jun/2020:16:09:24 +0000] "GET /author/gurpreet/ HTTP/1.1" 200 4854 "-" "Mozilla/5.0 (Linux; Android 10; SAMSUNG SM-G973F) AppleWebKit/537.36 (KHTML, like Gecko) SamsungBrowser/11.0 Chrome/75.0.3770.143 Mobile Safari/537.36"
107.189.18.121 - - [19/Jun/2020:16:09:24 +0000] "GET / HTTP/1.1" 200 4778 "-" "Mozilla/5.0 (X11; Linux x86_64) AppleWebKit/537.36 (KHTML, like Gecko) Chrome/80.0.3987.163 Safari/537.36"
127.0.0.1 - - [19/Jun/2020:16:09:24 +0000] "OPTIONS * HTTP/1.0" 200 126 "-" "Apache/2.4.38 (Debian) PHP/7.3.19 (internal dummy connection)"
196.18.247.230 - - [19/Jun/2020:16:09:24 +0000] "GET /wp-content/themes/amphibious/js/hover-intent.js?ver=r7 HTTP/1.1" 200 1964 "-" "Mozilla/5.0 (Macintosh; Intel Mac OS X 10_15_4) AppleWebKit/537.36 (KHTML, like Gecko) Chrome/80.0.3987.163 Safari/537.36"
107.189.18.121 - - [19/Jun/2020:16:09:25 +0000] "GET /wp-includes/css/dist/block-library/style.min.css?ver=5.4.2 HTTP/1.1" 200 7979 "-" "Mozilla/5.0 (X11; Linux x86_64) AppleWebKit/537.36 (KHTML, like Gecko) Chrome/80.0.3987.163 Safari/537.36"
196.18.247.230 - - [19/Jun/2020:16:09:25 +0000] "GET /wp-content/themes/amphibious/js/superfish.js?ver=1.7.10 HTTP/1.1" 200 2795 "-" "Mozilla/5.0 (Macintosh; Intel Mac OS X 10_15_4) AppleWebKit/537.36 (KHTML, like Gecko) Chrome/80.0.3987.163 Safari/537.36"
196.16.249.220 - - [19/Jun/2020:16:09:17 +0000] "GET /wp-content/uploads/2020/06/0PWRxTJ8SlDZiDVEh.jpg HTTP/1.1" 200 81308 "-" "Mozilla/5.0 (Windows NT 10.0; Win64; x64) AppleWebKit/537.36 (KHTML, like Gecko) Chrome/80.0.3987.163 Safari/537.36"
196.18.247.230 - - [19/Jun/2020:16:09:25 +0000] "GET /wp-content/themes/amphibious/js/custom.js?ver=1.0 HTTP/1.1" 200 2599 "-" "Mozilla/5.0 (Macintosh; Intel Mac OS X 10_15_4) AppleWebKit/537.36 (KHTML, like Gecko) Chrome/80.0.3987.163 Safari/537.36"
196.18.247.230 - - [19/Jun/2020:16:09:25 +0000] "GET /wp-content/themes/amphibious/js/fitvids.js?ver=1.1 HTTP/1.1" 200 1693 "-" "Mozilla/5.0 (Macintosh; Intel Mac OS X 10_15_4) AppleWebKit/537.36 (KHTML, like Gecko) Chrome/80.0.3987.163 Safari/537.36"
127.0.0.1 - - [19/Jun/2020:16:09:25 +0000] "OPTIONS * HTTP/1.0" 200 126 "-" "Apache/2.4.38 (Debian) PHP/7.3.19 (internal dummy connection)"
196.18.247.230 - - [19/Jun/2020:16:09:26 +0000] "GET /wp-includes/js/wp-embed.min.js?ver=5.4.2 HTTP/1.1" 200 1118 "-" "Mozilla/5.0 (Macintosh; Intel Mac OS X 10_15_4) AppleWebKit/537.36 (KHTML, like Gecko) Chrome/80.0.3987.163 Safari/537.36"
107.189.18.121 - - [19/Jun/2020:16:09:26 +0000] "GET /wp-content/themes/amphibious/css/bootstrap-grid.css?ver=5.4.2 HTTP/1.1" 200 8404 "-" "Mozilla/5.0 (X11; Linux x86_64) AppleWebKit/537.36 (KHTML, like Gecko) Chrome/80.0.3987.163 Safari/537.36"
144.172.85.143 - - [19/Jun/2020:16:09:26 +0000] "GET /wp-content/uploads/2020/06/cropped-untitled-2-1-32x32.png HTTP/1.1" 200 1249 "-" "Mozilla/5.0 (Windows NT 10.0; Win64; x64) AppleWebKit/537.36 (KHTML, like Gecko) Chrome/70.0.3538.102 Safari/537.36 Edge/18.18362"
144.172.104.223 - - [19/Jun/2020:16:09:26 +0000] "GET /comments/feed/ HTTP/1.1" 200 882 "-" "Mozilla/5.0 (Macintosh; Intel Mac OS X 10.15; rv:75.0) Gecko/20100101 Firefox/75.0"
186.179.20.64 - - [19/Jun/2020:16:09:26 +0000] "GET /2020/06/18/celebrity-face-recognition-using-transfer-learning/ HTTP/1.1" 200 7574 "-" "Mozilla/5.0 (iPhone; CPU iPhone OS 13_3 like Mac OS X) AppleWebKit/605.1.15 (KHTML, like Gecko) Version/13.0.4 Mobile/15E148 Safari/604.1"
107.189.18.121 - - [19/Jun/2020:16:09:26 +0000] "GET /wp-content/themes/amphibious/css/fontawesome-all.css?ver=5.4.2 HTTP/1.1" 200 13248 "-" "Mozilla/5.0 (X11; Linux x86_64) AppleWebKit/537.36 (KHTML, like Gecko) Chrome/80.0.3987.163 Safari/537.36"
127.0.0.1 - - [19/Jun/2020:16:09:26 +0000] "OPTIONS * HTTP/1.0" 200 126 "-" "Apache/2.4.38 (Debian) PHP/7.3.19 (internal dummy connection)"
107.189.18.121 - - [19/Jun/2020:16:09:26 +0000] "GET /wp-content/themes/amphibious/style.css?ver=5.4.2 HTTP/1.1" 200 15937 "-" "Mozilla/5.0 (X11; Linux x86_64) AppleWebKit/537.36 (KHTML, like Gecko) Chrome/80.0.3987.163 Safari/537.36"
186.179.20.64 - - [19/Jun/2020:16:09:26 +0000] "GET /wp-content/uploads/2020/06/0PWRxTJ8SlDZiDVEh-768x432.jpg HTTP/1.1" 200 50590 "-" "Mozilla/5.0 (iPhone; CPU iPhone OS 13_3 like Mac OS X) AppleWebKit/605.1.15 (KHTML, like Gecko) Version/13.0.4 Mobile/15E148 Safari/604.1"
144.172.104.223 - - [19/Jun/2020:16:09:27 +0000] "GET /favicon.ico HTTP/1.1" 302 432 "-" "Mozilla/5.0 (Macintosh; Intel Mac OS X 10.15; rv:75.0) Gecko/20100101 Firefox/75.0"
186.179.20.64 - - [19/Jun/2020:16:09:27 +0000] "GET /wp-includes/js/comment-reply.min.js?ver=5.4.2 HTTP/1.1" 200 1510 "-" "Mozilla/5.0 (iPhone; CPU iPhone OS 13_3 like Mac OS X) AppleWebKit/605.1.15 (KHTML, like Gecko) Version/13.0.4 Mobile/15E148 Safari/604.1"
107.189.18.121 - - [19/Jun/2020:16:09:27 +0000] "GET /wp-includes/js/jquery/jquery.js?ver=1.12.4-wp HTTP/1.1" 200 34129 "-" "Mozilla/5.0 (X11; Linux x86_64) AppleWebKit/537.36 (KHTML, like Gecko) Chrome/80.0.3987.163 Safari/537.36"
194.107.125.214 - - [19/Jun/2020:16:09:27 +0000] "GET /wp-content/uploads/2020/06/cropped-untitled-2-1-32x32.png HTTP/1.1" 200 1249 "http://marshallcoders.ddns.net/" "Mozilla/5.0 (Windows NT 10.0; Win64; x64; rv:75.0) Gecko/20100101 Firefox/75.0"
127.0.0.1 - - [19/Jun/2020:16:09:27 +0000] "OPTIONS * HTTP/1.0" 200 126 "-" "Apache/2.4.38 (Debian) PHP/7.3.19 (internal dummy connection)"
107.189.21.118 - - [19/Jun/2020:16:09:27 +0000] "GET / HTTP/1.1" 200 4778 "-" "Mozilla/5.0 (Windows NT 10.0; Win64; x64) AppleWebKit/537.36 (KHTML, like Gecko) Chrome/80.0.3987.163 Safari/537.36"
75.127.5.217 - - [19/Jun/2020:16:09:27 +0000] "GET /2020/06/18/the-one-click-process-to-automate-any-application-from-commit-to-deployment-using-docker/ HTTP/1.1" 200 7915 "http://marshallcoders.ddns.net/" "Mozilla/5.0 (Windows NT 10.0; Win64; x64; rv:75.0) Gecko/20100101 Firefox/75.0"
107.189.18.121 - - [19/Jun/2020:16:09:28 +0000] "GET /wp-includes/js/jquery/jquery-migrate.min.js?ver=1.4.1 HTTP/1.1" 200 4365 "-" "Mozilla/5.0 (X11; Linux x86_64) AppleWebKit/537.36 (KHTML, like Gecko) Chrome/80.0.3987.163 Safari/537.36"
107.189.18.121 - - [19/Jun/2020:16:09:28 +0000] "GET /wp-includes/js/wp-embed.min.js?ver=5.4.2 HTTP/1.1" 200 1118 "-" "Mozilla/5.0 (X11; Linux x86_64) AppleWebKit/537.36 (KHTML, like Gecko) Chrome/80.0.3987.163 Safari/537.36"
107.189.21.118 - - [19/Jun/2020:16:09:28 +0000] "GET /wp-includes/css/dist/block-library/style.min.css?ver=5.4.2 HTTP/1.1" 200 7979 "-" "Mozilla/5.0 (Windows NT 10.0; Win64; x64) AppleWebKit/537.36 (KHTML, like Gecko) Chrome/80.0.3987.163 Safari/537.36"
127.0.0.1 - - [19/Jun/2020:16:09:28 +0000] "OPTIONS * HTTP/1.0" 200 126 "-" "Apache/2.4.38 (Debian) PHP/7.3.19 (internal dummy connection)"
75.127.5.217 - - [19/Jun/2020:16:09:28 +0000] "GET /wp-includes/js/comment-reply.min.js?ver=5.4.2 HTTP/1.1" 200 1454 "http://marshallcoders.ddns.net/2020/06/18/the-one-click-process-to-automate-any-application-from-commit-to-deployment-using-docker/" "Mozilla/5.0 (Windows NT 10.0; Win64; x64; rv:75.0) Gecko/20100101 Firefox/75.0"
139.180.7.190 - - [19/Jun/2020:16:09:28 +0000] "GET /category/uncategorized/ HTTP/1.1" 200 4805 "http://marshallcoders.ddns.net/" "Mozilla/5.0 (Windows NT 10.0; Win64; x64; rv:74.0) Gecko/20100101 Firefox/74.0"
107.189.21.118 - - [19/Jun/2020:16:09:29 +0000] "GET /wp-includes/js/jquery/jquery.js?ver=1.12.4-wp HTTP/1.1" 200 34129 "-" "Mozilla/5.0 (Windows NT 10.0; Win64; x64) AppleWebKit/537.36 (KHTML, like Gecko) Chrome/80.0.3987.163 Safari/537.36"
107.189.18.121 - - [19/Jun/2020:16:09:29 +0000] "GET /wp-content/themes/amphibious/js/custom.js?ver=1.0 HTTP/1.1" 200 2599 "-" "Mozilla/5.0 (X11; Linux x86_64) AppleWebKit/537.36 (KHTML, like Gecko) Chrome/80.0.3987.163 Safari/537.36"
107.189.18.121 - - [19/Jun/2020:16:09:29 +0000] "GET /wp-content/themes/amphibious/js/superfish.js?ver=1.7.10 HTTP/1.1" 200 2795 "-" "Mozilla/5.0 (X11; Linux x86_64) AppleWebKit/537.36 (KHTML, like Gecko) Chrome/80.0.3987.163 Safari/537.36"
127.0.0.1 - - [19/Jun/2020:16:09:29 +0000] "OPTIONS * HTTP/1.0" 200 126 "-" "Apache/2.4.38 (Debian) PHP/7.3.19 (internal dummy connection)"
107.189.21.118 - - [19/Jun/2020:16:09:29 +0000] "GET /wp-content/themes/amphibious/css/bootstrap-grid.css?ver=5.4.2 HTTP/1.1" 200 8405 "-" "Mozilla/5.0 (Windows NT 10.0; Win64; x64) AppleWebKit/537.36 (KHTML, like Gecko) Chrome/80.0.3987.163 Safari/537.36"
107.189.18.121 - - [19/Jun/2020:16:09:29 +0000] "GET /wp-content/themes/amphibious/js/hover-intent.js?ver=r7 HTTP/1.1" 200 1965 "-" "Mozilla/5.0 (X11; Linux x86_64) AppleWebKit/537.36 (KHTML, like Gecko) Chrome/80.0.3987.163 Safari/537.36"
91.229.105.45 - - [19/Jun/2020:16:09:29 +0000] "GET /2020/06/ HTTP/1.1" 200 4833 "http://marshallcoders.ddns.net/" "Mozilla/5.0 (Linux; Android 6.0.1; SM-G900F Build/MMB29M) AppleWebKit/537.36 (KHTML, like Gecko) Chrome/55.0.2883.91 Mobile Safari/537.36"
107.189.21.118 - - [19/Jun/2020:16:09:29 +0000] "GET /wp-content/themes/amphibious/css/fontawesome-all.css?ver=5.4.2 HTTP/1.1" 200 13248 "-" "Mozilla/5.0 (Windows NT 10.0; Win64; x64) AppleWebKit/537.36 (KHTML, like Gecko) Chrome/80.0.3987.163 Safari/537.36"
107.189.18.121 - - [19/Jun/2020:16:09:30 +0000] "GET /wp-content/themes/amphibious/js/enquire.js?ver=2.1.6 HTTP/1.1" 200 3321 "-" "Mozilla/5.0 (X11; Linux x86_64) AppleWebKit/537.36 (KHTML, like Gecko) Chrome/80.0.3987.163 Safari/537.36"
196.18.247.230 - - [19/Jun/2020:16:09:30 +0000] "GET /wp-includes/js/wp-emoji-release.min.js?ver=5.4.2 HTTP/1.1" 200 5005 "-" "Mozilla/5.0 (Macintosh; Intel Mac OS X 10_15_4) AppleWebKit/537.36 (KHTML, like Gecko) Chrome/80.0.3987.163 Safari/537.36"
107.189.18.121 - - [19/Jun/2020:16:09:30 +0000] "GET /wp-includes/js/wp-emoji-release.min.js?ver=5.4.2 HTTP/1.1" 200 5004 "-" "Mozilla/5.0 (X11; Linux x86_64) AppleWebKit/537.36 (KHTML, like Gecko) Chrome/80.0.3987.163 Safari/537.36"
104.144.117.98 - - [19/Jun/2020:16:09:30 +0000] "GET /2020/06/18/the-one-click-process-to-automate-any-application-from-commit-to-deployment-using-docker/ HTTP/1.1" 200 7971 "-" "Mozilla/5.0 (Windows NT 10.0; Win64; x64; rv:74.0) Gecko/20100101 Firefox/74.0"
127.0.0.1 - - [19/Jun/2020:16:09:30 +0000] "OPTIONS * HTTP/1.0" 200 126 "-" "Apache/2.4.38 (Debian) PHP/7.3.19 (internal dummy connection)"
107.189.18.121 - - [19/Jun/2020:16:09:30 +0000] "GET /wp-content/themes/amphibious/js/fitvids.js?ver=1.1 HTTP/1.1" 200 1692 "-" "Mozilla/5.0 (X11; Linux x86_64) AppleWebKit/537.36 (KHTML, like Gecko) Chrome/80.0.3987.163 Safari/537.36"
104.144.117.98 - - [19/Jun/2020:16:09:30 +0000] "GET /wp-includes/js/comment-reply.min.js?ver=5.4.2 HTTP/1.1" 200 1509 "-" "Mozilla/5.0 (Windows NT 10.0; Win64; x64; rv:74.0) Gecko/20100101 Firefox/74.0"
107.189.18.121 - - [19/Jun/2020:16:09:30 +0000] "GET /wp-content/themes/amphibious/webfonts/fa-solid-900.woff2 HTTP/1.1" 200 76373 "-" "Mozilla/5.0 (X11; Linux x86_64) AppleWebKit/537.36 (KHTML, like Gecko) Chrome/80.0.3987.163 Safari/537.36"
194.105.159.81 - - [19/Jun/2020:16:09:31 +0000] "GET / HTTP/1.1" 200 4778 "-" "Mozilla/5.0 (iPhone; CPU iPhone OS 13_3_1 like Mac OS X) AppleWebKit/605.1.15 (KHTML, like Gecko) Version/13.0.5 Mobile/15E148 Safari/604.1"
216.180.106.150 - - [19/Jun/2020:16:09:31 +0000] "GET / HTTP/1.1" 200 4722 "https://twitter.com" "Mozilla/5.0 (iPhone; CPU iPhone OS 13_3 like Mac OS X) AppleWebKit/605.1.15 (KHTML, like Gecko) Version/13.0.4 Mobile/15E148 Safari/604.1"
194.105.158.14 - - [19/Jun/2020:16:09:31 +0000] "GET / HTTP/1.1" 200 4778 "https://en.wikipedia.org/wiki/Main_Page" "Mozilla/5.0 (Windows NT 10.0; Win64; x64; rv:75.0) Gecko/20100101 Firefox/75.0"
127.0.0.1 - - [19/Jun/2020:16:09:31 +0000] "OPTIONS * HTTP/1.0" 200 126 "-" "Apache/2.4.38 (Debian) PHP/7.3.19 (internal dummy connection)"
107.189.21.118 - - [19/Jun/2020:16:09:31 +0000] "GET /wp-includes/js/jquery/jquery-migrate.min.js?ver=1.4.1 HTTP/1.1" 200 4365 "-" "Mozilla/5.0 (Windows NT 10.0; Win64; x64) AppleWebKit/537.36 (KHTML, like Gecko) Chrome/80.0.3987.163 Safari/537.36"
107.189.21.118 - - [19/Jun/2020:16:09:31 +0000] "GET /wp-content/themes/amphibious/js/enquire.js?ver=2.1.6 HTTP/1.1" 200 3321 "-" "Mozilla/5.0 (Windows NT 10.0; Win64; x64) AppleWebKit/537.36 (KHTML, like Gecko) Chrome/80.0.3987.163 Safari/537.36"
194.105.159.81 - - [19/Jun/2020:16:09:32 +0000] "GET /wp-includes/css/dist/block-library/style.min.css?ver=5.4.2 HTTP/1.1" 200 7980 "http://marshallcoders.ddns.net/" "Mozilla/5.0 (iPhone; CPU iPhone OS 13_3_1 like Mac OS X) AppleWebKit/605.1.15 (KHTML, like Gecko) Version/13.0.5 Mobile/15E148 Safari/604.1"
194.105.159.81 - - [19/Jun/2020:16:09:32 +0000] "GET /wp-content/themes/amphibious/css/bootstrap-grid.css?ver=5.4.2 HTTP/1.1" 200 8405 "http://marshallcoders.ddns.net/" "Mozilla/5.0 (iPhone; CPU iPhone OS 13_3_1 like Mac OS X) AppleWebKit/605.1.15 (KHTML, like Gecko) Version/13.0.5 Mobile/15E148 Safari/604.1"
194.105.159.81 - - [19/Jun/2020:16:09:32 +0000] "GET /wp-content/themes/amphibious/css/fontawesome-all.css?ver=5.4.2 HTTP/1.1" 200 13249 "http://marshallcoders.ddns.net/" "Mozilla/5.0 (iPhone; CPU iPhone OS 13_3_1 like Mac OS X) AppleWebKit/605.1.15 (KHTML, like Gecko) Version/13.0.5 Mobile/15E148 Safari/604.1"
194.105.159.81 - - [19/Jun/2020:16:09:32 +0000] "GET /wp-content/themes/amphibious/style.css?ver=5.4.2 HTTP/1.1" 200 15938 "http://marshallcoders.ddns.net/" "Mozilla/5.0 (iPhone; CPU iPhone OS 13_3_1 like Mac OS X) AppleWebKit/605.1.15 (KHTML, like Gecko) Version/13.0.5 Mobile/15E148 Safari/604.1"
194.105.159.81 - - [19/Jun/2020:16:09:32 +0000] "GET /wp-includes/js/jquery/jquery-migrate.min.js?ver=1.4.1 HTTP/1.1" 200 4366 "http://marshallcoders.ddns.net/" "Mozilla/5.0 (iPhone; CPU iPhone OS 13_3_1 like Mac OS X) AppleWebKit/605.1.15 (KHTML, like Gecko) Version/13.0.5 Mobile/15E148 Safari/604.1"
194.105.159.81 - - [19/Jun/2020:16:09:32 +0000] "GET /wp-includes/js/jquery/jquery.js?ver=1.12.4-wp HTTP/1.1" 200 34130 "http://marshallcoders.ddns.net/" "Mozilla/5.0 (iPhone; CPU iPhone OS 13_3_1 like Mac OS X) AppleWebKit/605.1.15 (KHTML, like Gecko) Version/13.0.5 Mobile/15E148 Safari/604.1"
144.172.104.58 - - [19/Jun/2020:16:09:32 +0000] "GET /wp-content/uploads/2020/06/cropped-untitled-2-1-32x32.png HTTP/1.1" 200 1249 "-" "Mozilla/5.0 (Windows NT 10.0; Win64; x64; rv:75.0) Gecko/20100101 Firefox/75.0"
107.189.21.118 - - [19/Jun/2020:16:09:32 +0000] "GET /wp-content/themes/amphibious/js/fitvids.js?ver=1.1 HTTP/1.1" 200 1693 "-" "Mozilla/5.0 (Windows NT 10.0; Win64; x64) AppleWebKit/537.36 (KHTML, like Gecko) Chrome/80.0.3987.163 Safari/537.36"
107.189.21.118 - - [19/Jun/2020:16:09:32 +0000] "GET /wp-content/themes/amphibious/js/hover-intent.js?ver=r7 HTTP/1.1" 200 1964 "-" "Mozilla/5.0 (Windows NT 10.0; Win64; x64) AppleWebKit/537.36 (KHTML, like Gecko) Chrome/80.0.3987.163 Safari/537.36"
107.189.21.118 - - [19/Jun/2020:16:09:32 +0000] "GET /wp-content/themes/amphibious/js/superfish.js?ver=1.7.10 HTTP/1.1" 200 2795 "-" "Mozilla/5.0 (Windows NT 10.0; Win64; x64) AppleWebKit/537.36 (KHTML, like Gecko) Chrome/80.0.3987.163 Safari/537.36"
194.105.158.14 - - [19/Jun/2020:16:09:32 +0000] "GET /wp-includes/css/dist/block-library/style.min.css?ver=5.4.2 HTTP/1.1" 200 7980 "http://marshallcoders.ddns.net/" "Mozilla/5.0 (Windows NT 10.0; Win64; x64; rv:75.0) Gecko/20100101 Firefox/75.0"
107.189.21.118 - - [19/Jun/2020:16:09:32 +0000] "GET /wp-content/themes/amphibious/js/custom.js?ver=1.0 HTTP/1.1" 200 2599 "-" "Mozilla/5.0 (Windows NT 10.0; Win64; x64) AppleWebKit/537.36 (KHTML, like Gecko) Chrome/80.0.3987.163 Safari/537.36"
194.105.158.14 - - [19/Jun/2020:16:09:32 +0000] "GET /wp-content/themes/amphibious/css/bootstrap-grid.css?ver=5.4.2 HTTP/1.1" 200 8405 "http://marshallcoders.ddns.net/" "Mozilla/5.0 (Windows NT 10.0; Win64; x64; rv:75.0) Gecko/20100101 Firefox/75.0"
194.105.158.14 - - [19/Jun/2020:16:09:32 +0000] "GET /wp-includes/js/jquery/jquery-migrate.min.js?ver=1.4.1 HTTP/1.1" 200 4366 "http://marshallcoders.ddns.net/" "Mozilla/5.0 (Windows NT 10.0; Win64; x64; rv:75.0) Gecko/20100101 Firefox/75.0"
194.105.158.14 - - [19/Jun/2020:16:09:32 +0000] "GET /wp-content/themes/amphibious/style.css?ver=5.4.2 HTTP/1.1" 200 15938 "http://marshallcoders.ddns.net/" "Mozilla/5.0 (Windows NT 10.0; Win64; x64; rv:75.0) Gecko/20100101 Firefox/75.0"
194.105.159.81 - - [19/Jun/2020:16:09:32 +0000] "GET /wp-content/themes/amphibious/js/enquire.js?ver=2.1.6 HTTP/1.1" 200 3321 "http://marshallcoders.ddns.net/" "Mozilla/5.0 (iPhone; CPU iPhone OS 13_3_1 like Mac OS X) AppleWebKit/605.1.15 (KHTML, like Gecko) Version/13.0.5 Mobile/15E148 Safari/604.1"
194.105.158.14 - - [19/Jun/2020:16:09:32 +0000] "GET /wp-content/themes/amphibious/css/fontawesome-all.css?ver=5.4.2 HTTP/1.1" 200 13249 "http://marshallcoders.ddns.net/" "Mozilla/5.0 (Windows NT 10.0; Win64; x64; rv:75.0) Gecko/20100101 Firefox/75.0"
194.105.158.14 - - [19/Jun/2020:16:09:32 +0000] "GET /wp-includes/js/jquery/jquery.js?ver=1.12.4-wp HTTP/1.1" 200 34130 "http://marshallcoders.ddns.net/" "Mozilla/5.0 (Windows NT 10.0; Win64; x64; rv:75.0) Gecko/20100101 Firefox/75.0"
194.105.159.81 - - [19/Jun/2020:16:09:32 +0000] "GET /wp-content/themes/amphibious/js/superfish.js?ver=1.7.10 HTTP/1.1" 200 2795 "http://marshallcoders.ddns.net/" "Mozilla/5.0 (iPhone; CPU iPhone OS 13_3_1 like Mac OS X) AppleWebKit/605.1.15 (KHTML, like Gecko) Version/13.0.5 Mobile/15E148 Safari/604.1"
107.189.21.118 - - [19/Jun/2020:16:09:32 +0000] "GET /wp-includes/js/wp-embed.min.js?ver=5.4.2 HTTP/1.1" 200 1118 "-" "Mozilla/5.0 (Windows NT 10.0; Win64; x64) AppleWebKit/537.36 (KHTML, like Gecko) Chrome/80.0.3987.163 Safari/537.36"
194.105.159.81 - - [19/Jun/2020:16:09:32 +0000] "GET /wp-content/themes/amphibious/js/hover-intent.js?ver=r7 HTTP/1.1" 200 1965 "http://marshallcoders.ddns.net/" "Mozilla/5.0 (iPhone; CPU iPhone OS 13_3_1 like Mac OS X) AppleWebKit/605.1.15 (KHTML, like Gecko) Version/13.0.5 Mobile/15E148 Safari/604.1"
194.105.159.81 - - [19/Jun/2020:16:09:32 +0000] "GET /wp-content/themes/amphibious/js/fitvids.js?ver=1.1 HTTP/1.1" 200 1693 "http://marshallcoders.ddns.net/" "Mozilla/5.0 (iPhone; CPU iPhone OS 13_3_1 like Mac OS X) AppleWebKit/605.1.15 (KHTML, like Gecko) Version/13.0.5 Mobile/15E148 Safari/604.1"
194.105.159.81 - - [19/Jun/2020:16:09:32 +0000] "GET /wp-content/themes/amphibious/js/custom.js?ver=1.0 HTTP/1.1" 200 2599 "http://marshallcoders.ddns.net/" "Mozilla/5.0 (iPhone; CPU iPhone OS 13_3_1 like Mac OS X) AppleWebKit/605.1.15 (KHTML, like Gecko) Version/13.0.5 Mobile/15E148 Safari/604.1"
194.105.158.14 - - [19/Jun/2020:16:09:33 +0000] "GET /wp-content/themes/amphibious/js/enquire.js?ver=2.1.6 HTTP/1.1" 200 3321 "http://marshallcoders.ddns.net/" "Mozilla/5.0 (Windows NT 10.0; Win64; x64; rv:75.0) Gecko/20100101 Firefox/75.0"
194.105.158.14 - - [19/Jun/2020:16:09:33 +0000] "GET /wp-content/themes/amphibious/js/fitvids.js?ver=1.1 HTTP/1.1" 200 1692 "http://marshallcoders.ddns.net/" "Mozilla/5.0 (Windows NT 10.0; Win64; x64; rv:75.0) Gecko/20100101 Firefox/75.0"
194.105.158.14 - - [19/Jun/2020:16:09:33 +0000] "GET /wp-content/themes/amphibious/js/hover-intent.js?ver=r7 HTTP/1.1" 200 1964 "http://marshallcoders.ddns.net/" "Mozilla/5.0 (Windows NT 10.0; Win64; x64; rv:75.0) Gecko/20100101 Firefox/75.0"
194.105.158.14 - - [19/Jun/2020:16:09:33 +0000] "GET /wp-content/themes/amphibious/js/superfish.js?ver=1.7.10 HTTP/1.1" 200 2796 "http://marshallcoders.ddns.net/" "Mozilla/5.0 (Windows NT 10.0; Win64; x64; rv:75.0) Gecko/20100101 Firefox/75.0"
194.105.158.14 - - [19/Jun/2020:16:09:33 +0000] "GET /wp-content/themes/amphibious/js/custom.js?ver=1.0 HTTP/1.1" 200 2599 "http://marshallcoders.ddns.net/" "Mozilla/5.0 (Windows NT 10.0; Win64; x64; rv:75.0) Gecko/20100101 Firefox/75.0"
194.105.158.14 - - [19/Jun/2020:16:09:33 +0000] "GET /wp-includes/js/wp-embed.min.js?ver=5.4.2 HTTP/1.1" 200 1118 "http://marshallcoders.ddns.net/" "Mozilla/5.0 (Windows NT 10.0; Win64; x64; rv:75.0) Gecko/20100101 Firefox/75.0"
107.189.21.118 - - [19/Jun/2020:16:09:33 +0000] "GET /wp-includes/js/wp-emoji-release.min.js?ver=5.4.2 HTTP/1.1" 200 5004 "-" "Mozilla/5.0 (Windows NT 10.0; Win64; x64) AppleWebKit/537.36 (KHTML, like Gecko) Chrome/80.0.3987.163 Safari/537.36"
194.105.159.81 - - [19/Jun/2020:16:09:33 +0000] "GET /wp-includes/js/wp-embed.min.js?ver=5.4.2 HTTP/1.1" 200 1118 "http://marshallcoders.ddns.net/" "Mozilla/5.0 (iPhone; CPU iPhone OS 13_3_1 like Mac OS X) AppleWebKit/605.1.15 (KHTML, like Gecko) Version/13.0.5 Mobile/15E148 Safari/604.1"
186.179.20.64 - - [19/Jun/2020:16:09:34 +0000] "GET / HTTP/1.1" 200 4778 "-" "Mozilla/5.0 (Windows NT 10.0; Win64; x64; rv:75.0) Gecko/20100101 Firefox/75.0"
194.105.159.81 - - [19/Jun/2020:16:09:34 +0000] "GET /wp-includes/js/wp-emoji-release.min.js?ver=5.4.2 HTTP/1.1" 200 5004 "http://marshallcoders.ddns.net/" "Mozilla/5.0 (iPhone; CPU iPhone OS 13_3_1 like Mac OS X) AppleWebKit/605.1.15 (KHTML, like Gecko) Version/13.0.5 Mobile/15E148 Safari/604.1"
104.233.52.178 - - [19/Jun/2020:16:09:34 +0000] "GET /comments/feed/ HTTP/1.1" 200 882 "-" "Mozilla/5.0 (Windows NT 10.0; Win64; x64) AppleWebKit/537.36 (KHTML, like Gecko) Chrome/81.0.4044.122 Safari/537.36"
194.105.158.14 - - [19/Jun/2020:16:09:34 +0000] "GET /wp-includes/js/wp-emoji-release.min.js?ver=5.4.2 HTTP/1.1" 200 5005 "http://marshallcoders.ddns.net/" "Mozilla/5.0 (Windows NT 10.0; Win64; x64; rv:75.0) Gecko/20100101 Firefox/75.0"
196.18.247.230 - - [19/Jun/2020:16:09:34 +0000] "GET /2020/06/ HTTP/1.1" 200 4832 "-" "Mozilla/5.0 (Windows NT 10.0; Win64; x64) AppleWebKit/537.36 (KHTML, like Gecko) Chrome/81.0.4044.92 Safari/537.36"
194.105.159.81 - - [19/Jun/2020:16:09:34 +0000] "GET /wp-content/themes/amphibious/webfonts/fa-solid-900.woff2 HTTP/1.1" 200 76374 "http://marshallcoders.ddns.net/wp-content/themes/amphibious/css/fontawesome-all.css?ver=5.4.2" "Mozilla/5.0 (iPhone; CPU iPhone OS 13_3_1 like Mac OS X) AppleWebKit/605.1.15 (KHTML, like Gecko) Version/13.0.5 Mobile/15E148 Safari/604.1"
104.233.52.178 - - [19/Jun/2020:16:09:35 +0000] "GET /favicon.ico HTTP/1.1" 302 432 "-" "Mozilla/5.0 (Windows NT 10.0; Win64; x64) AppleWebKit/537.36 (KHTML, like Gecko) Chrome/81.0.4044.122 Safari/537.36"
107.173.44.137 - - [19/Jun/2020:16:09:35 +0000] "GET /feed/ HTTP/1.1" 200 5418 "http://marshallcoders.ddns.net/" "Mozilla/5.0 (Windows NT 10.0; Win64; x64) AppleWebKit/537.36 (KHTML, like Gecko) Chrome/81.0.4044.113 Safari/537.36"
104.194.151.200 - - [19/Jun/2020:16:09:35 +0000] "GET /wp-content/uploads/2020/06/cropped-untitled-2-1-32x32.png HTTP/1.1" 200 1249 "-" "Mozilla/5.0 (Windows NT 10.0; Win64; x64) AppleWebKit/537.36 (KHTML, like Gecko) Chrome/81.0.4044.122 Safari/537.36"
194.105.159.81 - - [19/Jun/2020:16:09:35 +0000] "GET /wp-content/uploads/2020/06/cropped-untitled-2-1-32x32.png HTTP/1.1" 200 1248 "http://marshallcoders.ddns.net/" "Mozilla/5.0 (iPhone; CPU iPhone OS 13_3_1 like Mac OS X) AppleWebKit/605.1.15 (KHTML, like Gecko) Version/13.0.5 Mobile/15E148 Safari/604.1"
107.173.44.137 - - [19/Jun/2020:16:09:36 +0000] "GET /favicon.ico HTTP/1.1" 302 377 "http://marshallcoders.ddns.net/feed/" "Mozilla/5.0 (Windows NT 10.0; Win64; x64) AppleWebKit/537.36 (KHTML, like Gecko) Chrome/81.0.4044.113 Safari/537.36"
194.105.158.14 - - [19/Jun/2020:16:09:35 +0000] "GET /wp-content/themes/amphibious/webfonts/fa-solid-900.woff2 HTTP/1.1" 200 76373 "http://marshallcoders.ddns.net/wp-content/themes/amphibious/css/fontawesome-all.css?ver=5.4.2" "Mozilla/5.0 (Windows NT 10.0; Win64; x64; rv:75.0) Gecko/20100101 Firefox/75.0"
107.189.21.118 - - [19/Jun/2020:16:09:37 +0000] "GET /wp-content/themes/amphibious/style.css?ver=5.4.2 HTTP/1.1" 200 15937 "-" "Mozilla/5.0 (Windows NT 10.0; Win64; x64) AppleWebKit/537.36 (KHTML, like Gecko) Chrome/80.0.3987.163 Safari/537.36"
127.0.0.1 - - [19/Jun/2020:16:09:37 +0000] "OPTIONS * HTTP/1.0" 200 126 "-" "Apache/2.4.38 (Debian) PHP/7.3.19 (internal dummy connection)"
196.18.247.230 - - [19/Jun/2020:16:09:30 +0000] "GET /wp-content/themes/amphibious/webfonts/fa-solid-900.woff2 HTTP/1.1" 200 76373 "-" "Mozilla/5.0 (Macintosh; Intel Mac OS X 10_15_4) AppleWebKit/537.36 (KHTML, like Gecko) Chrome/80.0.3987.163 Safari/537.36"
181.177.74.167 - - [19/Jun/2020:16:09:38 +0000] "GET /2020/06/18/the-one-click-process-to-automate-any-application-from-commit-to-deployment-using-docker/ HTTP/1.1" 200 7971 "-" "Mozilla/5.0 (Windows NT 10.0; Win64; x64) AppleWebKit/537.36 (KHTML, like Gecko) Chrome/80.0.3987.149 Safari/537.36"
107.183.117.219 - - [19/Jun/2020:16:09:38 +0000] "GET / HTTP/1.1" 200 4722 "https://twitter.com" "Mozilla/5.0 (Windows NT 10.0; Win64; x64; rv:75.0) Gecko/20100101 Firefox/75.0"
107.178.110.166 - - [19/Jun/2020:16:09:38 +0000] "GET /2020/06/18/celebrity-face-recognition-using-transfer-learning/ HTTP/1.1" 200 7574 "http://marshallcoders.ddns.net/" "Mozilla/5.0 (Windows NT 10.0; Win64; x64) AppleWebKit/537.36 (KHTML, like Gecko) Chrome/81.0.4044.113 Safari/537.36"
181.177.74.167 - - [19/Jun/2020:16:09:38 +0000] "GET /wp-includes/js/comment-reply.min.js?ver=5.4.2 HTTP/1.1" 200 1509 "-" "Mozilla/5.0 (Windows NT 10.0; Win64; x64) AppleWebKit/537.36 (KHTML, like Gecko) Chrome/80.0.3987.149 Safari/537.36"
127.0.0.1 - - [19/Jun/2020:16:09:38 +0000] "OPTIONS * HTTP/1.0" 200 126 "-" "Apache/2.4.38 (Debian) PHP/7.3.19 (internal dummy connection)"
107.189.21.118 - - [19/Jun/2020:16:09:39 +0000] "GET /wp-content/themes/amphibious/webfonts/fa-solid-900.woff2 HTTP/1.1" 200 76373 "-" "Mozilla/5.0 (Windows NT 10.0; Win64; x64) AppleWebKit/537.36 (KHTML, like Gecko) Chrome/80.0.3987.163 Safari/537.36"
107.178.110.166 - - [19/Jun/2020:16:09:38 +0000] "GET /wp-content/uploads/2020/06/0PWRxTJ8SlDZiDVEh.jpg HTTP/1.1" 200 81308 "http://marshallcoders.ddns.net/2020/06/18/celebrity-face-recognition-using-transfer-learning/" "Mozilla/5.0 (Windows NT 10.0; Win64; x64) AppleWebKit/537.36 (KHTML, like Gecko) Chrome/81.0.4044.113 Safari/537.36"
107.178.110.166 - - [19/Jun/2020:16:09:39 +0000] "GET /wp-includes/js/comment-reply.min.js?ver=5.4.2 HTTP/1.1" 200 1510 "http://marshallcoders.ddns.net/2020/06/18/celebrity-face-recognition-using-transfer-learning/" "Mozilla/5.0 (Windows NT 10.0; Win64; x64) AppleWebKit/537.36 (KHTML, like Gecko) Chrome/81.0.4044.113 Safari/537.36"
162.244.146.46 - - [19/Jun/2020:16:09:39 +0000] "GET / HTTP/1.1" 200 4722 "https://www.facebook.com" "Mozilla/5.0 (Windows NT 10.0; Win64; x64) AppleWebKit/537.36 (KHTML, like Gecko) Chrome/81.0.4044.122 Safari/537.36"
127.0.0.1 - - [19/Jun/2020:16:09:39 +0000] "OPTIONS * HTTP/1.0" 200 126 "-" "Apache/2.4.38 (Debian) PHP/7.3.19 (internal dummy connection)"
196.16.178.46 - - [19/Jun/2020:16:09:40 +0000] "GET /2020/06/18/celebrity-face-recognition-using-transfer-learning/ HTTP/1.1" 200 7574 "-" "Mozilla/5.0 (Windows NT 10.0; Win64; x64) AppleWebKit/537.36 (KHTML, like Gecko) Chrome/80.0.3987.163 Safari/537.36"
107.189.21.118 - - [19/Jun/2020:16:09:40 +0000] "GET /category/uncategorized/ HTTP/1.1" 200 4860 "-" "Mozilla/5.0 (X11; Linux x86_64) AppleWebKit/537.36 (KHTML, like Gecko) Chrome/81.0.4044.113 Safari/537.36"
127.0.0.1 - - [19/Jun/2020:16:09:40 +0000] "OPTIONS * HTTP/1.0" 200 126 "-" "Apache/2.4.38 (Debian) PHP/7.3.19 (internal dummy connection)"
196.16.178.46 - - [19/Jun/2020:16:09:40 +0000] "GET /wp-content/uploads/2020/06/0PWRxTJ8SlDZiDVEh.jpg HTTP/1.1" 200 81308 "-" "Mozilla/5.0 (Windows NT 10.0; Win64; x64) AppleWebKit/537.36 (KHTML, like Gecko) Chrome/80.0.3987.163 Safari/537.36"
196.16.178.46 - - [19/Jun/2020:16:09:41 +0000] "GET /wp-includes/js/comment-reply.min.js?ver=5.4.2 HTTP/1.1" 200 1509 "-" "Mozilla/5.0 (Windows NT 10.0; Win64; x64) AppleWebKit/537.36 (KHTML, like Gecko) Chrome/80.0.3987.163 Safari/537.36"
127.0.0.1 - - [19/Jun/2020:16:09:41 +0000] "OPTIONS * HTTP/1.0" 200 126 "-" "Apache/2.4.38 (Debian) PHP/7.3.19 (internal dummy connection)"
172.86.105.61 - - [19/Jun/2020:16:09:42 +0000] "GET / HTTP/1.1" 200 4778 "-" "Mozilla/5.0 (Windows NT 10.0; Win64; x64; rv:74.0) Gecko/20100101 Firefox/74.0"
127.0.0.1 - - [19/Jun/2020:16:09:42 +0000] "OPTIONS * HTTP/1.0" 200 126 "-" "Apache/2.4.38 (Debian) PHP/7.3.19 (internal dummy connection)"
172.86.105.61 - - [19/Jun/2020:16:09:43 +0000] "GET /wp-includes/css/dist/block-library/style.min.css?ver=5.4.2 HTTP/1.1" 200 7979 "-" "Mozilla/5.0 (Windows NT 10.0; Win64; x64; rv:74.0) Gecko/20100101 Firefox/74.0"
172.86.105.61 - - [19/Jun/2020:16:09:43 +0000] "GET /wp-content/themes/amphibious/css/bootstrap-grid.css?ver=5.4.2 HTTP/1.1" 200 8404 "-" "Mozilla/5.0 (Windows NT 10.0; Win64; x64; rv:74.0) Gecko/20100101 Firefox/74.0"
196.18.247.230 - - [19/Jun/2020:16:09:43 +0000] "GET /wp-content/uploads/2020/06/cropped-untitled-2-1-32x32.png HTTP/1.1" 200 1249 "-" "Mozilla/5.0 (Macintosh; Intel Mac OS X 10_15_4) AppleWebKit/537.36 (KHTML, like Gecko) Chrome/80.0.3987.163 Safari/537.36"
127.0.0.1 - - [19/Jun/2020:16:09:43 +0000] "OPTIONS * HTTP/1.0" 200 126 "-" "Apache/2.4.38 (Debian) PHP/7.3.19 (internal dummy connection)"
172.86.105.61 - - [19/Jun/2020:16:09:43 +0000] "GET /wp-content/themes/amphibious/css/fontawesome-all.css?ver=5.4.2 HTTP/1.1" 200 13248 "-" "Mozilla/5.0 (Windows NT 10.0; Win64; x64; rv:74.0) Gecko/20100101 Firefox/74.0"
172.86.105.61 - - [19/Jun/2020:16:09:44 +0000] "GET /wp-content/themes/amphibious/style.css?ver=5.4.2 HTTP/1.1" 200 15937 "-" "Mozilla/5.0 (Windows NT 10.0; Win64; x64; rv:74.0) Gecko/20100101 Firefox/74.0"
64.187.236.19 - - [19/Jun/2020:16:09:44 +0000] "GET /comments/feed/ HTTP/1.1" 200 882 "http://marshallcoders.ddns.net/" "Mozilla/5.0 (Macintosh; Intel Mac OS X 10.15; rv:75.0) Gecko/20100101 Firefox/75.0"
127.0.0.1 - - [19/Jun/2020:16:09:44 +0000] "OPTIONS * HTTP/1.0" 200 126 "-" "Apache/2.4.38 (Debian) PHP/7.3.19 (internal dummy connection)"
172.86.105.61 - - [19/Jun/2020:16:09:44 +0000] "GET /wp-content/themes/amphibious/js/enquire.js?ver=2.1.6 HTTP/1.1" 200 3321 "-" "Mozilla/5.0 (Windows NT 10.0; Win64; x64; rv:74.0) Gecko/20100101 Firefox/74.0"
172.86.105.61 - - [19/Jun/2020:16:09:45 +0000] "GET /wp-content/themes/amphibious/js/fitvids.js?ver=1.1 HTTP/1.1" 200 1692 "-" "Mozilla/5.0 (Windows NT 10.0; Win64; x64; rv:74.0) Gecko/20100101 Firefox/74.0"
